04-26 11:50:54.629  5294  5294 D ResourcesManagerExtImpl: applyConfigurationToAppResourcesLocked app.getDisplayId() return callback.displayId:0
04-26 11:50:54.630  5294  5294 I OplusObserver: SplitScreenManager-SplitScreenModeCache observed data onChanged, but nothing actually changed
04-26 11:50:54.630  9871  9871 D ClockTag_ClockWidget.WidgetLauncherStateReceiver: onReceive action=com.android.launcher.action.LAUNCHER_VISIBLE
04-26 11:50:54.630  3393  8235 I BLASTSyncEngine: onCommitted syncId: 1446, timeout: false ran: false
04-26 11:50:54.630  3393  5196 D OplusAppSwitchRuleInfo: generateAppEnterInfo - launch_source_type =  , launch_source_traceid = 
04-26 11:50:54.630  3393  8226 V WindowManager: Relayout Window{8887c79 u0 com.android.launcher/com.android.launcher.Launcher}: viewVisibility=0, oldvis=0, req=1080x2376 , apr = 0, vsysui=LAYOUT_STABLE LAYOUT_HIDE_NAVIGATION LAYOUT_FULLSCREEN, x=0, y=0
04-26 11:50:54.630  5949  5979 W Battery : AppSwitchDetectorV2: OnAppSwitchObserver: onAppExit , info = OplusAppExitInfo = {  targetName = com.openautolink.companion hasResumingActivity = true resumingPackageName = com.android.launcher resumingActivityName = com.android.launcher.Launcher resumingWindowMode = 1 isResumingMultiApp = false isResumingFirstStart = false extension = Bundle[mParcelledData.dataSize=620]} lastReg=1777211979581
04-26 11:50:54.630  5949  5979 W Battery : AppSwitchManager: onAppSwitch: [m4.o$d@b3831a0]
04-26 11:50:54.630  3393  5196 D OplusEapManager: mTargetEnterName :com.android.launcher
04-26 11:50:54.630  3393  5196 D OplusLatencyOptimizerManager: enter pkg: com.android.launcher isPrevBlackAppTop: false mIsBlackAppTop: false
04-26 11:50:54.630  6394  9415 D OplusAtlas.OplusAudioScene: callback success event:atlas_event_on_foreground_activities_changed eventInfo:pid:5294,uid:10259,hasForegroundActivities:1
04-26 11:50:54.630  3393  5196 I OplusHansManager : appSwitch from com.openautolink.companion to com.android.launcher, pre resume pkg:null
04-26 11:50:54.631  3393  3626 D VRR [OPlusRefreshRateService]: handleFrontAppChange pkgName: com.android.launcher
04-26 11:50:54.631  3393  8226 D DisplayManagerService: performTraversalInternal pendingTraversal
04-26 11:50:54.631  3393  8226 D DisplayDevice: setLayerStackLocked id=local:4630946756802996883 token=android.os.BinderProxy@6b82e2b stack=0->0
04-26 11:50:54.631  3393  3626 D VRR [OPlusSAManager]: updateAutoMinfps for 4630946756802996883 with nits: 399.54022, mHistOK true, mAmbientOK true, mCctOK true, mIrOK true, mBrightnessOK true, isPkgOK true, SA min fps: 89
04-26 11:50:54.631  3393  8260 V WindowManager: Relayout Window{b88eaa6 u0 com.google.android.googlequicksearchbox}: viewVisibility=0, oldvis=8, req=1080x2376 , apr = 0, vsysui=
04-26 11:50:54.631  3393  5196 D OplusWifiPower_TriggerCenter: mComponentCallback: fgapplist
04-26 11:50:54.631  3393  5196 D OplusAppSwitchRuleInfo: generateAppEnterInfo - launch_source_type =  , launch_source_traceid = 
04-26 11:50:54.631  4925  4925 I PluginSeedling--Origin: LiveAlertInteractorImpl-->notifyEntryDataChanged ENTRY_STATUS_BAR, result:, noe: false
04-26 11:50:54.631  3393  5196 D OplusAppSwitchRuleInfo: generateAppEnterInfo - launch_source_type =  , launch_source_traceid = 
04-26 11:50:54.631  4925  4925 I PluginSeedling--Origin: LiveAlertInteractorImpl-->notifyEntryDataChanged ENTRY_NOTIFICATION, result:, noe: false
04-26 11:50:54.631  4925  4925 I PluginSeedling--Notification: NotificationRepository-->onDataChanged, []
04-26 11:50:54.631  3393  5196 D OplusAppSwitchRuleInfo: generateAppEnterInfo - launch_source_type =  , launch_source_traceid = 
04-26 11:50:54.631  3393  5196 D OplusAppSwitchRuleInfo: generateAppEnterInfo - launch_source_type =  , launch_source_traceid = 
04-26 11:50:54.631  3393  8260 D DisplayManagerService: performTraversalInternal pendingTraversal
04-26 11:50:54.631  3393  8260 D DisplayDevice: setLayerStackLocked id=local:4630946756802996883 token=android.os.BinderProxy@6b82e2b stack=0->0
04-26 11:50:54.631  3393  6549 D FlexibleTaskController: hideZoomWindow flag = 12 ,caller = 5294
04-26 11:50:54.631  3393  6549 D FlexibleTaskController: hideZoomWindow
04-26 11:50:54.631  3393  8260 D WindowManager: relayoutVisibleWindow win:Window{b88eaa6 u0 com.google.android.googlequicksearchbox} set mDestroying = false  DestroySavedSurface remove
04-26 11:50:54.631  3393  5196 D OplusAppSwitchRuleInfo: generateAppEnterInfo - launch_source_type =  , launch_source_traceid = 
04-26 11:50:54.631  3393  8260 D WindowManager: attachImeScreenshotOnTargetIfNeeded, mImeHiding = false, requestedVisibleTypes = -9
04-26 11:50:54.632  3393  5196 D OplusAppSwitchRuleInfo: generateAppEnterInfo - launch_source_type =  , launch_source_traceid = 
04-26 11:50:54.632  3393  8239 I VibratorManagerServiceExtImpl: cancelVibrate uid=10262, pid=4925, usageFilter=-1, token=67977435
04-26 11:50:54.632  3393  5196 D OplusAppSwitchRuleInfo: generateAppEnterInfo - launch_source_type =  , launch_source_traceid = 
04-26 11:50:54.632  3393  5196 D OplusAppSwitchRuleInfo: generateActivityEnterInfo - launch_source_type =  , launch_source_traceid = 
04-26 11:50:54.632  3393  5196 D OplusAppSwitchRuleInfo: generateActivityEnterInfo - launch_source_type =  , launch_source_traceid = 
04-26 11:50:54.632  3393  5196 D OplusAppSwitchRuleInfo: generateActivityEnterInfo - launch_source_type =  , launch_source_traceid = 
04-26 11:50:54.632  3393  5196 D OplusAppSwitchRuleInfo: generateActivityEnterInfo - launch_source_type =  , launch_source_traceid = 
04-26 11:50:54.632 25689 25689 W VRI[googlequicksearchbox]: updateBlastSurfaceIfNeeded, surfaceSize:Point(1080, 2376), lastSurfaceSize:Point(1080, 2376), format:-2, blastBufferQueue:null
04-26 11:50:54.632  5223  5245 I Athena  : AthenaDynamicReceiver: pre_app:com.openautolink.companion, next_app:com.android.launcher(10259|5294)
04-26 11:50:54.632 25689 25689 D BufferQueueConsumer: [](id:645900000034,api:0,p:-1,c:25689) connect: controlledByApp=false
04-26 11:50:54.632 25689 25689 D BufferQueueConsumer: [VRI[googlequicksearchbox]#52(BLAST Consumer)52](id:645900000034,api:0,p:-1,c:25689) setMaxAcquiredBufferCount: 2
04-26 11:50:54.632  4718 17928 V DCSEX-AppSwitchManager: OnAppSwitchObserver: onAppExit, resuming = com.android.launcher, target = com.openautolink.companion, is ResumingFirstStart =  false, is ResumingMultiApp =  false, extensionInfo =  Bundle[mParcelledData.dataSize=620]
04-26 11:50:54.632  4718 17928 V DCSEX-AppSwitchManager: OnAppSwitchObserver: onAppEnter, launchedFrom =  com.google.android.apps.wellbeing, target =  com.android.launcher, is firstStart =  false, is multiApp =  false, extensionInfo =  Bundle[mParcelledData.dataSize=1000], launch_source_type =  , launch_source_traceid =  
04-26 11:50:54.632  3393  3567 V WindowManager: Sent Transition (#1446) createdAt=04-26 11:50:54.604
04-26 11:50:54.633  3393  3567 V WindowManager:     startWCT=WindowContainerTransaction { changes= {} hops= [{pendingIntent: options=Bundle[{android.activity.splashScreenStyle=-1, android.activity.sourceInfo=android.app.ActivityOptions$SourceInfo@82d3e14, deviceintegration:remotetask.launchOption=-1, android:activity.animAbortListener=null, trigger_preBoot_limit_size=-1, androidx.activity.extra=Bundle[{flexibleStartFrom=}], android.activity.transientLaunch=true, android:activity.mZoomLaunchFlags=0}]}] errorCallbackToken=null taskFragmentOrganizer=null }
04-26 11:50:54.633  3393  3567 V WindowManager:     info={id=1446 t=TO_FRONT f=0x80 trk=0 r=[0@Point(0, 0)] c=[
04-26 11:50:54.633  3393  3567 V WindowManager:         {WCT{RemoteToken{1356b48 Task{3a7d194 #1 type=home}}} m=TO_FRONT f=SHOW_WALLPAPER|MOVE_TO_TOP leash=Surface(name=Task=1)/@0x70e11eb sb=Rect(0, 0 - 1080, 2376) eb=Rect(0, 0 - 1080, 2376) epz=Point(1080, 2376) d=0 taskParent=-1},
04-26 11:50:54.633  3393  3567 V WindowManager:         {WCT{RemoteToken{b68e414 Task{47d7bb4 #281 type=standard A=10511:com.openautolink.companion}}} m=TO_BACK f=NONE leash=Surface(name=Task=281)/@0x57cfdd3 sb=Rect(0, 0 - 1080, 2376) eb=Rect(0, 0 - 1080, 2376) epz=Point(1080, 2376) d=0 taskParent=-1},
04-26 11:50:54.633  3393  3567 V WindowManager:         {m=TO_FRONT f=IS_WALLPAPER leash=Surface(name=WallpaperWindowToken{7651ebc showWhenLocked=false})/@0x1f53a27 sb=Rect(0, 0 - 1080, 2376) eb=Rect(0, 0 - 1080, 2376) epz=Point(1080, 2376) d=0}
04-26 11:50:54.633  3393  3567 V WindowManager:     ] 
04-26 11:50:54.633  3393  3567 V WindowManager: extendInfo=[
04-26 11:50:54.633  3393  3567 V WindowManager:  OplusTransitionExtendedInfo{mTmpFinishT=null, mInOplusCompatMode=false, mIsProcessRunning=true, mHasMismatchBoundsTarget=false, mRecentsController=null, mRemoteTransition=null, mIsTranslucentActivityToHome=false, mAvoidInterceptKeyEventToHome=false, mIsFromHome=false, mParentLeash=null, mBackAnimClosingLeash=null, mIsOplusAnimRes=false, mKeepBgForContinuous=false, mIsBalAllow=false, mTaskNotInRecent=false, mIsPredictiveBackAnim=false, mIsMergedWithPredictive=false, mIsLaunchFromSpruce=false, mIsLaunchFromDrive=false, mGlobalSearchPageSwitch=false, mNeedNoAlphaGlobalSearchScene=false, mAssistScreenShowing=false, mSwipeUpBrowserScreenShowing=false, mUserIdTransition=0
04-26 11:50:54.633  3393  3567 V WindowManager: , mInRemoteScene=false, mInPreReady=false, mPreStart=false, mToken=null, mAbortByRemoteFromHome=false, mShellApplyToken=null, mRequestTransitionTaskId=-1, mAbortTransitionOnShell=0, mStartFromShortcut=false, mRemovedTaskId=-1, mTransitionInterruptType=0, mMergeSecondTaskId=-1, mTaskIdStartFromRecents=0, mTransitionId=1446, mCanUseSpringSlideAnim=false, mTransitionLaunchFrom=0, mFoldChangeType=-1, mAnimStartingPosition=[0, 0, 0, 0], mIsOpeningStkDialogActivity=false, mSecondaryHomeToFrontWhenUnFolding=false, mIsNeedApplyStartTForEmbedded=false
04-26 11:50:54.633  3393  3567 V WindowManager: , mNeedCanvasExitAnim=false, mMergeSecondTaskAnimation=false, mIsLaunchUnityStart=false, mIsLaunchFromAssistantByDefault=false, mSkipRemoteTransitionfalse, mIsStartFromKeyguard=false flags=0x0, mWCT=null, mIsOpenMergeToInValidPredictive=false, mPromoteTaskWhenKeyguard-1, mRootLayerZOrderArray={}}]}
04-26 11:50:54.633  4718 29116 D DCSEX-AppLaunchEventRecorder: onAppSwitch from = com.openautolink.companion to = com.android.launcher
04-26 11:50:54.633  4718 29116 D DCSEX-AppLaunchEventRecorder: recordExitApp = com.openautolink.companion
04-26 11:50:54.633 25689 25747 D BufferQueueProducer: [VRI[googlequicksearchbox]#52(BLAST Consumer)52](id:645900000034,api:1,p:25689,c:25689) connect: api=1 producerControlledByApp=true
04-26 11:50:54.633 24841 24852 I EFFECT_TOUCH_SERVICE:          onAppEnter --     , pkgName: com.android.launcher, activityName: , windowmode: 1
04-26 11:50:54.633  3393  6548 D TaskSnapshotCache: putSnapshot mRunningCache top= ActivityRecord{210531499 u0 com.openautolink.companion/.MainActivity t281}, mTaskId=281, snapshot=TaskSnapshot{ mId=1777229454623 mCaptureTime=69035699736647 mTopActivityComponent=com.openautolink.companion/.MainActivity mSnapshot=android.hardware.HardwareBuffer@ba5b6bd (1080x2376) mColorSpace=sRGB IEC61966-2.1 (id=0, model=RGB) mOrientation=1 mRotation=0 mTaskSize=Point(1080, 2376) mOplusCompatMode=false mTopActivityBounds=[0,0][1080,2376] mHasDimLayer=false mContentInsets=[0,120][0,42] mLetterboxInsets=[0,0][0,0] mIsLowResolution=false mIsRealSnapshot=true mWindowingMode=1 mAppearance=0 mIsTranslucent=false mHasImeSurface=false mInternalReferences=2 mUiMode=21, mAppIdMap size= 17
04-26 11:50:54.634  5949  5979 W Battery : ThermalControlUtils: mForegroundPkg=com.android.launcher mLastWindowMode=1
04-26 11:50:54.634  5294  5602 W System.err: java.lang.NoSuchFieldException: No field mSnapshotBundle in class Landroid/window/TaskSnapshot; (declaration of 'android.window.TaskSnapshot' appears in /system/framework/framework.jar!classes5.dex)
04-26 11:50:54.634  5294  5602 W System.err: 	at java.lang.Class.getDeclaredField(Native Method)
04-26 11:50:54.634  5294  5602 W System.err: 	at com.oplus.basecommon.util.ReflectUtil.getFieldValue(SourceFile:4)
04-26 11:50:54.634  5294  5602 W System.err: 	at com.oplus.basecommon.util.ReflectUtil.getFieldValue(SourceFile:1)
04-26 11:50:54.634  5294  5602 W System.err: 	at com.oplus.basecommon.util.ReflectUtil.getRefBundle(Unknown Source:0)
04-26 11:50:54.634  5294  5602 W System.err: 	at com.android.systemui.shared.recents.model.ThumbnailData.<init>(SourceFile:31)
04-26 11:50:54.634  5294  5602 W System.err: 	at com.android.quickstep.OplusTaskThumbnailCacheImpl.getThumbnailDateFromCache(Unknown Source:145)
04-26 11:50:54.634  5294  5602 W System.err: 	at com.android.quickstep.OplusTaskThumbnailCacheImpl.access$getThumbnailDateFromCache(Unknown Source:0)
04-26 11:50:54.634  5294  5602 W System.err: 	at com.android.quickstep.OplusTaskThumbnailCacheImpl$updateThumbnailInBackground$request$1.getResultOnBg(SourceFile:2)
04-26 11:50:54.634  5294  5602 W System.err: 	at com.android.quickstep.OplusTaskThumbnailCacheImpl$updateThumbnailInBackground$request$1.getResultOnBg(SourceFile:1)
04-26 11:50:54.634  5294  5602 W System.err: 	at com.android.quickstep.util.CancellableTask.run(Unknown Source:9)
04-26 11:50:54.634  5294  5602 W System.err: 	at android.os.Handler.handleCallback(Handler.java:1027)
04-26 11:50:54.634  5294  5602 W System.err: 	at android.os.Handler.dispatchMessage(Handler.java:108)
04-26 11:50:54.634  5294  5602 W System.err: 	at android.os.Looper.loopOnce(Looper.java:302)
04-26 11:50:54.634  5294  5602 W System.err: 	at android.os.Looper.loop(Looper.java:412)
04-26 11:50:54.634  5294  5602 W System.err: 	at android.os.HandlerThread.run(HandlerThread.java:85)
04-26 11:50:54.634 25689 25689 I SurfaceControl:  setExtendedRangeBrightness sc=Surface(name=com.google.android.googlequicksearchbox)/@0x5ae40af,currentBufferRatio=1.0,desiredRatio=1.0
04-26 11:50:54.634  5294  5294 D AnimSeqTimeStamp: getTimeGapToLastStartAppTime: 46662988
04-26 11:50:54.634  5294  5294 D OplusRecentsView: onPageBeginTransition; springAnimToRecent:false; mIsLayoutValid:false; canRequestLayoutInSpringAnimToRecent:false
04-26 11:50:54.635  9871  9907 D ClockTag_WidgetUtils: hasAlreadyAddedWorldClockWidget false
04-26 11:50:54.635  5949  5979 W Battery : StateManager: getAppType com.android.launcher, last=1777229172290
04-26 11:50:54.635  9871  9907 D ClockTag_Utils: isKeyguardLock: false
04-26 11:50:54.635  9871  9907 D ClockTag_WidgetStartUtils: Starting handleAlarmFix
04-26 11:50:54.635  9871  9907 D ClockTag_WidgetStartUtils: Finished handleAlarmFix
04-26 11:50:54.635  9871  9907 D ClockTag_WidgetStartUtils: onReceive : haveNoWidget = true
04-26 11:50:54.635  5949  5979 W Battery : ThermalControllerCenter: mSafetyState=10000,  mSafetyTestConfigList=01111,10111,11011,11101,11110,00111,01011,01101,01110,10011,10101,10110,11001,11010,11100,11111
04-26 11:50:54.635 24813 24831 D SceneSDK.1.0.4-SNAPSHOT.24813.DeepThinkerAppSwitchAbility: onAppSwitchEvent: AppSwitchEvent(timeStamp=1777229454634, eventType=2, targetName=com.openautolink.companion, firstStart=false, multiApp=false, windowMode=0, resumingPackageName=com.android.launcher, resumingActivityName=com.android.launcher.Launcher, isResumingMultiApp=false, isResumingFirstStart=false)
04-26 11:50:54.635 24813 24831 I metis_v2_AppSwitchDataCollector: AppExitEvent =  com.openautolink.companion, NextAppName = com.android.launcher [Metis|com.oplus.metis|2.0.20-aa39d14]
04-26 11:50:54.634  3393  3571 D WallpaperControllerExtImpl: w: Window{8887c79 u0 com.android.launcher/com.android.launcher.Launcher} in transientLauncher can as wallpaper target ingonre drawn state
04-26 11:50:54.635  5294  5612 D OplusBaseInputConsumerController: setKeyEventListener(), listener: androidx.compose.animation.g@fbbce44
04-26 11:50:54.635  3393  4554 D BackgroundInstallControlService: Package event received: 0
04-26 11:50:54.636  3393  3571 D DisplayManagerService: performTraversalInternal pendingTraversal
04-26 11:50:54.636  3393  3571 D DisplayDevice: setLayerStackLocked id=local:4630946756802996883 token=android.os.BinderProxy@6b82e2b stack=0->0
04-26 11:50:54.636  3393  3624 D OplusFeatureDMR[display=0]: onConfigChanged threadId=71 threadName=OplusDisplayWorkHandler physicalDisplayId=4630946756802996883 modeId=4  
04-26 11:50:54.636  3393  8260 D OplusWindowAnimationManager: setInputConsumerEnabled from launcher enabled=true last=false
04-26 11:50:54.636  4925  4991 V ShellRecents: [25035805] RecentsController.setInputConsumerEnabled: set focus to recents
04-26 11:50:54.636  5949  5979 W Battery : ThermalControllHandler: tempLevel=[1],userMode=2,gameUserMode=7,appType=-1,envTempType=0,appStates=[],appSwitchSafetyMode=true,split=[],float={},full=[com.android.launcher], tempGear=[1],configItemName=common_config
04-26 11:50:54.636  3393  8260 D ActivityTaskManager: onWindowFocusChanged Task{ee60308 #3 type=home I=com.android.launcher/.Launcher} would transfer to compact
04-26 11:50:54.636  3393  8260 D ActivityTaskManager: NFW_setLastResumedActivityUncheckLocked:true r:ActivityRecord{117790975 u0 com.android.launcher/.Launcher t3} currentFocus:Window{2d1c9d0 u0 com.openautolink.companion/com.openautolink.companion.MainActivity}
04-26 11:50:54.636  3393  8260 D QuickBackInputPolicy: hasMultiChildrenInTask: false
04-26 11:50:54.636  3393  8260 D WindowManager: NFW_findFocusedWindowIfNeeded:Window{8887c79 u0 com.android.launcher/com.android.launcher.Launcher} mCurrentFocus:Window{2d1c9d0 u0 com.openautolink.companion/com.openautolink.companion.MainActivity}
04-26 11:50:54.637  3393  8260 V WindowManager: Changing focus from Window{2d1c9d0 u0 com.openautolink.companion/com.openautolink.companion.MainActivity} to Window{8887c79 u0 com.android.launcher/com.android.launcher.Launcher},diplayid=0
04-26 11:50:54.637  3393  3626 D VRR [OPlusSurfaceFlingerController]:  setComplexSceneEnable : false
04-26 11:50:54.637  5949  6249 W Battery : ThermalControllHandler: MSG_THERMAL_CONTROL_CATEGORY_CHANGED
04-26 11:50:54.637  5949 23681 W Battery : AppSceneCenter: PerfPolicy not enable!
04-26 11:50:54.637  3393  6452 I OStatsManager_Calc: add screen power pkgName = com.openautolink.companion, uid = 10511, power = 967.9114200025797, is Fg = true, fore size = 1, mScale = 1.0
04-26 11:50:54.637  3393  6452 I OStatsManager_Calc: noteBeforePkgSwitch change = true, curTime = 69035700, com.android.launcher, fg = false
04-26 11:50:54.637  3393  6452 I OStatsManager_OplusBatteryStatsManager: updateStateTime: PkgName = com.android.launcher, uid = 10259, state to fg, mForegroundCnt = 1, isFg = true
04-26 11:50:54.637  3393  6452 I OStatsManager_OplusBatteryStatsManager: notePkgForeground [com.openautolink.companion10511, com.android.launcher10259], uid = 10259, pid = 5294, pkgName = com.android.launcher
04-26 11:50:54.637  3393  8239 W Biometrics/FingerprintProvider/FingerprintServiceProviderExtImpl: [hideFingerprintIcon] client does not meet the requirements: null
04-26 11:50:54.638  3393  8260 D Theia.NoFocusWindow: FocusWindowErrorScene cancelCheckFreezeScreen
04-26 11:50:54.638  3393  8260 W TheiaWindowMonitor: [check] focusedWindow is null or enable is false
04-26 11:50:54.638  9871  9871 D ClockTag_AlarmClockApplication: onTrimMemory: 40
04-26 11:50:54.638  1841  1872 E statsd  : Stats puller failed for tag: 150134 at 69035692450865
04-26 11:50:54.639  1986  2514 D SDM     : HWDeviceDRM::SetupAtomic: APUIR: m_isswitchfps 0
04-26 11:50:54.639  3393  3570 D FlexibleTaskController: check task which not have enough child, isInSingleWhiteList:false isCloneTask:false
04-26 11:50:54.639  3393  4907 I [UAH_CLIENT]: UahEventAcquire, cmdid:68, pkg:none, identity:OplusUAwareInputHelper
04-26 11:50:54.640 25689 25747 D BLASTBufferQueue: [VRI[googlequicksearchbox]#52](f:0,a:1) acquireNextBufferLocked size=1080x2376 mFrameNumber=1 applyTransaction=true mTimestamp=46662993989386(auto) mPendingTransactions.size=0 graphicBufferId=110333414867156 transform=0
04-26 11:50:54.640 25689 25747 D VRI[googlequicksearchbox]: Received frameCommittedCallback lastAttemptedDrawFrameNum=1 didProduceBuffer=true syncBuffer=false
04-26 11:50:54.641 25689 25689 D VRI[googlequicksearchbox]: draw finished. seqId=0
04-26 11:50:54.641  3393  8241 I WindowManager: Window{b88eaa6 u0 com.google.android.googlequicksearchbox} state from DRAW_PENDING to COMMIT_DRAW_PENDING; reason: finishDrawingLocked
04-26 11:50:54.641  3393  8220 W SurfaceFlingerPuller: Failed to pull atom 150119 from surfaceflinger. Success is 0, binder status is EX_NONE
04-26 11:50:54.641  1841  1872 E statsd  : Gauge Stats puller failed for tag: 150119 at 69035692450865
04-26 11:50:54.642  3393  8235 I VibratorManagerServiceExtImpl: cancelVibrate uid=10262, pid=4925, usageFilter=-1, token=67977435
04-26 11:50:54.642  1841  1872 I statsd  : An anomaly (104240000001) (42)0x10000->10259[I] (42)0x20000->com.android.launcher[S] (42)0x30000->.Launcher[S]  has occurred! Informing subscribers.
04-26 11:50:54.642  3393  3571 I WindowManager: Window{b88eaa6 u0 com.google.android.googlequicksearchbox} state from COMMIT_DRAW_PENDING to READY_TO_SHOW; reason: commitFinishDrawingLocked
04-26 11:50:54.642  3393  3571 D CoreBackPreview:  return markWindowHasDrawn mComposed: false  mWaitTransition: false
04-26 11:50:54.642  3393  3571 D ActivityTaskManager: Clearing startingData for activity=ActivityRecord{117790975 u0 com.android.launcher/.Launcher t3} mStartingData=null mStartingSurface=null
04-26 11:50:54.642  3393  3571 I WindowManager: Window{b88eaa6 u0 com.google.android.googlequicksearchbox} state from READY_TO_SHOW to HAS_DRAWN; reason: performShowLocked
04-26 11:50:54.642  3393  3571 D DisplayManagerService: performTraversalInternal pendingTraversal
04-26 11:50:54.642  3393  3571 D DisplayDevice: setLayerStackLocked id=local:4630946756802996883 token=android.os.BinderProxy@6b82e2b stack=0->0
04-26 11:50:54.642  3393  3571 I TaskOrganizerController: onTaskInfoChanged taskid 281 config { mBounds=Rect(0, 0 - 1080, 2376) mAppBounds=Rect(0, 0 - 1080, 2376) mMaxBounds=Rect(0, 0 - 1080, 2376) mDisplayRotation=ROTATION_0 mWindowingMode=fullscreen mActivityType=standard mAlwaysOnTop=undefined mRotation=ROTATION_0}
04-26 11:50:54.642  3393  3571 D OplusVisibleTasks:  notifyTaskFocusChange no need.
04-26 11:50:54.642  3393  3571 D OplusFlexibleDragToSplitAnimController: visibleFlexibleTaskInfos delete:281
04-26 11:50:54.642  3393  3571 E FlexibleWindowManagerService: notifyTaskObserverToAttachController not need to notify!
04-26 11:50:54.642  3393  3571 I FlexibleWindowManagerService: onFlexibleWindowTaskInfoChanged, return for cur task not embedded
04-26 11:50:54.642  3393  3571 I TaskOrganizerController: onTaskInfoChanged taskid 1 config { mBounds=Rect(0, 0 - 1080, 2376) mAppBounds=Rect(0, 0 - 1080, 2376) mMaxBounds=Rect(0, 0 - 1080, 2376) mDisplayRotation=ROTATION_0 mWindowingMode=fullscreen mActivityType=home mAlwaysOnTop=undefined mRotation=ROTATION_0}
04-26 11:50:54.643  3393  3571 D OplusVisibleTasks:  notifyTaskFocusChange no need.
04-26 11:50:54.643  3393  3571 D OplusFlexibleDragToSplitAnimController: visibleFlexibleTaskInfos delete:1
04-26 11:50:54.643  3393  3570 D DisplayManagerService: MSG_REQUEST_TRAVERSAL pendingCompleted=false
04-26 11:50:54.643  3393  3571 E FlexibleWindowManagerService: notifyTaskObserverToAttachController not need to notify!
04-26 11:50:54.643  3393  3571 I FlexibleWindowManagerService: onFlexibleWindowTaskInfoChanged, return for cur task not embedded
04-26 11:50:54.643  4925  4991 D ShellTaskOrganizerExt: visibleFlexibleTaskInfos delete:281
04-26 11:50:54.643  4925  4991 D ShellTaskOrganizerExt: isOnCanvas size:0
04-26 11:50:54.643  4925  4991 D ShellTaskOrganizerExt: isOnThreeFlexibleCanvas size:0
04-26 11:50:54.643  3393  3570 I DisplayDeviceRepository: Display device changed render timings: "Built-in Screen", renderFrameRate=120.00001, presentationDeadlineNanos=11333333, appVsyncOffsetNanos=1000000, frameRateOverrides=[]
04-26 11:50:54.643  4925  4991 D ShellTaskOrganizerExt: visibleFlexibleTaskInfos delete:1
04-26 11:50:54.643  4925  4991 D ShellTaskOrganizerExt: isOnCanvas size:0
04-26 11:50:54.643  4925  4991 D ShellTaskOrganizerExt: isOnThreeFlexibleCanvas size:0
04-26 11:50:54.643  3393  3570 D LogicalDisplayExt: set displayInfo flag FLAG_ROTATES_WITH_CONTENT
04-26 11:50:54.643  3393  3571 I WindowStateExtImpl: onSurfaceShowChange show = true mPackageName = com.android.launcher parentPkgName = com.android.launcher
04-26 11:50:54.643  3393  3571 D CoreBackPreview:  return markWindowHasDrawn mComposed: false  mWaitTransition: false
04-26 11:50:54.643  3393  3571 D SurfaceComposerClient: Transaction::apply InputWindowCommands.focusRequests timestamp=46662993040480, windowName=recents_animation_input_consumer
04-26 11:50:54.643  6629 12726 D midasd  : PowerFactors is null 
04-26 11:50:54.644  2131  2131 I CameraMidasService: getExplorerInfo The size of ExplorerInfo is 240 ,The size of ExplorerInfo is 0, The memory size of ExplorerInfo is 0
04-26 11:50:54.644  6629 12726 D midasd  : getExplorerInfo is null 
04-26 11:50:54.644  3393  3393 D OplusFlexibleWindowMinimizedManagerHelper: onReceive, intent = android.intent.action.CLOSE_SYSTEM_DIALOGS reason:recentapps state:0
04-26 11:50:54.644  6629 12717 E midasd  : Gpu the power model error, power model freq size 11, opp_logs freq size 14
04-26 11:50:54.644 10089 10152 I OplusObrain: OplusObrainClientInvoke.nativeGetTelephonyInfo
04-26 11:50:54.644  3393  3570 D DisplayManagerService: Delivering display event: displayId=0, event=EVENT_DISPLAY_REFRESH_RATE_CHANGED
04-26 11:50:54.645 10089 21363 I OplusObrain: OplusObrainClientInvoke.getAllTopAppInfos
04-26 11:50:54.645  3393  4380 D FusionLightNextGen: process end reported = 1, mode: 0, cnt: 154770, lux 77.9, cct -1.0, r/g/b/c: 5362.0/3298.3/1895.5/8985.9, R/G/B: 17.0/19.0/27.0, bri 2468.0, match 1.00, ir 0.098800, conf 0.0, ts 69035552604834
04-26 11:50:54.645  4925  4925 I SystemUi--Notification: RowMenuPanelController-->dismissPopupMenu:currentPanelContainer =null, originNotificationRonull, showingNotificationRow=null, cause=close system dialogs, isPopupMenuShowing=false, isNeedAnnotation=true
04-26 11:50:54.645  4925  4925 I SystemUi--Notification: OplusCustomPopupMenuController-->dismissPopupMenu: close system dialogs, isNeedAnnotation: true
04-26 11:50:54.645  4925  4925 I SystemUi--Notification: CentralSurfaces-->ACTION_CLOSE_SYSTEM_DIALOGS intent: forceStopMotionBlur reason recentapps
04-26 11:50:54.645  4925  4925 I SystemUi--Common: PlatformBlurManagerImpl-->forceStopMotionBlur: stop=true
04-26 11:50:54.645  8574  8574 E SmartSidebar.SystemDialogReceiver: HLog未初始化-->(main)onReceive() mHasRegister:true
04-26 11:50:54.645  8574  8574 E SmartSidebar.SystemDialogSubject: HLog未初始化-->(main)onReceive() action = android.intent.action.CLOSE_SYSTEM_DIALOGS
04-26 11:50:54.645  8574  8574 E SmartSidebar.SystemDialogSubject: HLog未初始化-->(main)handleCloseSystemDialog() reason = recentapps
04-26 11:50:54.646  3393  3568 D WindowManager: DeferredDisplayUpdater: partially applying DisplayInfo(1080 x 2376) immediately
04-26 11:50:54.646  5294  5294 D AnimSeqTimeStamp: getTimeGapToLastStartAppTime: 46663000
04-26 11:50:54.646  5294  5294 W TaskWindowSpringScroller[u0]: onScrollXSpringUpdate but springScroller has request finish! return. 
04-26 11:50:54.646  3393  3568 D OplusVFXScreenEffectFeature: notifySFCompatWindowStateChange entered false
04-26 11:50:54.646  3393  3568 D FSS_FoldScreenBlackCoverController: displayChangeToOn, dc:Display{#0 state=ON size=1080x2376 ROTATION_0}
04-26 11:50:54.646  2265  2449 D [PREVIEW]: SF obtain preview_adapter: 0
04-26 11:50:54.646  2265  2449 D [PREVIEW]: TabletPreviewAdapter::parallel world 0
04-26 11:50:54.646  3393  3393 E OplusGestureAnimationManagerPolicy: mScreenHeight:2376 mScreenWidth:1080 mRotation:0
04-26 11:50:54.648  2066  2066 E android.hardware.power.stats-impl.oplus: HandleFactory::read open charger_input_current_now(/proc/charger/input_current_now) failed! fd: -1 errno: 2
04-26 11:50:54.648  2066  2066 W android.hardware.power.stats-impl.oplus: PruneException: Unknown binder exception (2) pruned into EX_TRANSACTION_FAILED
04-26 11:50:54.648  6629 12722 W midasd  : handleFactory read failed.
04-26 11:50:54.648  6629 12730 I midasd  : app forground called:com.android.launcher
04-26 11:50:54.648  3393  3567 D AutofillManagerService: Close system dialogs
04-26 11:50:54.648  3393  8220 I VibratorManagerServiceExtImpl: cancelVibrate uid=10262, pid=4925, usageFilter=-1, token=67977435
04-26 11:50:54.648  4925  4925 I SystemUi--Volume: OplusVolumeDialogView-->mDialog.dismiss() reason: 2,from: com.oplus.systemui.volume.OplusVolumeDialogImpl.dismissH:56,mExpanded = false,mDismissing = false,mShowing = false
04-26 11:50:54.649  3393  3568 V AutofillUI: hideSaveUiUiThread(): mSaveUi=null, callback=null, mCallback=null
04-26 11:50:54.649  3393 15693 D skia    : GrGpu::writePixels takes 1
04-26 11:50:54.649  1841  1872 E statsd  : Gauge Stats puller failed for tag: 150134 at 69035700908886
04-26 11:50:54.649  2242 16660 W LOG_FLOWCTRL: ==LOGS OVER PROC QUOTA(300), rows(101) bytes(5729) audioserver u(0) l(0) t(0) c(0) DROPPED==
04-26 11:50:54.649  2242 16660 D AudioBoost: audioSchedBoost, pid=2242, tid=16660, enable=1, ret=0
04-26 11:50:54.649  2242 16660 D AudioFlingerExtImpl: AudioFlingerExtImpl oplusSetParameters: keyvalue screen_state=on
04-26 11:50:54.649  2242 16660 D DeviceHalAidl: [default] setParameters: parameters: "screen_state=on"
04-26 11:50:54.650  1841  1872 I statsd  : An anomaly (104840000001) (48)0x10000->10259[I] (48)0x20000->com.android.launcher[S] (48)0x30000->2[I]  has occurred! Informing subscribers.
04-26 11:50:54.650  1964  3343 I PAL: ResourceManager: setParameter: 11709: Screen State:1
04-26 11:50:54.650  2242 16660 D DeviceHalAidl: [usb] setParameters: parameters: "screen_state=on"
04-26 11:50:54.650  1964  3343 D AHAL_Module: updateScreenState: usb: 1
04-26 11:50:54.650  2242 16660 D DeviceHalAidl: [r_submix] setParameters: parameters: "screen_state=on"
04-26 11:50:54.650  1964  3343 D AHAL_Module: updateScreenState: r_submix: 1
04-26 11:50:54.650  2242 16660 D DeviceHalAidl: [bluetooth] setParameters: parameters: "screen_state=on"
04-26 11:50:54.650  1964  3343 D AHAL_Module: updateScreenState: bluetooth: 1
04-26 11:50:54.650  2242 16660 D DeviceHalAidl: [binaural_record] setParameters: parameters: "screen_state=on"
04-26 11:50:54.650  1964  3343 D AHAL_Module: updateScreenState: bluetooth: 1
04-26 11:50:54.650  2242 16660 D DeviceHalAidl: [virtual] setParameters: parameters: "screen_state=on"
04-26 11:50:54.650  1964  3343 D AHAL_Module: updateScreenState: stub: 1
04-26 11:50:54.650  1841  1872 W statsd  : StatsPullerManager: Unknown tagId 150146
04-26 11:50:54.650  1841  1872 E statsd  : Gauge Stats puller failed for tag: 150146 at 69035701649303
04-26 11:50:54.650  4925  4925 I KeyguardDisplayManager: onDisplayChanged displayId: 0
04-26 11:50:54.650  4925  4925 I SystemUi--Keyguard: KeyguardDisplayManagerExImpl-->orientationChanged=false, presentationDisplayChanged=false, lastPresentationWidth=800, lastPresentationHeight=400, lastPresentationDensity=160
04-26 11:50:54.651  2242 16660 D AudioBoost: audioSchedBoost, pid=2242, tid=16660, enable=0, ret=0
04-26 11:50:54.651  1841  1872 I statsd  : An anomaly (119840000001) (100198)0x10000->com.android.launcher[S] (100198)0x20000->10259[I]  has occurred! Informing subscribers.
04-26 11:50:54.652  5294  5602 W System.err: java.lang.NoSuchFieldException: No field mSnapshotBundle in class Landroid/window/TaskSnapshot; (declaration of 'android.window.TaskSnapshot' appears in /system/framework/framework.jar!classes5.dex)
04-26 11:50:54.652  5294  5602 W System.err: 	at java.lang.Class.getDeclaredField(Native Method)
04-26 11:50:54.652  5294  5602 W System.err: 	at com.oplus.basecommon.util.ReflectUtil.getFieldValue(SourceFile:4)
04-26 11:50:54.652  5294  5602 W System.err: 	at com.oplus.basecommon.util.ReflectUtil.getFieldValue(SourceFile:1)
04-26 11:50:54.652  5294  5602 W System.err: 	at com.oplus.basecommon.util.ReflectUtil.getRefBundle(Unknown Source:0)
04-26 11:50:54.652  5294  5602 W System.err: 	at com.android.systemui.shared.recents.model.ThumbnailData.<init>(SourceFile:31)
04-26 11:50:54.652  5294  5602 W System.err: 	at com.android.quickstep.OplusTaskThumbnailCacheImpl.getThumbnailDateFromCache(Unknown Source:145)
04-26 11:50:54.652  5294  5602 W System.err: 	at com.android.quickstep.OplusTaskThumbnailCacheImpl.access$getThumbnailDateFromCache(Unknown Source:0)
04-26 11:50:54.652  5294  5602 W System.err: 	at com.android.quickstep.OplusTaskThumbnailCacheImpl$updateThumbnailInBackground$request$1.getResultOnBg(SourceFile:2)
04-26 11:50:54.652  5294  5602 W System.err: 	at com.android.quickstep.OplusTaskThumbnailCacheImpl$updateThumbnailInBackground$request$1.getResultOnBg(SourceFile:1)
04-26 11:50:54.652  5294  5602 W System.err: 	at com.android.quickstep.util.CancellableTask.run(Unknown Source:9)
04-26 11:50:54.652  5294  5602 W System.err: 	at android.os.Handler.handleCallback(Handler.java:1027)
04-26 11:50:54.652  5294  5602 W System.err: 	at android.os.Handler.dispatchMessage(Handler.java:108)
04-26 11:50:54.652  5294  5602 W System.err: 	at android.os.Looper.loopOnce(Looper.java:302)
04-26 11:50:54.652  5294  5602 W System.err: 	at android.os.Looper.loop(Looper.java:412)
04-26 11:50:54.652  5294  5602 W System.err: 	at android.os.HandlerThread.run(HandlerThread.java:85)
04-26 11:50:54.652  5294  5602 W System.err: java.lang.NoSuchFieldException: No field mSnapshotBundle in class Landroid/window/TaskSnapshot; (declaration of 'android.window.TaskSnapshot' appears in /system/framework/framework.jar!classes5.dex)
04-26 11:50:54.652  5294  5602 W System.err: 	at java.lang.Class.getDeclaredField(Native Method)
04-26 11:50:54.652  5294  5602 W System.err: 	at com.oplus.basecommon.util.ReflectUtil.getFieldValue(SourceFile:4)
04-26 11:50:54.652  5294  5602 W System.err: 	at com.oplus.basecommon.util.ReflectUtil.getFieldValue(SourceFile:1)
04-26 11:50:54.652  5294  5602 W System.err: 	at com.oplus.basecommon.util.ReflectUtil.getRefBundle(Unknown Source:0)
04-26 11:50:54.652  5294  5602 W System.err: 	at com.android.systemui.shared.recents.model.ThumbnailData.<init>(SourceFile:31)
04-26 11:50:54.652  5294  5602 W System.err: 	at com.android.quickstep.OplusTaskThumbnailCacheImpl.getThumbnailDateFromCache(Unknown Source:145)
04-26 11:50:54.652  5294  5602 W System.err: 	at com.android.quickstep.OplusTaskThumbnailCacheImpl.access$getThumbnailDateFromCache(Unknown Source:0)
04-26 11:50:54.652  5294  5602 W System.err: 	at com.android.quickstep.OplusTaskThumbnailCacheImpl$updateThumbnailInBackground$request$1.getResultOnBg(SourceFile:2)
04-26 11:50:54.652  5294  5602 W System.err: 	at com.android.quickstep.OplusTaskThumbnailCacheImpl$updateThumbnailInBackground$request$1.getResultOnBg(SourceFile:1)
04-26 11:50:54.652  5294  5602 W System.err: 	at com.android.quickstep.util.CancellableTask.run(Unknown Source:9)
04-26 11:50:54.652  5294  5602 W System.err: 	at android.os.Handler.handleCallback(Handler.java:1027)
04-26 11:50:54.652  5294  5602 W System.err: 	at android.os.Handler.dispatchMessage(Handler.java:108)
04-26 11:50:54.652  5294  5602 W System.err: 	at android.os.Looper.loopOnce(Looper.java:302)
04-26 11:50:54.652  5294  5602 W System.err: 	at android.os.Looper.loop(Looper.java:412)
04-26 11:50:54.652  5294  5602 W System.err: 	at android.os.HandlerThread.run(HandlerThread.java:85)
04-26 11:50:54.653 27614 27646 I drsq    : onCloseSystemDialogs
04-26 11:50:54.653  3393  8241 D FlexibleTaskController: check task which not have enough child, isInSingleWhiteList:false isCloneTask:false
04-26 11:50:54.653 27614 27646 I dqzt    : (REDACTED) Listener was null, %s is not propagated
04-26 11:50:54.653  5294  5294 D AnimSeqTimeStamp: getTimeGapToLastStartAppTime: 46663008
04-26 11:50:54.654  2265  3452 D SurfaceFlinger: updateWinowInfo=1, setFocusedWindow timestamp=46662993040480, windowName=recents_animation_input_consumer
04-26 11:50:54.654  3393  8226 I InputDispatcher: NFW_setFocusedWindow, recents_animation_input_consumer on display 0, same as the previous:0
04-26 11:50:54.654  3393  8226 I InputDispatcher: updateFocusedWindow, recents_animation_input_consumer on display 0, reason: setFocusedWindow, result:   FocusedWindows:
04-26 11:50:54.654  3393  8226 I InputDispatcher:     displayId=0, name='recents_animation_input_consumer'
04-26 11:50:54.655  2683  2683 D VRI[MainActivity]: onFocusEvent false
04-26 11:50:54.656  3393  3621 D PowerManagerService: userActivityNoUpdateLocked: groupId=0, eventTime=46663008, event=touch, flags=0x0, uid=1000
04-26 11:50:54.656  3393  3621 D PowerManagerService: userActivityNoUpdateLocked: groupId=0, eventTime=46663008, event=touch, flags=0x0, uid=1000
04-26 11:50:54.657 10089 21363 I OplusObrain: OplusObrainClientInvoke.nativeGetTrafficTypeInfoForNetworkType networkType 0
04-26 11:50:54.657  3393  8226 D KernelStatsHelper: getKernelStats start!
04-26 11:50:54.657  3393  5708 I VibratorManagerServiceExtImpl: cancelVibrate uid=10262, pid=4925, usageFilter=-1, token=67977435
04-26 11:50:54.657 24813 24903 E metis_v2_JenaHandlerManager: local thread match
04-26 11:50:54.657  3393  4581 D OplusNetlinkSocket: handleNetlinkRecvKernelMessage:nlmsghdr:StructNlMsgHdr{ nlmsg_len{3004}, nlmsg_type{51()}, nlmsg_flags{0()}, nlmsg_seq{0}, nlmsg_pid{222368229} }
04-26 11:50:54.657 24813 24903 E metis_v2_JenaHandlerManager: local thread match
04-26 11:50:54.657  3393  4581 D KernelStatsHelper: get magic :[-1, -1, -1, 77, 65, 71, 73, 67]
04-26 11:50:54.658  3393  4581 D KernelStatsHelper: magic matched count:186 data_len:9672
04-26 11:50:54.658  3393  4581 D OplusNetlinkSocket: handleNetlinkRecvKernelMessage:nlmsghdr:StructNlMsgHdr{ nlmsg_len{2988}, nlmsg_type{51()}, nlmsg_flags{0()}, nlmsg_seq{0}, nlmsg_pid{222368229} }
04-26 11:50:54.658  3393  4581 D OplusNetlinkSocket: handleNetlinkRecvKernelMessage:nlmsghdr:StructNlMsgHdr{ nlmsg_len{2988}, nlmsg_type{51()}, nlmsg_flags{0()}, nlmsg_seq{0}, nlmsg_pid{222368229} }
04-26 11:50:54.658  3393  4581 D OplusNetlinkSocket: handleNetlinkRecvKernelMessage:nlmsghdr:StructNlMsgHdr{ nlmsg_len{804}, nlmsg_type{51()}, nlmsg_flags{0()}, nlmsg_seq{0}, nlmsg_pid{222368229} }
04-26 11:50:54.658  3393  4581 D KernelStatsHelper: data over! check: true
04-26 11:50:54.658 24813 24831 D SceneSDK.1.0.4-SNAPSHOT.24813.DeepThinkerAppSwitchAbility: onAppSwitchEvent: AppSwitchEvent(timeStamp=1777229454634, eventType=1, targetName=com.android.launcher, firstStart=false, multiApp=false, windowMode=1, resumingPackageName=, resumingActivityName=, isResumingMultiApp=false, isResumingFirstStart=false)
04-26 11:50:54.658 24813 24831 I metis_v2_AppSwitchDataCollector: AppEnterEvent =  com.android.launcher, windowMode = 1,firstStart = false
04-26 11:50:54.658 24813 24831 W metis_v2_AppSwitchDataCollector: fenceKey = com.oplus.metis:TOP_APPLICATION, getExits = [], getEnters = [] packageName = com.android.launcher
04-26 11:50:54.658 10089 21363 I OplusObrain: OplusObrainClientInvoke.nativeGetTrafficTypeInfoForNetworkType networkType 1
04-26 11:50:54.659 24813 24831 W metis_v2_AppSwitchDataCollector: pid = 5294, cachePid=5294
04-26 11:50:54.660 24813 24831 I metis_v2_AppSwitchDataCollector:  set isNotifiedTVCast
04-26 11:50:54.660  2265  2265 I DispPerfService: updateLayerMask 9
04-26 11:50:54.660  1986  4715 I CwbService: CwbService::notifyColorModeChange: display: 0, mode = 9, render intent = 304
04-26 11:50:54.661  1986  4715 I SDM     : SDMColorModeStc::ApplyCurrentColorModeWithRenderIntent: Applying Stc mode (gamut 12 gamma 1 intent 304), curr mode 9, render intent 304, hdr present 0
04-26 11:50:54.661 24813 24831 E metis_v2_FactManager: There is no subModel: com.oplus.linker
04-26 11:50:54.661 24813 24831 I metis_v2_AppSwitchDataCollector: Skip call fire
04-26 11:50:54.661  1986  4715 I DolbyVisionClstcImpl: DolbyImpl setBlendCsInfo 
04-26 11:50:54.662  5294  5294 D AnimSeqTimeStamp: getTimeGapToLastStartAppTime: 46663016
04-26 11:50:54.662  1986  4715 I SDM     : ClstcAlgorithmAdapter::UcscToneMap():1632 Checksum for layer 1 is: 0
04-26 11:50:54.662  1986  4715 I SDM     : ClstcAlgorithmAdapter::UcscToneMap():1632 Checksum for layer 4334 is: 711819
04-26 11:50:54.663  1986  4715 D pfaca_s : Panel(0) AA569_P_3_A0019_dsc_cmd_mode_panel, Pre-m:3, manual-m:-1, Update:0, valid_meta_data:0, Gamut:12, Intent:304, bri:4095
04-26 11:50:54.663  1986  4715 D pfaca_s : +++ hw asset PostBlendPCC(enable:1), PCC 1.000000, 1.000000, 1.000000
04-26 11:50:54.663  1986  4715 D pfaca_s : sRGB-Vivid-1(gamut:12,it:304)
04-26 11:50:54.663  1986  4715 D pfaca_Cache: A P:0 M:0 BRI:4095
04-26 11:50:54.663  1986  4715 D pfaca_Cache: the mode is 0 mode num is 5 brightness is 4095
04-26 11:50:54.664  3393  8226 I VibratorManagerServiceExtImpl: cancelVibrate uid=10262, pid=4925, usageFilter=-1, token=67977435
04-26 11:50:54.669  3393  3626 D VRR [OPlusSAManager]: updateAutoMinfps for 4630946756802996883 with nits: 399.54022, mHistOK true, mAmbientOK true, mCctOK true, mIrOK true, mBrightnessOK true, isPkgOK true, SA min fps: 89
04-26 11:50:54.669  2265  5963 I VRR-[OPlusRefreshRateSelector]: updateAutoMode success, display 0, mode 0, fakeframe 1, min fps: 1
04-26 11:50:54.670  5294  5294 D AnimSeqTimeStamp: getTimeGapToLastStartAppTime: 46663024
04-26 11:50:54.672  3393  8226 I VibratorManagerServiceExtImpl: cancelVibrate uid=10262, pid=4925, usageFilter=-1, token=67977435
04-26 11:50:54.677  1986 26628 I SDM     : DisplayBuiltIn::SetQSyncMode: VRR + update qsync mode 0 minfps 00C08181
04-26 11:50:54.677  3393  3626 D VRR [OPlusRefreshRateService]: handleConfigIdChange physicalDisplayId: 4630946756802996883 configId: 4 renderPeriod: 8333333
04-26 11:50:54.678  3393  3626 D VRR [OPlusGameStatusManager]: updateGameState mOSyncFeatureSwitch: false mIsGamePolicy: false
04-26 11:50:54.678  3393  3626 D VRR [OPlusGameStatusManager]: updateGameAccelerationStatus pkgName: com.android.launcher mOSyncFeatureSwitch: false mIsGamePolicy: false mHeartStop: false mHasFlickerRisk: false mForceAcceleration: false mToastReady: false enable: false
04-26 11:50:54.678  5294  5294 D AnimSeqTimeStamp: getTimeGapToLastStartAppTime: 46663033
04-26 11:50:54.678  1986  2514 E SDM     : DRMConnector::Perform: Connector 68: Setting Qsync min fps 12616065
04-26 11:50:54.686  5294  5294 D AnimSeqTimeStamp: getTimeGapToLastStartAppTime: 46663041
04-26 11:50:54.688  3393  8226 I VibratorManagerServiceExtImpl: cancelVibrate uid=10262, pid=4925, usageFilter=-1, token=67977435
04-26 11:50:54.695  5294  5294 D AnimSeqTimeStamp: getTimeGapToLastStartAppTime: 46663049
04-26 11:50:54.703  5294  5294 D AnimSeqTimeStamp: getTimeGapToLastStartAppTime: 46663057
04-26 11:50:54.703  5294  5294 I VelocityTracker: LSQ2 speed rezero
04-26 11:50:54.704  3393  8226 I VibratorManagerServiceExtImpl: cancelVibrate uid=10262, pid=4925, usageFilter=-1, token=67977435
04-26 11:50:54.711  5294  5294 D AnimSeqTimeStamp: getTimeGapToLastStartAppTime: 46663066
04-26 11:50:54.712  5294  5294 I VelocityTracker: LSQ2 speed rezero
04-26 11:50:54.712  5294  5294 I         : checkMotionPaused: mPauseRecord[1]=0.0
04-26 11:50:54.713  3393  5708 I VibratorManagerServiceExtImpl: cancelVibrate uid=10262, pid=4925, usageFilter=-1, token=67977435
04-26 11:50:54.719  1942  6443 I vendor.qti.bluetooth@1.0-ibs_handler: DeviceSleep: TX Awake, Sending SLEEP_IND
04-26 11:50:54.719  1942  6443 D vendor.qti.bluetooth@1.0-ibs_handler: SerialClockVote: vote for UART CLK OFF
04-26 11:50:54.720  5294  5294 D AnimSeqTimeStamp: getTimeGapToLastStartAppTime: 46663074
04-26 11:50:54.720  5294  5294 I VelocityTracker: LSQ2 speed rezero
04-26 11:50:54.720  5294  5294 I         : checkMotionPaused: mPauseRecord[1]=0.0
04-26 11:50:54.721  3393  8226 I VibratorManagerServiceExtImpl: cancelVibrate uid=10262, pid=4925, usageFilter=-1, token=67977435
04-26 11:50:54.728  5294  5294 D AnimSeqTimeStamp: getTimeGapToLastStartAppTime: 46663082
04-26 11:50:54.729  5294  5294 I VelocityTracker: LSQ2 speed rezero
04-26 11:50:54.729  5294  5294 I         : checkMotionPaused: mPauseRecord[1]=0.0
04-26 11:50:54.729  3393  3626 D VRR [OPlusSAManager]: updateAutoMinfps for 4630946756802996883 with nits: 399.54022, mHistOK true, mAmbientOK true, mCctOK true, mIrOK true, mBrightnessOK true, isPkgOK true, SA min fps: 119
04-26 11:50:54.729  2265  5878 I VRR-[OPlusRefreshRateSelector]: updateAutoMode success, display 0, mode 0, fakeframe 1, min fps: 1
04-26 11:50:54.729  3393  5708 I VibratorManagerServiceExtImpl: cancelVibrate uid=10262, pid=4925, usageFilter=-1, token=67977435
04-26 11:50:54.733 24841 24971 D OplusEffectTouchRUSConfigManager: deviceId = 0
04-26 11:50:54.733 24841 24971 D OplusEffectTouchRUSConfigManager: writeEffectTouchParam command= mod para_effect set_package_type:6
04-26 11:50:54.734  2116  2116 D OplusTouch: WRITE info len = [34] by Binder
04-26 11:50:54.734  2116  2116 D OplusTouch: path = /proc/touchpanel/touch_scene_para,len = 102400
04-26 11:50:54.734  2116  2116 D OplusTouch: binder transfer START:flag[0]node[188]deviceId[0]str[mod para_effect set_package_type:6]info[mod para_effect set_package_type:6]dataLength[102400]
04-26 11:50:54.734  3153  3260 W touchDaemon: Reached BBinder::getInterfaceDescriptor (this=0xb400007c9380d000). Override?
04-26 11:50:54.734  3153  3260 E OplusTouchDaemon: syna_touch_node_handle:Id=0, nodeFlag=188, info=mod para_effect set_package_type:6, wrFlag=0, cbsize=2048, readlen=2048
04-26 11:50:54.734  3153  3260 I touch-algo: [id:0] appType:6,gameType:6
04-26 11:50:54.734  3153  3260 E OplusTouchDaemon: [OplusTouchDaemon][algo_set_info][8960]: algo_set_info: set paramId 10, buf: , ret=0
04-26 11:50:54.734  3153  3260 E OplusTouchDaemon: syna_touch_node_handle:TOUCH_SCENE_PARA_NODE set to mod para_effect set_package_type:6, ret = 0
04-26 11:50:54.734  3153  3260 D OplusTouchDaemon: touchBinder:WRITE FINISH
04-26 11:50:54.734  2116  2116 D OplusTouch: WRITE SUCCESS! by Binder, get data len[2]
04-26 11:50:54.735  1986  4715 I SDM     : DisplayBuiltIn::SetQSyncMode: VRR + update qsync mode 0 minfps 00C08181
04-26 11:50:54.736  3393  4398 D SystemGestures: detectSwipe: 2
04-26 11:50:54.736  5294  5294 D AnimSeqTimeStamp: getTimeGapToLastStartAppTime: 46663090
04-26 11:50:54.736  3393  4398 D WindowManager: request show transient bar, navigationBar already visible
04-26 11:50:54.736  3393  8226 I VibratorManagerServiceExtImpl: cancelVibrate uid=10262, pid=4925, usageFilter=-1, token=67977435
04-26 11:50:54.737  1986  2514 E SDM     : DRMConnector::Perform: Connector 68: Setting Qsync min fps 12616065
04-26 11:50:54.744  3393  8226 I VibratorManagerServiceExtImpl: cancelVibrate uid=10262, pid=4925, usageFilter=-1, token=67977435
04-26 11:50:54.745  5294  5294 D AnimSeqTimeStamp: getTimeGapToLastStartAppTime: 46663099
04-26 11:50:54.749  8448  8554 I cn_CronetUrlRequestContext: destroyNativeStreamLocked org.chromium.net.impl.CronetBidirectionalStream@2b1cec7
04-26 11:50:54.752  3393  8226 I VibratorManagerServiceExtImpl: cancelVibrate uid=10262, pid=4925, usageFilter=-1, token=67977435
04-26 11:50:54.753  5294  5294 D AnimSeqTimeStamp: getTimeGapToLastStartAppTime: 46663107
04-26 11:50:54.759  2086  2086 D SensorFeature: name=ssc_screenshot_info ,index = 22
04-26 11:50:54.759  2086  2086 D SensorFeature: write 37 bytes:69035820540449,69035828873782,42847,0
04-26 11:50:54.760  3393  3621 D PowerManagerService: userActivityNoUpdateLocked: groupId=0, eventTime=46663113, event=touch, flags=0x0, uid=1000
04-26 11:50:54.760  3393  8226 I VibratorManagerServiceExtImpl: cancelVibrate uid=10262, pid=4925, usageFilter=-1, token=67977435
04-26 11:50:54.761  3393  3621 D PowerManagerService: userActivityNoUpdateLocked: groupId=0, eventTime=46663113, event=touch, flags=0x0, uid=1000
04-26 11:50:54.761  5294  5294 D AnimSeqTimeStamp: getTimeGapToLastStartAppTime: 46663115
04-26 11:50:54.768  3393  8226 I VibratorManagerServiceExtImpl: cancelVibrate uid=10262, pid=4925, usageFilter=-1, token=67977435
04-26 11:50:54.769  5294  5294 D AnimSeqTimeStamp: getTimeGapToLastStartAppTime: 46663124
04-26 11:50:54.776  3393  8226 I VibratorManagerServiceExtImpl: cancelVibrate uid=10262, pid=4925, usageFilter=-1, token=67977435
04-26 11:50:54.778  5294  5294 D AnimSeqTimeStamp: getTimeGapToLastStartAppTime: 46663132
04-26 11:50:54.786  5294  5294 D AnimSeqTimeStamp: getTimeGapToLastStartAppTime: 46663140
04-26 11:50:54.792  3393  8226 I VibratorManagerServiceExtImpl: cancelVibrate uid=10262, pid=4925, usageFilter=-1, token=67977435
04-26 11:50:54.794  5294  5294 D AnimSeqTimeStamp: getTimeGapToLastStartAppTime: 46663148
04-26 11:50:54.803  5294  5294 D AnimSeqTimeStamp: getTimeGapToLastStartAppTime: 46663157
04-26 11:50:54.809  3393  8226 I VibratorManagerServiceExtImpl: cancelVibrate uid=10262, pid=4925, usageFilter=-1, token=67977435
04-26 11:50:54.811  5294  5294 D AnimSeqTimeStamp: getTimeGapToLastStartAppTime: 46663165
04-26 11:50:54.819  5294  5294 D AnimSeqTimeStamp: getTimeGapToLastStartAppTime: 46663173
04-26 11:50:54.825  3393  8226 I VibratorManagerServiceExtImpl: cancelVibrate uid=10262, pid=4925, usageFilter=-1, token=67977435
04-26 11:50:54.828  5294  5294 D AnimSeqTimeStamp: getTimeGapToLastStartAppTime: 46663182
04-26 11:50:54.828  5294  5294 I         : checkMotionPaused: mPauseRecord[1]=0.0
04-26 11:50:54.836  5294  5294 D AnimSeqTimeStamp: getTimeGapToLastStartAppTime: 46663190
04-26 11:50:54.836  5294  5294 I VelocityTracker: LSQ2 speed rezero
04-26 11:50:54.841  3393  8226 I VibratorManagerServiceExtImpl: cancelVibrate uid=10262, pid=4925, usageFilter=-1, token=67977435
04-26 11:50:54.844  5294  5294 D AnimSeqTimeStamp: getTimeGapToLastStartAppTime: 46663198
04-26 11:50:54.845  5294  5294 I VelocityTracker: LSQ2 speed rezero
04-26 11:50:54.845  5294  5294 I         : checkMotionPaused: mPauseRecord[1]=0.0
