04-26 11:50:52.914  5335  6516 I AdapterProperties: adapterPropertyChangedCallback with type:1 len:43
04-26 11:50:52.914  8448  1791 I Nearby  : (REDACTED) Beginning attempt #%d out of %d for %s...
04-26 11:50:52.916  1942  6436 I vendor.qti.bluetooth@1.0-ibs_handler: ProcessIbsCmd: Received IBS_WAKE_ACK: 0xFC
04-26 11:50:52.916  1942  6436 I vendor.qti.bluetooth@1.0-ibs_handler: ProcessIbsCmd: Signal wack_cond_
04-26 11:50:52.916  1942  2060 D vendor.qti.bluetooth@1.0-ibs_handler: DeviceWakeUp: Unblocked from waiting for FC, pthread_cond_timedwait ret = 0
04-26 11:50:52.916  3393  4408 D BluetoothSystemServer: BluetoothManagerService: Bluetooth Adapter name changed to I1FaMEpQIcYAAAAAAAAAEExhbmNlIE9uZVBsdXMgMTM
04-26 11:50:52.917  3393  4408 D BluetoothSystemServer: BluetoothManagerService: storeNameAndAddress(I1FaMEpQIcYAAAAAAAAAEExhbmNlIE9uZVBsdXMgMTM, [address is null]): Completed successfully
04-26 11:50:52.917  8448  1791 I BluetoothAdapter: setScanMode(), mode: 23, called by: com.google.android.gms
04-26 11:50:52.918  8584  8584 I PTC.APPCORE.EventBroadcastReceiver: onReceive, action=android.bluetooth.adapter.action.LOCAL_NAME_CHANGED
04-26 11:50:52.918  5020  8575 I BeaconSdk.BeaconAdvertiser: stopAdvertising, type:BLR_REPLY_NETLESS_CONTRACT, service name: netless_contract_reply
04-26 11:50:52.918  1942  6436 I vendor.qti.bluetooth@1.0-ibs_handler: ProcessIbsCmd: Received IBS_WAKE_IND: 0xFD
04-26 11:50:52.918  1942  6436 I vendor.qti.bluetooth@1.0-ibs_handler: ProcessIbsCmd: Writing IBS_WAKE_ACK
04-26 11:50:52.918  8584  4983 I PTC.DISC.ServiceLifecycleObserver: Service resume required due to event: BluetoothNameChanged.
04-26 11:50:52.918  5020  8575 I BeaconSdk.AppIpc: remoteCall, method=stopAdvertisingWithType
04-26 11:50:52.919  5335  5776 D bt_shim_hci: [hci_layer.cc:196] OnTransmitPacketCommandComplete: Received cmd complete for WRITE_EXTENDED_INQUIRY_RESPONSE(0x0c52)
04-26 11:50:52.919  8584  4916 I PTC.APPCORE.SystemStateChangeManager: received Bluetooth name changed: $**ExhbmNlIE9uZVBsdXMgMTM
04-26 11:50:52.919  8584  4916 I cpkit::jni_main: [cpNotifySystemStateChange]JSON data: {"deviceName":"I1FaMEpQIcYAAAAAAAAAEExhbmNlIE9uZVBsdXMgMTM"}
04-26 11:50:52.920  8584  4983 W PTC.DISC.NetRegisterCentral: registerLanInfo failed. msg=Account not logged in desc=deviceNameChanged
04-26 11:50:52.921  8584  9030 D adapter::system_event..: [SystemEventManager] Dispatching event: DeviceNameChanged at timestamp 1777229452921
04-26 11:50:52.922  8584  9030 W adapter::system_event..: [SystemEventManager] No subscribers registered. Event: DeviceNameChanged at timestamp 1777229452921
04-26 11:50:52.922  5335 31453 I OplusAdapterServiceExtImpl: oplusSetScanMode currentIac: NONE calling package is com.google.android.gms mode = 23
04-26 11:50:52.923  5335  5776 D bt_shim_hci: [hci_layer.cc:196] OnTransmitPacketCommandComplete: Received cmd complete for WRITE_LOCAL_NAME(0x0c13)
04-26 11:50:52.924  5335  5776 D bt_shim_hci: [hci_layer.cc:196] OnTransmitPacketCommandComplete: Received cmd complete for WRITE_EXTENDED_INQUIRY_RESPONSE(0x0c52)
04-26 11:50:52.924  5335 31453 I OplusAdapterServiceExtImpl: oplusSetScanMode mNlManager.isNetworklessEnable() = false
04-26 11:50:52.925  5335 31453 I oplus_bt_dual_sync: [oplus_bt_dual_sync.cc:151] stack_down_sync_action: type=35, len=28
04-26 11:50:52.925  5335 31453 I oplus_bt_dual_sync: [oplus_bt_dual_sync.cc:390] stack_down_sync_action: featureID 0, scan_mode_iac is GIAC 
04-26 11:50:52.925  5335 31453 I OplusAdapterServiceExtImpl: oplusSetScanMode mNlManager.isNetworklessEnable is false or mOplusBluetoothPerformanceParamsConfig is null set default iac to GIAC
04-26 11:50:52.926  5335  5769 D bt_shim_hci: [hci_layer.cc:235] transmit_command: Sending command WRITE_CURRENT_IAC_LAP(0x0c3a)
04-26 11:50:52.927  5335  5776 D bt_shim_hci: [hci_layer.cc:196] OnTransmitPacketCommandComplete: Received cmd complete for WRITE_CURRENT_IAC_LAP(0x0c3a)
04-26 11:50:52.927  8584 11636 I PTC.BEACON.BeaconContentProvider: ---authority call--- stopAdvertisingWithType, authority=com.heytap.accessory.beacon.BeaconContentProvider, callingPkg=com.android.phone
04-26 11:50:52.927  8584 11636 I PTC.BEACON.BeaconCallMethodProcessor: -- BEA-IPC -- process method In, method=stopAdvertisingWithType callingPackage=com.android.phone
04-26 11:50:52.928  8584 11636 I PTC.BEACON.BeaconCallMethodProcessor: -- BEA-IPC -- stopAdvertising In. client=BeaconClient={clientId=171032835, pkg=com.android.phone, pid=5020}, advertise type=BLR_REPLY_NETLESS_CONTRACT
04-26 11:50:52.929  8584  5269 I PTC.BEACON.BeaconCallMethodProcessor: -- BEA-IPC -- stopAdvertising Out.
04-26 11:50:52.929  8584 11636 I PTC.BEACON.BeaconCallMethodProcessor: -- BEA-IPC -- process stopAdvertisingWithType Out. result=SUCCESS
04-26 11:50:52.929  8584  4916 I PTC.DISC.AdvertiserContainer: Stop advertise, not found advertising client=DiscoveryClient(id=netless_contract_reply, pkg=com.android.phone, pid=5020)
04-26 11:50:52.930  8584 11636 I PTC.BEACON.BeaconCallMethodProcessor: -- BEA-IPC -- process method Out, method: stopAdvertisingWithType, result is: SealedResult(resultCode=SUCCESS, data=null, errorCode=null, message=null)
04-26 11:50:52.930  5335  5769 D bt_shim_hci: [hci_layer.cc:235] transmit_command: Sending command WRITE_SCAN_ENABLE(0x0c1a)
04-26 11:50:52.930  5335  5769 D bt_shim_hci: [hci_layer.cc:235] transmit_command: Sending command WRITE_SCAN_ENABLE(0x0c1a)
04-26 11:50:52.930  5335  5769 E bt_btu_hcif: [btu_hcif.cc:1096] btu_hcif_hdl_command_complete: Command complete for opcode:0xc3a should not be handled here
04-26 11:50:52.930  5335  6516 I AdapterProperties: adapterPropertyChangedCallback with type:7 len:4
04-26 11:50:52.930  5020  8575 W BeaconSdk.ServerDeathRecipient: already has binder death recipient
04-26 11:50:52.931  5335  5776 D bt_shim_hci: [hci_layer.cc:196] OnTransmitPacketCommandComplete: Received cmd complete for WRITE_SCAN_ENABLE(0x0c1a)
04-26 11:50:52.932  5335  5776 D bt_shim_hci: [hci_layer.cc:196] OnTransmitPacketCommandComplete: Received cmd complete for WRITE_SCAN_ENABLE(0x0c1a)
04-26 11:50:52.933 20164 20164 W WS_BT_BluetoothEventManager: AclStateChangedHandler: activeDevice is null
04-26 11:50:52.936 20164 20164 D ReflectHelper:  newInstanceByConstructor : com.oplus.evolution.NetworklessManager
04-26 11:50:52.936 20164 20164 I BluetoothAdapter: setScanMode(), mode: 21, called by: com.oplus.wirelesssettings
04-26 11:50:52.937  5335 31453 I OplusAdapterServiceExtImpl: oplusSetScanMode currentIac: GIAC calling package is com.oplus.wirelesssettings mode = 21
04-26 11:50:52.938  5335 31453 I OplusAdapterServiceExtImpl: oplusSetScanMode mNlManager.isNetworklessEnable() = false
04-26 11:50:52.938  5335 31453 I oplus_bt_dual_sync: [oplus_bt_dual_sync.cc:151] stack_down_sync_action: type=35, len=28
04-26 11:50:52.938  5335 31453 I oplus_bt_dual_sync: [oplus_bt_dual_sync.cc:390] stack_down_sync_action: featureID 0, scan_mode_iac is GIAC 
04-26 11:50:52.938  5335 31453 I OplusAdapterServiceExtImpl: oplusSetScanMode mNlManager.isNetworklessEnable is false or mOplusBluetoothPerformanceParamsConfig is null set default iac to GIAC
04-26 11:50:52.942  5335  5769 D bt_shim_hci: [hci_layer.cc:235] transmit_command: Sending command WRITE_SCAN_ENABLE(0x0c1a)
04-26 11:50:52.942  5335  5769 D bt_shim_hci: [hci_layer.cc:235] transmit_command: Sending command WRITE_SCAN_ENABLE(0x0c1a)
04-26 11:50:52.942  5335  6516 I AdapterProperties: adapterPropertyChangedCallback with type:7 len:4
04-26 11:50:52.943  5335  5776 D bt_shim_hci: [hci_layer.cc:196] OnTransmitPacketCommandComplete: Received cmd complete for WRITE_SCAN_ENABLE(0x0c1a)
04-26 11:50:52.945  5335  5776 D bt_shim_hci: [hci_layer.cc:196] OnTransmitPacketCommandComplete: Received cmd complete for WRITE_SCAN_ENABLE(0x0c1a)
04-26 11:50:52.981  5020  5020 D OplusTelephonyController: onSignalStrengthChanged: SignalStrength=SignalStrength:{mCdma=CellSignalStrengthCdma: cdmaDbm=2147483647 cdmaEcio=2147483647 evdoDbm=2147483647 evdoEcio=2147483647 evdoSnr=2147483647 level=0,mGsm=CellSignalStrengthGsm: rssi=2147483647 ber=2147483647 mTa=2147483647 mLevel=0,mWcdma=CellSignalStrengthWcdma: ss=2147483647 ber=2147483647 rscp=2147483647 ecno=2147483647 level=0,mTdscdma=CellSignalStrengthTdscdma: rssi=2147483647 ber=2147483647 rscp=2147483647 level=0,mLte=CellSignalStrengthLte: rssi=-75 rsrp=-111 rsrq=-14 rssnr=2 cqiTableIndex=2147483647 cqi=2147483647 ta=2147483647 level=2 parametersUseForLevel=0,mNr=CellSignalStrengthNr:{ csiRsrp = 2147483647 csiRsrq = 2147483647 csiCqiTableIndex = 2147483647 csiCqiReport = [] ssRsrp = 2147483647 ssRsrq = 2147483647 ssSinr = 2147483647 level = 0 parametersUseForLevel = 0 timingAdvance = 2147483647 },primary=CellSignalStrengthLte}
04-26 11:50:52.982  5272  5272 D SubsysEventListenerManager-SubsysTelephonyCallback[0]: onSignalStrengthsChanged
04-26 11:50:52.983  4925  4925 D Tile.OplusCellularTile: refreshState: tile not listening, ignore
04-26 11:50:52.984  4925  5079 I SystemUi--Statusbar: MobileConnectionRepositoryImpl-->subId:1 isSoftSimCard:false slotId:0
04-26 11:50:52.985  1942  6436 I vendor.qti.bluetooth@1.0-ibs_handler: ProcessIbsCmd: Received IBS_SLEEP_IND: 0xFE
04-26 11:50:53.062  4925  5073 D HWUI    : SkiaVulkanPipeline::setSurface: this=0xb4000079a9cc1fc0, surface=NULL
04-26 11:50:53.065  4925  5073 D HWUI    : SkiaVulkanPipeline::setSurface: this=0xb4000079e2157e80, surface=NULL
04-26 11:50:53.069  4925  5073 D HWUI    : SkiaVulkanPipeline::setSurface: this=0xb4000079b7085200, surface=NULL
04-26 11:50:53.074  4925  5073 D HWUI    : SkiaVulkanPipeline::setSurface: this=0xb4000079b6e84e00, surface=NULL
04-26 11:50:53.074  4925  5073 D HWUI    : SkiaVulkanPipeline::setSurface: this=0xb4000079ae832240, surface=NULL
04-26 11:50:53.075  4925  5073 D HWUI    : SkiaVulkanPipeline::setSurface: this=0xb4000079e1fad200, surface=NULL
04-26 11:50:53.076  2086  2086 D SensorFeature: name=ssc_screenshot_info ,index = 22
04-26 11:50:53.076  2086  2086 D SensorFeature: write 37 bytes:69034128379148,69034145045814,42841,0
04-26 11:50:53.078  4925  5073 D HWUI    : SkiaVulkanPipeline::setSurface: this=0xb4000079e2156a80, surface=NULL
04-26 11:50:53.082  5272  7536 D CommonApp-113-10511: transport layer data is invalid
04-26 11:50:53.082  5272  7536 D ScorePolicy: handleScoreChanged: []
04-26 11:50:53.083  5272  7536 D ScorePolicy: handleScoreChanged: []
04-26 11:50:53.083  5272  7536 D ScorePolicy: handleScoreChanged: []
04-26 11:50:53.083  4925  4935 W System  : A resource failed to call release. 
04-26 11:50:53.083  4925  4935 W System  : A resource failed to call release. 
04-26 11:50:53.086  4925  4935 W System  : A resource failed to call release. 
04-26 11:50:53.086  4925  4935 W System  : A resource failed to call release. 
04-26 11:50:53.086  4925  4935 W System  : A resource failed to call release. 
04-26 11:50:53.086  4925  4935 W System  : A resource failed to call release. 
04-26 11:50:53.086  4925  4935 W System  : A resource failed to call release. 
04-26 11:50:53.088  4925  4935 W System  : A resource failed to call release. 
04-26 11:50:53.088  4925  4935 W System  : A resource failed to call release. 
04-26 11:50:53.088  4925  4935 W System  : A resource failed to call release. 
04-26 11:50:53.088  4925  4935 W System  : A resource failed to call release. 
04-26 11:50:53.088  4925  4935 W System  : A resource failed to call release. 
04-26 11:50:53.091  4925  4935 W System  : A resource failed to call CursorWindow.close. 
04-26 11:50:53.091  4925  4935 W System  : A resource failed to call CursorWrapperInner.close. 
04-26 11:50:53.091  4925  4935 E IPCThreadState: Binder transaction failure. id: 22906305, BR_*: 29189, error: -22 (Invalid argument)
04-26 11:50:53.091  4925  4935 W BulkCursor: Remote process exception when closing
04-26 11:50:53.091  3393  8226 W ActivityManager: pid 4925 com.android.systemui sent binder code 7 with flags 1 to frozen apps and got error -32
04-26 11:50:53.091  3393  8226 D ActivityManager: Too many transaction errors, throttling freezer binder callback.
04-26 11:50:53.096  4925  4925 I SystemUi--Notification: OplusLiveAlertNotificationsRepository-->onRankingApplied
04-26 11:50:53.097  4925  4935 W System  : A resource failed to call release. 
04-26 11:50:53.097  4925  4935 W System  : A resource failed to call release. 
04-26 11:50:53.097  4925  4935 W System  : A resource failed to call release. 
04-26 11:50:53.097  4925  4935 W System  : A resource failed to call release. 
04-26 11:50:53.097  4925  4935 W System  : A resource failed to call release. 
04-26 11:50:53.098  4925  4935 W System  : A resource failed to call release. 
04-26 11:50:53.098  4925  4935 W System  : A resource failed to call release. 
04-26 11:50:53.098  4925  4935 W System  : A resource failed to call release. 
04-26 11:50:53.098  1955 30145 I sensors-hal: handle_oplus_wise_rgb_event:189, high_pwm_light:lux 58.9,cct 4499.5,brl/algo/ir 2468.0/2.0/94.5,pwm/dc 0.0/0.0,rgbc 5420.752441/3324.427246/1914.773438/9078.758789,ts 69034119032282,cnt 12237,flag 42841
04-26 11:50:53.098  4925  4935 W System  : A resource failed to call release. 
04-26 11:50:53.098  4925  4935 W System  : A resource failed to call release. 
04-26 11:50:53.098  4925  4935 W System  : A resource failed to call release. 
04-26 11:50:53.098  4925  4935 W System  : A resource failed to call release. 
04-26 11:50:53.098  4925  4935 W System  : A resource failed to call release. 
04-26 11:50:53.098  4925  4935 W System  : A resource failed to call release. 
04-26 11:50:53.098  4925  4935 W System  : A resource failed to call release. 
04-26 11:50:53.099  4925  4935 W System  : A resource failed to call release. 
04-26 11:50:53.099  4925  4935 W System  : A resource failed to call release. 
04-26 11:50:53.099  4925  4935 W System  : A resource failed to call CursorWindow.close. 
04-26 11:50:53.099  4925  4935 W System  : A resource failed to call CursorWrapperInner.close. 
04-26 11:50:53.099  4925  4935 E IPCThreadState: Binder transaction failure. id: 22906345, BR_*: 29189, error: -22 (Invalid argument)
04-26 11:50:53.099  4925  4935 D ActivityThread: Too many transaction errors, throttling freezer binder callback.
04-26 11:50:53.099  4925  4935 W BulkCursor: Remote process exception when closing
04-26 11:50:53.101  4925  4935 W System  : A resource failed to call release. 
04-26 11:50:53.101  4925  4935 W System  : A resource failed to call release. 
04-26 11:50:53.102  4925  4935 W System  : A resource failed to call release. 
04-26 11:50:53.102  4925  4935 W System  : A resource failed to call release. 
04-26 11:50:53.102  4925  4935 W System  : A resource failed to call release. 
04-26 11:50:53.103  4925  4925 I PluginSeedling--Track: RequestHandler-->notificationUpdated 0|com.openautolink.companion|1|null|10511 postTime: 1777229452881
04-26 11:50:53.104  4925  4935 W System  : A resource failed to call release. 
04-26 11:50:53.104  4925  4935 W System  : A resource failed to call release. 
04-26 11:50:53.104  4925  4935 W System  : A resource failed to call release. 
04-26 11:50:53.104  4925  4925 E LockScreenNotificationDispatcherImp: updateNotificationListOnKg size:0
04-26 11:50:53.104  4925  4935 W System  : A resource failed to call release. 
04-26 11:50:53.104  4925  4935 W System  : A resource failed to call release. 
04-26 11:50:53.104  4925  4935 W System  : A resource failed to call release. 
04-26 11:50:53.104  4925  4935 W System  : A resource failed to call release. 
04-26 11:50:53.106  4925  4925 W SystemUi--Notification: OplusNotificationGroupExtImpl-->setChildrenExpanded: groupHeader is null
04-26 11:50:53.106  4925  4925 I SystemUi--Notification: LockScreenNotificationDispatcherImp-->updateNotificationListOnKg resultCode: 0
04-26 11:50:53.113  4925  4935 W System  : A resource failed to call release. 
04-26 11:50:53.114  4925  4935 W System  : A resource failed to call release. 
04-26 11:50:53.114  4925  4935 W System  : A resource failed to call release. 
04-26 11:50:53.114  4925  4935 W System  : A resource failed to call release. 
04-26 11:50:53.114  4925  4935 W System  : A resource failed to call release. 
04-26 11:50:53.114  4925  4935 W System  : A resource failed to call release. 
04-26 11:50:53.118  4925  5250 D LocalImageResolver: Couldn't use ImageDecoder for drawable, falling back to non-resized load.
04-26 11:50:53.119  4925  5250 D LocalImageResolver: Couldn't use ImageDecoder for drawable, falling back to non-resized load.
04-26 11:50:53.119  8584  4916 I PTC.CONN.SenselessScheduleImpl: --Senseless Event Changed-- handleStartEvent is BLUETOOTH_NAME_CHANGED
04-26 11:50:53.120  4925  4925 D OplusNotificationDateTimeView: setTime mSettingTimeMillis 1777229452877, mSettingLocalDateTime 2026-04-26T11:50:00.877
04-26 11:50:53.122  8584  4916 I SettingImpl: isSenselessConnectionToggleChecked switchValue: 1, state is true
04-26 11:50:53.122  8584  4916 I SettingImpl: isSenselessConnectionToggleChecked switchValue: 1, state is true
04-26 11:50:53.122  8584  4916 I PTC.APPCORE.ResourceObtaining: expGetModelId get modelId
04-26 11:50:53.123  8584  4916 I SettingImpl: isMarketModeToggleChecked=0
04-26 11:50:53.123  8584  4916 I PTC.CONN.SenselessNetworkingImpl: acceptSenselessConnection, accept job is active, return
04-26 11:50:53.123  8584  4916 I PTC.DISC.DiscCoreImpl: advertise, options=DeviceAdvOptions={plan=Plan(planType=BLE), client=DiscoveryClient(id=accept-senseless, pkg=com.heytap.accessory, pid=8584), timeoutMillis=10000}
04-26 11:50:53.123  8584  4916 I SettingImpl: export quick device toggle value is 0
04-26 11:50:53.124  8584  4916 I PTC.DISC.BleAdvertiser: startAdvertise In. request(startAdvertise) traceId=a3678bc4-ef2d-479f-a2fc-57d6895b9c1c, client=DiscoveryClient(id=accept-senseless, pkg=com.heytap.accessory, pid=8584), details={rdi=**85B637, fHide=null}
04-26 11:50:53.124  8584  4916 I PTC.DISC.BleAdvConfig: toStartAdvertiseConfig In.
04-26 11:50:53.128  8584  4916 D AudioManager: isBluetoothScoOn()=false, calling application:com.heytap.accessory
04-26 11:50:53.128  8584  4916 V AudioManagerExtImpl: isBluetoothA2dpOnCacheAPP result = false, uid = 10148
04-26 11:50:53.129  8584  4916 I PTC.DISC.BleAdvConfig: toStartAdvertiseConfig timeoutMillis: 10000
04-26 11:50:53.129  8584  4916 I SettingImpl: export quick device toggle value is 0
04-26 11:50:53.129  8584  4916 I PTC.DISC.BleAdvertiser: stopAdvertisingTask client=DiscoveryClient(id=accept-senseless, pkg=com.heytap.accessory, pid=8584), error=Advertise ended due to the restart request, taskIsSuspending=false
04-26 11:50:53.129  8584  4916 I PTC.DISC.BleAdvertiserAdapter: ptcBleStopAdvertising client=DiscoveryClient(id=accept-senseless, pkg=com.heytap.accessory, pid=8584)
04-26 11:50:53.130  5335 31453 I bt_shim_advertiser: [le_advertising_manager.cc:78] Unregister: in shim layer
04-26 11:50:53.130  5335  5776 D bluetooth: [le_advertising_manager.cc:726] stop_advertising: advertiser_id: 0 is_periodic: false
04-26 11:50:53.131  8584  4916 I PTC.DISC.BleAdvertiser: suspendableStartAdvertise client=DiscoveryClient(id=accept-senseless, pkg=com.heytap.accessory, pid=8584), timeoutMillis=10000, advertiseMode=LOW_POWER, strategy=Senseless
04-26 11:50:53.131  8584  4916 I PTC.DISC.BleAdvertiserAdapter: ptcBleStartAdvertising client=DiscoveryClient(id=accept-senseless, pkg=com.heytap.accessory, pid=8584), senseless=true
04-26 11:50:53.131  8584  4916 D AdvertiseSettings: setTxPowerLevel: 3
04-26 11:50:53.131  8584  4916 I PTC.DISC.BleAdvertiserAdapter: ManufactureSpecificData=AF302B1488004C2648000000008336AA2D8107
04-26 11:50:53.131  5335  5776 I bluetooth: [le_address_manager.cc:246] unregister_client: Client unregistered
04-26 11:50:53.131  8584  4916 I PTC.DISC.BleAdvertiserAdapter: IncludeDeviceName ServiceData=D404B585B637084C616E6365204F6E65506C7573203133
04-26 11:50:53.131  8584  4916 D AdvertiseSettings: setTxPowerLevel: 3
04-26 11:50:53.131  8584  4916 W BluetoothAdapterExtImpl: uid is 10148
04-26 11:50:53.131  8584  4916 D BluetoothAdapter: isLeEnabled(): ON
04-26 11:50:53.131  8584  4916 D BluetoothLeAdvertiser: TxPower == ADVERTISE_TX_POWER_HIGH
04-26 11:50:53.131  8584  4916 D BluetoothAdapter: isLeEnabled(): ON
04-26 11:50:53.132  5335 31453 I bt_shim_advertiser: [le_advertising_manager.cc:150] StartAdvertisingSet: in shim layer
04-26 11:50:53.132  5335 31453 I bt_shim_advertiser: [le_advertising_manager.cc:170] StartAdvertisingSet: create advertising set, client_id:255, reg_id:-1245
04-26 11:50:53.132  5335  5776 I bluetooth: [le_address_manager.cc:231] register_client: Client registered
04-26 11:50:53.137  1942  6436 I vendor.qti.bluetooth@1.0-ibs_handler: ProcessIbsCmd: Received IBS_WAKE_IND: 0xFD
04-26 11:50:53.137  1942  6436 I vendor.qti.bluetooth@1.0-ibs_handler: ProcessIbsCmd: Writing IBS_WAKE_ACK
04-26 11:50:53.137  4925  4925 D OplusNotificationDateTimeView: setTime mSettingTimeMillis 1777229452877, mSettingLocalDateTime 2026-04-26T11:50:00.877
04-26 11:50:53.139  4925  4925 I SystemUi--Notification: OplusNotificationTempla-->resolveContentMargin: marginTop=84 isChildInGroup=false hasSubtitle=true params.topMargin=84
04-26 11:50:53.139  4925  4925 W SystemUi--Notification: OplusNotificationGroupExtImpl-->setChildrenExpanded: groupHeader is null
04-26 11:50:53.140  5335  5776 I bluetooth: [le_advertising_manager.cc:1780] on_set_advertising_set_random_address_complete: update random address for advertising set 0 : xx:xx:xx:xx:dd:66
04-26 11:50:53.142  8584  8584 I PTC.DISC.BleAdvertiserAdapter: ptc resume suspendableStartAdvertising client=DiscoveryClient(id=accept-senseless, pkg=com.heytap.accessory, pid=8584)
04-26 11:50:53.142  8584  4916 I PTC.DISC.BleAdvertiser: startAdvertise Out. response(startAdvertise) traceId=a3678bc4-ef2d-479f-a2fc-57d6895b9c1c, client=DiscoveryClient(id=accept-senseless, pkg=com.heytap.accessory, pid=8584), result=true, exception=null, details={name=**ePlus 13, strategy=Senseless, rdi=**85B637}
04-26 11:50:53.142  8584  4916 I PTC.DISC.AdvertiserContainer: Advertise started, add advertising client=DiscoveryClient(id=accept-senseless, pkg=com.heytap.accessory, pid=8584)
04-26 11:50:53.152  4925  4925 E LockScreenNotificationDispatcherImp: updateNotificationListOnKg size:0
04-26 11:50:53.155  4925  4925 W SystemUi--Notification: OplusNotificationGroupExtImpl-->setChildrenExpanded: groupHeader is null
04-26 11:50:53.156  4925  4925 I SystemUi--Notification: LockScreenNotificationDispatcherImp-->updateNotificationListOnKg resultCode: 0
04-26 11:50:53.178  8448  3058 I NearbyConnections: EndpointManager quit overall KeepAliveManager loop for endpoint AQVL because there's no EndpointChannel for it.
04-26 11:50:53.182  1942  6436 I vendor.qti.bluetooth@1.0-ibs_handler: ProcessIbsCmd: Received IBS_SLEEP_IND: 0xFE
04-26 11:50:53.360  2086  2086 D SensorFeature: name=ssc_screenshot_info ,index = 22
04-26 11:50:53.360  2086  2086 D SensorFeature: write 37 bytes:69034412109669,69034428776335,42842,0
04-26 11:50:53.391  1942  6443 I vendor.qti.bluetooth@1.0-ibs_handler: DeviceSleep: TX Awake, Sending SLEEP_IND
04-26 11:50:53.392  1942  6443 D vendor.qti.bluetooth@1.0-ibs_handler: SerialClockVote: vote for UART CLK OFF
04-26 11:50:53.421  2132  2175 D BatteryChargeControl: bcc get no support from charging protocol
04-26 11:50:53.421  2132  2188 E BatteryDamageDetect: BddVoltDiffCheck begins
04-26 11:50:53.421  2132  2188 E BatteryDamageDetect: volt diff trend not changed, volt_diff_trend = 0
04-26 11:50:53.443  8448  1791 E NearbyMediums: MEDIUM_ERROR [SYSTEM][BLUETOOTH][START_ADVERTISING][START_ADVERTISING_FAILED][TIMEOUT], service-id=com.andrerinas.hurev
04-26 11:50:53.444  8448  1791 I Nearby  : (REDACTED) Failed attempt #%d out of %d for %s
04-26 11:50:53.444  8448  1791 I Nearby  : java.lang.RuntimeException: Failed to set Bluetooth scan mode to 23
04-26 11:50:53.444  8448  1791 I Nearby  : 	at donj.run(:com.google.android.gms@261631035@26.16.31 (260400-900800821):249)
04-26 11:50:53.444  8448  1791 I Nearby  : 	at immx.call(:com.google.android.gms@261631035@26.16.31 (260400-900800821):3)
04-26 11:50:53.444  8448  1791 I Nearby  : 	at imna.a(:com.google.android.gms@261631035@26.16.31 (260400-900800821):39)
04-26 11:50:53.444  8448  1791 I Nearby  : 	at imna.b(:com.google.android.gms@261631035@26.16.31 (260400-900800821):6)
04-26 11:50:53.444  8448  1791 I Nearby  : 	at donk.c(:com.google.android.gms@261631035@26.16.31 (260400-900800821):30)
04-26 11:50:53.444  8448  1791 I Nearby  : 	at donk.a(:com.google.android.gms@261631035@26.16.31 (260400-900800821):36)
04-26 11:50:53.444  8448  1791 I Nearby  : 	at dots.j(:com.google.android.gms@261631035@26.16.31 (260400-900800821):54)
04-26 11:50:53.444  8448  1791 I Nearby  : 	at dotw.o(:com.google.android.gms@261631035@26.16.31 (260400-900800821):36)
04-26 11:50:53.444  8448  1791 I Nearby  : 	at dotw.a(:com.google.android.gms@261631035@26.16.31 (260400-900800821):602)
04-26 11:50:53.444  8448  1791 I Nearby  : 	at donp.c(:com.google.android.gms@261631035@26.16.31 (260400-900800821):116)
04-26 11:50:53.444  8448  1791 I Nearby  : 	at djvh.h(:com.google.android.gms@261631035@26.16.31 (260400-900800821):502)
04-26 11:50:53.444  8448  1791 I Nearby  : 	at dkfh.E(:com.google.android.gms@261631035@26.16.31 (260400-900800821):235)
04-26 11:50:53.444  8448  1791 I Nearby  : 	at dkan.call(:com.google.android.gms@261631035@26.16.31 (260400-900800821):132)
04-26 11:50:53.444  8448  1791 I Nearby  : 	at java.util.concurrent.FutureTask.run(FutureTask.java:317)
04-26 11:50:53.444  8448  1791 I Nearby  : 	at bjwm.c(:com.google.android.gms@261631035@26.16.31 (260400-900800821):50)
04-26 11:50:53.444  8448  1791 I Nearby  : 	at bjwm.run(:com.google.android.gms@261631035@26.16.31 (260400-900800821):66)
04-26 11:50:53.444  8448  1791 I Nearby  : 	at java.util.concurrent.ThreadPoolExecutor.runWorker(ThreadPoolExecutor.java:1154)
04-26 11:50:53.444  8448  1791 I Nearby  : 	at java.util.concurrent.ThreadPoolExecutor$Worker.run(ThreadPoolExecutor.java:652)
04-26 11:50:53.444  8448  1791 I Nearby  : 	at bkcd.run(:com.google.android.gms@261631035@26.16.31 (260400-900800821):8)
04-26 11:50:53.444  8448  1791 I Nearby  : 	at java.lang.Thread.run(Thread.java:1563)
04-26 11:50:53.542  1942  5779 D vendor.qti.bluetooth@1.0-wake_lock: Release wakelock is released 
04-26 11:50:53.576  3393  4389 V AlarmManager: sending alarm Alarm{b2c10e2 type 1 origWhen 1777229453576 whenElapsed 69034645 android} uid 1000 whenElapsed 69034645 windowLength 0 maxWhenElapsed 69034645 repeatInterval 0 action null component null tag StorgaeBandInfoAlarmTag flags 0x9 procName system_server
04-26 11:50:53.577  3393 19256 E OplusStorageUFSBandwidth: storage_io_metrics_path is /proc/oplus_storage/io_metrics/forever/
04-26 11:50:53.578  3393 19256 E OplusStorageUFSBandwidth: Bandwidth - Read: 0.50 MB/s, Write: 0.00 MB/s
04-26 11:50:53.578  3393 19256 E OplusStorageUFSBandwidth: Task time: 1ms
04-26 11:50:53.582  3393 19256 E OplusStorageUFSBandwidth: Alarm set to trigger in 10 seconds
04-26 11:50:53.602  1999  2144 E PERFHAL-PERFCTRL: PERFHAL-PERFCTRL: chk_core_online_poll_loop() 748: poll() has timed out for /sys/kernel/msm_performance/events/cpu_hotplug
04-26 11:50:53.602  1999  2144 E PERFHAL-PERFCTRL: PERFHAL-PERFCTRL: chk_core_online_poll_loop() 743: Block on poll()
04-26 11:50:53.642  2086  2086 D SensorFeature: name=ssc_screenshot_info ,index = 22
04-26 11:50:53.642  2086  2086 D SensorFeature: write 37 bytes:69034693562325,69034710228991,42843,0
04-26 11:50:53.778  2683  3063 I OAL_Nearby: Stopping Nearby advertising
04-26 11:50:53.779  2683  3063 I OAL_Nearby: Starting Nearby advertising...
04-26 11:50:53.779  2683  3063 I OAL_Nearby: Advertising as "Lance OnePlus 13" (service=com.andrerinas.hurev)
04-26 11:50:53.780  8448  8518 I NearbyConnections: Client 45317455 requested advertising to stop.
04-26 11:50:53.780  8448  8518 I NearbyConnections: Client 45317455 has requested us to stop all endpoints. We will now reset the client.
04-26 11:50:53.783  8448  8518 I NearbyConnections: ClientProxy(com.openautolink.companion) allow WebRtc to use mobile data.
04-26 11:50:53.783  8448  8518 I NearbyConnections: Client 45317455 requested advertising to start.
04-26 11:50:53.786  3393  8226 D NotificationService--OplusNotificationFixHelper: fixAppIcon: pkg=com.openautolink.companion
04-26 11:50:53.786  3393  8226 D NotificationService--OplusNotificationFixHelper: fixAppIcon: appIcon = null, pkg = com.openautolink.companion
04-26 11:50:53.787  3393  8226 D NotificationService--NotificationRecord: isSupportRearLight , isRearLight = false mLedRM = false isMultilLed = false
04-26 11:50:53.788  3393  8226 I OplusStatusBarManagerServiceEnhance:  getTopIsFullscreen mTopIsFullscreen: false
04-26 11:50:53.788  3393  8226 W ActivityManager: Permission Denial: getTopApplicationInfo from pid=2683, uid=10511 requires oplus.permission.OPLUS_COMPONENT_SAFE
04-26 11:50:53.788  3393  8226 E OplusNotificationCenter: getForegroundApplication exception
04-26 11:50:53.789  3393  3393 D NotificationService--OplusNotificationManagerServiceExtImpl: isForwardToAssistants: true, case : Is local notification
04-26 11:50:53.789  3393  3393 D NotificationService: This application enqueue notifications is need postDelayed mcsAssistantDelayTime: 200
04-26 11:50:53.896  1955 30145 I sensors-hal: handle_oplus_wise_rgb_event:189, high_pwm_light:lux 56.1,cct 4353.5,brl/algo/ir 2468.0/2.0/90.6,pwm/dc 0.0/0.0,rgbc 5277.291992/3270.251221/1884.601196/8865.729492,ts 69034708749209,cnt 12247,flag 42843
04-26 11:50:53.922  2086  2086 D SensorFeature: name=ssc_screenshot_info ,index = 22
04-26 11:50:53.923  2086  2086 D SensorFeature: write 37 bytes:69034974927481,69034991594147,42844,0
04-26 11:50:54.010  4925  4925 I SystemUi--Notification: OplusLiveAlertNotificationsRepository-->onRankingApplied
04-26 11:50:54.016  4925  4925 I PluginSeedling--Track: RequestHandler-->notificationUpdated 0|com.openautolink.companion|1|null|10511 postTime: 1777229453786
04-26 11:50:54.016  4925  4925 E LockScreenNotificationDispatcherImp: updateNotificationListOnKg size:0
04-26 11:50:54.019  4925  4925 W SystemUi--Notification: OplusNotificationGroupExtImpl-->setChildrenExpanded: groupHeader is null
04-26 11:50:54.020  4925  4925 I SystemUi--Notification: LockScreenNotificationDispatcherImp-->updateNotificationListOnKg resultCode: 0
04-26 11:50:54.029  3153  3153 I synaLib : tcm: STATUS: Exit DOZE mode
04-26 11:50:54.032  4925  5250 D LocalImageResolver: Couldn't use ImageDecoder for drawable, falling back to non-resized load.
04-26 11:50:54.033  4925  5250 D LocalImageResolver: Couldn't use ImageDecoder for drawable, falling back to non-resized load.
04-26 11:50:54.034  4925  4925 D OplusNotificationDateTimeView: setTime mSettingTimeMillis 1777229453781, mSettingLocalDateTime 2026-04-26T11:50:00.781
04-26 11:50:54.044  3153  3153 E OplusTouchDaemon: [prevent][curved_large_handle_V2][3008]: id:0 pos:1 center_down:1 (11223 50016)(3 0 17 0) 
04-26 11:50:54.047  3393  4406 W InputDispatcherExtImpl: channel 2d1c9d0 com.openautolink.companion/com.openautolink.companion.MainActivity MotionEvent action_down is in interception region {[homegesture_displayid_0][0.000000,2318.000000][1080.000000,2376.000000],}, x: 526.055298, y: 2344.453857, key: homegesture_displayid_0, displayid: 0, DispatchRegion: {[homegesture_displayid_0][0.000000,2232.000000][1080.000000,2376.000000],}
04-26 11:50:54.047  2265  3422 D VRR [OTI]: handleIdle from 1 to 0
04-26 11:50:54.047  2265  3422 D VRR [RefreshRateDirector]: requestRefreshRateByOti update [ oti-hw, {fps=90, modePtr={id=6, vsyncRate=90.00 Hz, peakRefreshRate=90.00 Hz}} ]
04-26 11:50:54.047  2265  3422 D VRR [RefreshRateDirector]: updateBestFrameRate [oti-hw, {fps=90, modePtr={id=6, vsyncRate=90.00 Hz, peakRefreshRate=90.00 Hz}}]
04-26 11:50:54.047  2265  3430 D SurfaceFlinger: VRR [SurfaceFlinger] setDesiredActiveMode: displayId: 4630946756802996883, renderRate: 90, vsyncRate: 90, event: 0
04-26 11:50:54.047  2265  3430 D DisplayModeController: setDesiredMode 4630946756802996883 {mode={fps=90.00 Hz, modePtr={id=6, vsyncRate=90.00 Hz, peakRefreshRate=90.00 Hz}}, emitEvent=false, force=false}
04-26 11:50:54.048  3393  4672 D GestureLog_OplusMultiPointerDetector: onTouchEvent------>start, mCurNumPointers=1, mCurrStatus=0 mIsDownIntervalTimeout=true, action=0 downTime=46662397 deviceId=6
04-26 11:50:54.048  2265  2265 I HWC2    : [0] setActiveConfigWithConstraints[6]
04-26 11:50:54.049  3393  4907 I [UAH_CLIENT]: UahEventAcquire, cmdid:37, pkg:none, identity:OplusUAwareInputHelper
04-26 11:50:54.048  1986 26628 I SDM     : SDMDisplayIris::SetActiveConfigToIrisWrapper: SetActiveConfigToIrisWrapper [6] on id_: 0
04-26 11:50:54.049  1986 26628 W SDM     : SDMDisplayIris::SetActiveConfigToIrisWrapper: HWC SetActiveConfig [2], switch to [1440x3168@90]
04-26 11:50:54.049  4925  5280 I SystemUi--NavBar: SideGestureDetector-->isInvalidEvent:false ,isMisTouchInvalidEvent = false  ,disableCui:false  ,ev:MotionEvent { action=ACTION_DOWN, actionButton=0, id[0]=0, x[0]=526.05566, y[0]=2344.454, toolType[0]=TOOL_TYPE_FINGER, buttonState=0, classification=NONE, metaState=0, flags=0x0, edgeFlags=0x0, pointerCount=1, historySize=0, eventTime=46662397, downTime=46662397, deviceId=6, source=0x1002, displayId=0, eventId=230462353 }
04-26 11:50:54.049  4925  5280 I SystemUi--NavBar: NoBackGesture-->display_id_0 Start gesture: MotionEvent { action=ACTION_DOWN, actionButton=0, id[0]=0, x[0]=526.05566, y[0]=2344.454, toolType[0]=TOOL_TYPE_FINGER, buttonState=0, classification=NONE, metaState=0, flags=0x0, edgeFlags=0x0, pointerCount=1, historySize=0, eventTime=46662397, downTime=46662397, deviceId=6, source=0x1002, displayId=0, eventId=230462353 } ,mRotation = 0
04-26 11:50:54.049  4925  5280 I SystemUi--NavBar: NoBackGesture-->display_id_0 bottomGestureAreaHeight = 58  mDisplaySize.y = 2376 x = 526.05566 y = 2344.454
04-26 11:50:54.049  4925  5280 I SystemUi--NavBar: NoBackGesture-->display_id_0 Not in side gesture area
04-26 11:50:54.049  5294  5294 D AnimSeqTimeStamp: getTimeGapToLastStartAppTime: 46662403
04-26 11:50:54.050  1986 26628 I SDM     : SDMDisplayIris::SetActiveConfigToIrisWrapper: SetActiveConfigToIrisWrapper [2] on id_: 0
04-26 11:50:54.050  1986 26628 W SDM     : SDMDisplayIris::SetActiveConfigToIrisWrapper: HWC SetActiveConfig [2], switch to [1440x3168@90]
04-26 11:50:54.050  1986 26628 W SDM     : HWDeviceDRM::GetSupportedBitClkRate: Requested rate not supported: 1363200000
04-26 11:50:54.050  1986 26628 I SDM     : HWDeviceDRM::UpdateMixerAttributes: Mixer WxH 1440x3168-1 for Peripheral
04-26 11:50:54.050  1986 26628 I CwbService: CwbService::notifyConfigChange: display:0, config:6 size:4, sec.size():0
04-26 11:50:54.050  1986  3388 I CasManager: Fps changed from 60 to 90
04-26 11:50:54.050  1986  3388 I CasManager: Fps changed, not change bin, so trigger gain
04-26 11:50:54.050  3393  3621 D PowerManagerService: userActivityNoUpdateLocked: groupId=0, eventTime=46662397, event=touch, flags=0x0, uid=1000
04-26 11:50:54.050  1986  3388 W SDM     : DemuraIntfImpl::ProcessOemPluginGain: Thermal intf_ is nullptr 0, default to 25 degree
04-26 11:50:54.050  1986  3388 I SDM     : CasQcPlugIn::ProcessPerCompGainOppo: mode:PWM, fps:90, dbv:2468, bin_dbv:3515, bright_adj:718
04-26 11:50:54.050  1986  3388 I SDM     : CasQcPlugIn::ProcessPerCompGainOppo: old: 0 9 8 9 76 165 874 3072 |  0 8 10 9 77 151 665 2163 |  0 9 9 9 66 145 780 3072 | 
04-26 11:50:54.050  1986  3388 I SDM     : CasQcPlugIn::ProcessPerCompGainOppo: new: 0 0 0 9 60 132 699 3072 |  0 0  0 9 53 151 665 2163 |  0 0 0 9 66 145 780 3072 | 
04-26 11:50:54.050  1986  3388 I SDM     : HWPeripheralDRM::SetPanelFeature: Set Panel feature property 20
04-26 11:50:54.050  1986  3388 I SDM     : HWPeripheralDRM::SetPanelFeature: Set Panel feature property 7
04-26 11:50:54.051  1986  3388 I SDM     : DisplayBuiltIn::TriggerDemuraOemPlugIn: Trigger demura oem plugin success
04-26 11:50:54.051  5294  5294 D MultiStateCallback: raw caller: com.android.quickstep.GestureState.<init>:17
04-26 11:50:54.051  5294  5294 D OplusBaseTouchInteractionService: onInputEvent-isReverseGestureAnimationRunning: false, null. null, isInheritForReverseAnim = false, continuePreviousGesture = false
04-26 11:50:54.052  3393  3621 D PowerManagerService: userActivityNoUpdateLocked: groupId=0, eventTime=46662397, event=touch, flags=0x0, uid=1000
04-26 11:50:54.052  1986  2514 I SDM     : DRMPanelFeatureMgr::ApplyDirtyFeature: Commited panel feature [enabled]: 21-273
04-26 11:50:54.052  1986  2514 I SDM     : DRMPanelFeatureMgr::ApplyDirtyFeature: Commited panel feature [enabled]: 8-272
04-26 11:50:54.052  1986  2514 D SDM     : HWDeviceDRM::SetupAtomic: APUIR: m_isswitchfps 2
04-26 11:50:54.052  5294  5294 D OplusBaseInputConsumerController: shouldRecreate: mIsCreateFailed: false, mAllowRecreate: true
04-26 11:50:54.053  5294  5294 W OplusBaseTouchInteractionService[u0]: onInputEvent(), ACTION_DOWN, Consumer=TYPE_CUI|TYPE_OTHER_ACTIVITY
04-26 11:50:54.055  1999  2115 I [UAH_CLIENT]: UahPlatformResAcquire
04-26 11:50:54.055  1999  2115 I [UAH_CLIENT]: UahEventAcquire, cmdid:-3, pkg:2265 7314, identity:qcom-perfd
04-26 11:50:54.055  5294  5294 D OplusGcSupressionExtImpl: callGcSupression : java.lang.NullPointerException: Attempt to invoke virtual method 'java.lang.Object java.lang.reflect.Method.invoke(java.lang.Object, java.lang.Object[])' on a null object reference
04-26 11:50:54.055  5294  5294 E [OPLUS_AFS_CONFIG]: Failed to open AFS config file: /proc/oplus_afs_config/afs_config
04-26 11:50:54.055  5294  5294 E AFS_CONFIG: Failed to get scene config
04-26 11:50:54.055  5294  5294 E OplusAfsManager: afsConfigSceneConfigGet sceneType is null
04-26 11:50:54.055  5294  5294 I [UAH_CLIENT]: UahEventAcquire, cmdid:426, pkg:none, identity:GpuBoost
04-26 11:50:54.055  1999  2115 E PERFHAL-RESOURCEQS: PERFHAL-RESOURCEQS: AddAndApply() 130: Resource with major=18, minor=41 not supported
04-26 11:50:54.056  1999  2115 E PERFHAL-OPTSHANDLER: PERFHAL-OPTSHANDLER: unsupported() 909: Error: This resource is not supported
04-26 11:50:54.056  1999  2115 E PERFHAL-RESOURCEQS: PERFHAL-RESOURCEQS: RemoveAndApply() 299: Failed to reset optimization here [18, 41]
04-26 11:50:54.056  1999  2115 I [UAH_CLIENT]: UahRelease, handle:19370
04-26 11:50:54.057  4925  4925 D OplusNotificationDateTimeView: setTime mSettingTimeMillis 1777229453781, mSettingLocalDateTime 2026-04-26T11:50:00.781
04-26 11:50:54.059  4925  4925 I SystemUi--Notification: OplusNotificationTempla-->resolveContentMargin: marginTop=84 isChildInGroup=false hasSubtitle=true params.topMargin=84
04-26 11:50:54.059  4925  4925 W SystemUi--Notification: OplusNotificationGroupExtImpl-->setChildrenExpanded: groupHeader is null
04-26 11:50:54.060  4925  4925 I SystemUi--NavBar: NoBackGesture-->gestureBar animation: gestureBarNotHide = true, isCorrectHomeHandle = true
04-26 11:50:54.060  4925  4925 I SystemUi--NavBar: NoBackGesture-->send down event to NavigationBarHandle
04-26 11:50:54.068  3153  3153 E OplusTouchDaemon: [prevent][curved_large_handle_V2][3082]: up id(0) status: 1, 1, 1, 0.
04-26 11:50:54.069  5294  5294 D AnimSeqTimeStamp: getTimeGapToLastStartAppTime: 46662424
04-26 11:50:54.070  4925  5280 I SystemUi--NavBar: SideGestureDetector-->isInvalidEvent:false ,isMisTouchInvalidEvent = false  ,disableCui:false  ,ev:MotionEvent { action=ACTION_UP, actionButton=0, id[0]=0, x[0]=526.05566, y[0]=2344.454, toolType[0]=TOOL_TYPE_FINGER, buttonState=0, classification=NONE, metaState=0, flags=0x0, edgeFlags=0x0, pointerCount=1, historySize=0, eventTime=46662421, downTime=46662397, deviceId=6, source=0x1002, displayId=0, eventId=509401850 }
04-26 11:50:54.070  1986  2514 D SDM     : HWDeviceDRM::SetupAtomic: APUIR: m_isswitchfps 1
04-26 11:50:54.070  5294  5294 I [UAH_CLIENT]: UahRelease, handle:426
04-26 11:50:54.070  3393  4907 D UAH-UahAdaptHelper: adaptSetNotification identity = OplusUAwareInputHelpersrc = 1000 , type 1 ,p1 = -1 ,p2 = -1 ,p3 = -1 ,p4 =
04-26 11:50:54.070  3393  4907 I [UAH_CLIENT]: uahRuleCtl, ruleId:1000, status:1
04-26 11:50:54.072  4925  4925 E LockScreenNotificationDispatcherImp: updateNotificationListOnKg size:0
04-26 11:50:54.072  5294  5294 D OplusGcSupressionExtImpl: callGcDesupression : java.lang.NullPointerException: Attempt to invoke virtual method 'java.lang.Object java.lang.reflect.Method.invoke(java.lang.Object, java.lang.Object[])' on a null object reference
04-26 11:50:54.072  5294  5294 E [OPLUS_AFS_CONFIG]: Failed to open AFS config file: /proc/oplus_afs_config/afs_config
04-26 11:50:54.072  5294  5294 E AFS_CONFIG: Failed to get scene config
04-26 11:50:54.072  5294  5294 E OplusAfsManager: afsConfigSceneConfigGet sceneType is null
04-26 11:50:54.072  5294  5294 D OtherActivityInputConsumer: removeListener, mActiveCallbacks == null ? true
04-26 11:50:54.073  5294  5294 D OplusGcSupressionExtImpl: callGcDesupression : java.lang.NullPointerException: Attempt to invoke virtual method 'java.lang.Object java.lang.reflect.Method.invoke(java.lang.Object, java.lang.Object[])' on a null object reference
04-26 11:50:54.073  5294  5294 E [OPLUS_AFS_CONFIG]: Failed to open AFS config file: /proc/oplus_afs_config/afs_config
04-26 11:50:54.073  5294  5294 E AFS_CONFIG: Failed to get scene config
04-26 11:50:54.073  5294  5294 E OplusAfsManager: afsConfigSceneConfigGet sceneType is null
04-26 11:50:54.073  5294  5294 I [UAH_CLIENT]: UahRelease, handle:426
04-26 11:50:54.074  4925 10364 D LauncherProxyService: notifyInjectEvent
04-26 11:50:54.076  3393  4672 D GestureLog_OplusMultiPointerDetector: onTouchEvent------>start, mCurNumPointers=1, mCurrStatus=0 mIsDownIntervalTimeout=false, action=0 downTime=46662396 deviceId=6
04-26 11:50:54.076  4925  4925 W SystemUi--Notification: OplusNotificationGroupExtImpl-->setChildrenExpanded: groupHeader is null
04-26 11:50:54.076  4925  5280 I SystemUi--NavBar: SideGestureDetector-->isInvalidEvent:true ,isMisTouchInvalidEvent = false  ,disableCui:false  ,ev:MotionEvent { action=ACTION_DOWN, actionButton=0, id[0]=0, x[0]=526.05566, y[0]=2344.454, toolType[0]=TOOL_TYPE_FINGER, buttonState=0, classification=NONE, metaState=0, flags=0x0, edgeFlags=0x0, pointerCount=1, historySize=0, eventTime=46662397, downTime=46662396, deviceId=6, source=0x1002, displayId=0, eventId=230462353 }
04-26 11:50:54.077  3393  3621 D PowerManagerService: userActivityNoUpdateLocked: groupId=0, eventTime=46662397, event=touch, flags=0x0, uid=1000
04-26 11:50:54.077  3393  3621 D PowerManagerService: userActivityNoUpdateLocked: groupId=0, eventTime=46662397, event=touch, flags=0x0, uid=1000
04-26 11:50:54.077  3393  4907 I [UAH_CLIENT]: UahEventAcquire, cmdid:37, pkg:none, identity:OplusUAwareInputHelper
04-26 11:50:54.077  3393  8226 I VibratorManagerServiceExtImpl: cancelVibrate uid=10262, pid=4925, usageFilter=-1, token=67977435
04-26 11:50:54.078  4925  5280 I SystemUi--NavBar: SideGestureDetector-->isInvalidEvent:true ,isMisTouchInvalidEvent = false  ,disableCui:false  ,ev:MotionEvent { action=ACTION_UP, actionButton=0, id[0]=0, x[0]=526.05566, y[0]=2344.454, toolType[0]=TOOL_TYPE_FINGER, buttonState=0, classification=NONE, metaState=0, flags=0x0, edgeFlags=0x0, pointerCount=1, historySize=0, eventTime=46662421, downTime=46662396, deviceId=6, source=0x1002, displayId=0, eventId=509401850 }
04-26 11:50:54.078  5294  5294 D AnimSeqTimeStamp: getTimeGapToLastStartAppTime: 46662432
04-26 11:50:54.078  3393  4907 D UAH-UahAdaptHelper: adaptSetNotification identity = OplusUAwareInputHelpersrc = 1000 , type 1 ,p1 = -1 ,p2 = -1 ,p3 = -1 ,p4 =
04-26 11:50:54.078  3393  4907 I [UAH_CLIENT]: uahRuleCtl, ruleId:1000, status:1
04-26 11:50:54.078  4925  4925 I SystemUi--Notification: LockScreenNotificationDispatcherImp-->updateNotificationListOnKg resultCode: 0
04-26 11:50:54.081  2683  2683 I DynamicFramerate [AnimationSpeedAware]: onEventHandled: info: InputEventInfo: mX = 0, mY = 0, mAction = 0, mVsyncTime = 46662435, mIsMoving = true, mUpdated = true
04-26 11:50:54.081  2683  2683 E IJankManager: slideSceneEnd unknown scene 1000 mScene:-1
04-26 11:50:54.082  2683  2683 V AutofillManager: requestHideFillUi(null): anchor = null
04-26 11:50:54.082  1986  2514 D SDM     : HWDeviceDRM::SetupAtomic: APUIR: m_isswitchfps 0
04-26 11:50:54.082  2265  3434 D skia    : findCacheMissInfo vsync 14231973, result 0
04-26 11:50:54.088  2683  2683 D OplusInputMethodManagerInternal: get inputMethodManager extension: com.android.internal.view.IInputMethodManager$Stub$Proxy@2546c5a
04-26 11:50:54.089  2683  2683 I DynamicFramerate [AnimationSpeedAware]: onEventHandled: info: InputEventInfo: mX = 0, mY = 0, mAction = 1, mVsyncTime = 46662443, mIsMoving = false, mUpdated = true
04-26 11:50:54.090  2683  2683 D ViewRootImplExtImpl: the up motion event handled by client, just return
04-26 11:50:54.108  5272  7536 D CommonApp-113-10511: transport layer data is invalid
04-26 11:50:54.108  5272  7536 D ScorePolicy: handleScoreChanged: []
04-26 11:50:54.108  5272  7536 D ScorePolicy: handleScoreChanged: []
04-26 11:50:54.108  5272  7536 D ScorePolicy: handleScoreChanged: []
04-26 11:50:54.117  3393  3626 D VRR [OPlusRefreshRateService]: handleConfigIdChange physicalDisplayId: 4630946756802996883 configId: 6 renderPeriod: 11111111
04-26 11:50:54.118  3393  3626 D VRR [OPlusGameStatusManager]: updateGameState mOSyncFeatureSwitch: false mIsGamePolicy: false
04-26 11:50:54.118  3393  3626 D VRR [OPlusGameStatusManager]: updateGameAccelerationStatus pkgName: com.openautolink.companion mOSyncFeatureSwitch: false mIsGamePolicy: false mHeartStop: false mHasFlickerRisk: false mForceAcceleration: false mToastReady: false enable: false
04-26 11:50:54.118  3393  3626 D VRR [OPlusExternalRefreshRateManager]:  Display refreshrate :90 , Switch to OTI-HW 
04-26 11:50:54.139  1958 30234 I WifiHAL : event received NL80211_CMD_VENDOR, vendor_id = 0x1374, subcmd = 0xd
04-26 11:50:54.139  2995  2995 I cnss-daemon: nl80211 response handler invoked
04-26 11:50:54.139  3037 30239 D LOWI-9.0.1.118: [LOWI-Scan] wait_event:Wait done with Cmd 103
04-26 11:50:54.139  3037 30239 D LOWI-9.0.1.118: [LOWI-Scan] do_listen_events: Rcvd valid Netlink Cmd 0 Err 0
04-26 11:50:54.140  2995  2995 I cnss-daemon: nl80211_response_handler: cmd 103, vendorID 4980, subcmd 13  received
04-26 11:50:54.169  3393  3626 D VRR [OPlusSAManager]: updateAutoMinfps for 4630946756802996883 with nits: 399.54022, mHistOK true, mAmbientOK true, mCctOK true, mIrOK true, mBrightnessOK true, isPkgOK true, SA min fps: 89
04-26 11:50:54.169  2265  5963 I VRR-[OPlusRefreshRateSelector]: updateAutoMode success, display 0, mode 0, fakeframe 1, min fps: 1
04-26 11:50:54.169  1986 26628 I SDM     : DisplayBuiltIn::SetQSyncMode: VRR + update qsync mode 0 minfps 00C08181
04-26 11:50:54.172  1986  2514 E SDM     : DRMConnector::Perform: Connector 68: Setting Qsync min fps 12616065
04-26 11:50:54.203  2086  2086 D SensorFeature: name=ssc_screenshot_info ,index = 22
04-26 11:50:54.203  2086  2086 D SensorFeature: write 37 bytes:69035260711005,69035271822116,42845,0
04-26 11:50:54.268  3393  4232 D osense.compress: com.google.android.gms do shrink, target ratio = 81, final ratio = 90, cur ratio = 73
04-26 11:50:54.382  3153  3153 I synaLib : tcm: STATUS: Enter DOZE mode
04-26 11:50:54.421  2132  2188 E BatteryDamageDetect: BddVoltDiffCheck begins
04-26 11:50:54.421  2132  2175 D BatteryChargeControl: bcc get no support from charging protocol
04-26 11:50:54.422  2132  2188 E BatteryDamageDetect: volt diff trend not changed, volt_diff_trend = 0
04-26 11:50:54.422  3153  3153 I synaLib : tcm: STATUS: Exit DOZE mode
04-26 11:50:54.430  3153  3153 E OplusTouchDaemon: [prevent][curved_large_handle_V2][3008]: id:0 pos:1 center_down:1 (11709 50176)(3 0 27 0) 
04-26 11:50:54.430  3153  3153 E OplusTouchDaemon: [touchEvent][ts_report_touch_data][649]: first touch point id 0 [11709 50176    4    0    3    0   27]
04-26 11:50:54.431  3393  4406 W InputDispatcherExtImpl: channel 2d1c9d0 com.openautolink.companion/com.openautolink.companion.MainActivity MotionEvent action_down is in interception region {[homegesture_displayid_0][0.000000,2318.000000][1080.000000,2376.000000],}, x: 548.835571, y: 2351.953613, key: homegesture_displayid_0, displayid: 0, DispatchRegion: {[homegesture_displayid_0][0.000000,2232.000000][1080.000000,2376.000000],}
04-26 11:50:54.432  4925  5280 I SystemUi--NavBar: SideGestureDetector-->isInvalidEvent:false ,isMisTouchInvalidEvent = false  ,disableCui:false  ,ev:MotionEvent { action=ACTION_DOWN, actionButton=0, id[0]=0, x[0]=548.83594, y[0]=2351.954, toolType[0]=TOOL_TYPE_FINGER, buttonState=0, classification=NONE, metaState=0, flags=0x0, edgeFlags=0x0, pointerCount=1, historySize=0, eventTime=46662783, downTime=46662783, deviceId=6, source=0x1002, displayId=0, eventId=905123520 }
04-26 11:50:54.432  5294  5294 D AnimSeqTimeStamp: getTimeGapToLastStartAppTime: 46662786
04-26 11:50:54.432  4925  5280 I SystemUi--NavBar: NoBackGesture-->display_id_0 Start gesture: MotionEvent { action=ACTION_DOWN, actionButton=0, id[0]=0, x[0]=548.83594, y[0]=2351.954, toolType[0]=TOOL_TYPE_FINGER, buttonState=0, classification=NONE, metaState=0, flags=0x0, edgeFlags=0x0, pointerCount=1, historySize=0, eventTime=46662783, downTime=46662783, deviceId=6, source=0x1002, displayId=0, eventId=905123520 } ,mRotation = 0
04-26 11:50:54.432  4925  5280 I SystemUi--NavBar: NoBackGesture-->display_id_0 bottomGestureAreaHeight = 58  mDisplaySize.y = 2376 x = 548.83594 y = 2351.954
04-26 11:50:54.432  4925  5280 I SystemUi--NavBar: NoBackGesture-->display_id_0 Not in side gesture area
04-26 11:50:54.433  3393  4907 I [UAH_CLIENT]: UahEventAcquire, cmdid:37, pkg:none, identity:OplusUAwareInputHelper
