04-26 11:50:54.433  3393  4672 D GestureLog_OplusMultiPointerDetector: onTouchEvent------>start, mCurNumPointers=1, mCurrStatus=0 mIsDownIntervalTimeout=true, action=0 downTime=46662783 deviceId=6
04-26 11:50:54.433  5294  5294 D MultiStateCallback: raw caller: com.android.quickstep.GestureState.<init>:17
04-26 11:50:54.434  5294  5294 D OplusBaseTouchInteractionService: onInputEvent-isReverseGestureAnimationRunning: false, null. null, isInheritForReverseAnim = false, continuePreviousGesture = false
04-26 11:50:54.434  4925  4925 I SystemUi--NavBar: NoBackGesture-->gestureBar animation: gestureBarNotHide = true, isCorrectHomeHandle = true
04-26 11:50:54.434  4925  4925 I SystemUi--NavBar: NoBackGesture-->send down event to NavigationBarHandle
04-26 11:50:54.434  3393  3621 D PowerManagerService: userActivityNoUpdateLocked: groupId=0, eventTime=46662783, event=touch, flags=0x0, uid=1000
04-26 11:50:54.435  5294  5294 D OplusBaseInputConsumerController: shouldRecreate: mIsCreateFailed: false, mAllowRecreate: true
04-26 11:50:54.435  5294  5294 W OplusBaseTouchInteractionService[u0]: onInputEvent(), ACTION_DOWN, Consumer=TYPE_CUI|TYPE_OTHER_ACTIVITY
04-26 11:50:54.435  3393  3621 D PowerManagerService: userActivityNoUpdateLocked: groupId=0, eventTime=46662783, event=touch, flags=0x0, uid=1000
04-26 11:50:54.435  5294  5294 D OplusGcSupressionExtImpl: callGcSupression : java.lang.NullPointerException: Attempt to invoke virtual method 'java.lang.Object java.lang.reflect.Method.invoke(java.lang.Object, java.lang.Object[])' on a null object reference
04-26 11:50:54.435  5294  5294 E [OPLUS_AFS_CONFIG]: Failed to open AFS config file: /proc/oplus_afs_config/afs_config
04-26 11:50:54.435  5294  5294 E AFS_CONFIG: Failed to get scene config
04-26 11:50:54.435  5294  5294 E OplusAfsManager: afsConfigSceneConfigGet sceneType is null
04-26 11:50:54.435  5294  5294 I [UAH_CLIENT]: UahEventAcquire, cmdid:426, pkg:none, identity:GpuBoost
04-26 11:50:54.444  5294  5294 D AnimSeqTimeStamp: getTimeGapToLastStartAppTime: 46662798
04-26 11:50:54.445  8448  1791 I Nearby  : (REDACTED) Beginning attempt #%d out of %d for %s...
04-26 11:50:54.447  8448  1791 I BluetoothAdapter: setScanMode(), mode: 23, called by: com.google.android.gms
04-26 11:50:54.448  5335 31453 I OplusAdapterServiceExtImpl: oplusSetScanMode currentIac: NONE calling package is com.google.android.gms mode = 23
04-26 11:50:54.448  5335 31453 I OplusAdapterServiceExtImpl: oplusSetScanMode mNlManager.isNetworklessEnable() = false
04-26 11:50:54.449  5335 31453 I oplus_bt_dual_sync: [oplus_bt_dual_sync.cc:151] stack_down_sync_action: type=35, len=28
04-26 11:50:54.449  5335 31453 I oplus_bt_dual_sync: [oplus_bt_dual_sync.cc:390] stack_down_sync_action: featureID 0, scan_mode_iac is GIAC 
04-26 11:50:54.449  5335 31453 I OplusAdapterServiceExtImpl: oplusSetScanMode mNlManager.isNetworklessEnable is false or mOplusBluetoothPerformanceParamsConfig is null set default iac to GIAC
04-26 11:50:54.450  5335  5769 D bt_shim_hci: [hci_layer.cc:235] transmit_command: Sending command WRITE_CURRENT_IAC_LAP(0x0c3a)
04-26 11:50:54.450  1942  2060 D vendor.qti.bluetooth@1.0-ibs_handler: SerialClockVote: vote for UART CLK ON
04-26 11:50:54.451  1942  2060 D vendor.qti.bluetooth@1.0-wake_lock: Acquire wakelock is acquired 
04-26 11:50:54.451  1942  2060 I vendor.qti.bluetooth@1.0-ibs_handler: DeviceWakeUp: Writing IBS_WAKE_IND
04-26 11:50:54.451  1942  6436 I vendor.qti.bluetooth@1.0-ibs_handler: ProcessIbsCmd: Received IBS_WAKE_ACK: 0xFC
04-26 11:50:54.451  1942  6436 I vendor.qti.bluetooth@1.0-ibs_handler: ProcessIbsCmd: Signal wack_cond_
04-26 11:50:54.451  1942  2060 D vendor.qti.bluetooth@1.0-ibs_handler: DeviceWakeUp: Unblocked from waiting for FC, pthread_cond_timedwait ret = 0
04-26 11:50:54.452  1942  6436 I vendor.qti.bluetooth@1.0-ibs_handler: ProcessIbsCmd: Received IBS_WAKE_IND: 0xFD
04-26 11:50:54.452  1942  6436 I vendor.qti.bluetooth@1.0-ibs_handler: ProcessIbsCmd: Writing IBS_WAKE_ACK
04-26 11:50:54.452  5335  5776 D bt_shim_hci: [hci_layer.cc:196] OnTransmitPacketCommandComplete: Received cmd complete for WRITE_CURRENT_IAC_LAP(0x0c3a)
04-26 11:50:54.455  5294  5294 D AnimSeqTimeStamp: getTimeGapToLastStartAppTime: 46662809
04-26 11:50:54.456  5335  5769 D bt_shim_hci: [hci_layer.cc:235] transmit_command: Sending command WRITE_SCAN_ENABLE(0x0c1a)
04-26 11:50:54.456  5335  5769 D bt_shim_hci: [hci_layer.cc:235] transmit_command: Sending command WRITE_SCAN_ENABLE(0x0c1a)
04-26 11:50:54.456  5335  5769 E bt_btu_hcif: [btu_hcif.cc:1096] btu_hcif_hdl_command_complete: Command complete for opcode:0xc3a should not be handled here
04-26 11:50:54.456  5335  6516 I AdapterProperties: adapterPropertyChangedCallback with type:7 len:4
04-26 11:50:54.458  5335  5776 D bt_shim_hci: [hci_layer.cc:196] OnTransmitPacketCommandComplete: Received cmd complete for WRITE_SCAN_ENABLE(0x0c1a)
04-26 11:50:54.458  5335  5776 D bt_shim_hci: [hci_layer.cc:196] OnTransmitPacketCommandComplete: Received cmd complete for WRITE_SCAN_ENABLE(0x0c1a)
04-26 11:50:54.461 20164 20164 D ReflectHelper:  newInstanceByConstructor : com.oplus.evolution.NetworklessManager
04-26 11:50:54.462 20164 20164 I BluetoothAdapter: setScanMode(), mode: 21, called by: com.oplus.wirelesssettings
04-26 11:50:54.463  5335 31453 I OplusAdapterServiceExtImpl: oplusSetScanMode currentIac: GIAC calling package is com.oplus.wirelesssettings mode = 21
04-26 11:50:54.463  5335 31453 I OplusAdapterServiceExtImpl: oplusSetScanMode mNlManager.isNetworklessEnable() = false
04-26 11:50:54.463  5335 31453 I oplus_bt_dual_sync: [oplus_bt_dual_sync.cc:151] stack_down_sync_action: type=35, len=28
04-26 11:50:54.463  5335 31453 I oplus_bt_dual_sync: [oplus_bt_dual_sync.cc:390] stack_down_sync_action: featureID 0, scan_mode_iac is GIAC 
04-26 11:50:54.463  5335 31453 I OplusAdapterServiceExtImpl: oplusSetScanMode mNlManager.isNetworklessEnable is false or mOplusBluetoothPerformanceParamsConfig is null set default iac to GIAC
04-26 11:50:54.465  5294  5294 D AnimSeqTimeStamp: getTimeGapToLastStartAppTime: 46662819
04-26 11:50:54.468  5335  5769 D bt_shim_hci: [hci_layer.cc:235] transmit_command: Sending command WRITE_SCAN_ENABLE(0x0c1a)
04-26 11:50:54.468  5335  5769 D bt_shim_hci: [hci_layer.cc:235] transmit_command: Sending command WRITE_SCAN_ENABLE(0x0c1a)
04-26 11:50:54.468  5335  6516 I AdapterProperties: adapterPropertyChangedCallback with type:7 len:4
04-26 11:50:54.469  5335  5776 D bt_shim_hci: [hci_layer.cc:196] OnTransmitPacketCommandComplete: Received cmd complete for WRITE_SCAN_ENABLE(0x0c1a)
04-26 11:50:54.469  5335  5776 D bt_shim_hci: [hci_layer.cc:196] OnTransmitPacketCommandComplete: Received cmd complete for WRITE_SCAN_ENABLE(0x0c1a)
04-26 11:50:54.477  5294  5294 D AnimSeqTimeStamp: getTimeGapToLastStartAppTime: 46662831
04-26 11:50:54.478  2086  2086 D SensorFeature: name=ssc_screenshot_info ,index = 22
04-26 11:50:54.478  2086  2086 D SensorFeature: write 37 bytes:69035536021629,69035547132740,42846,0
04-26 11:50:54.499  5294  5294 D AnimSeqTimeStamp: getTimeGapToLastStartAppTime: 46662853
04-26 11:50:54.515  1942  6436 I vendor.qti.bluetooth@1.0-ibs_handler: ProcessIbsCmd: Received IBS_SLEEP_IND: 0xFE
04-26 11:50:54.532  5294  5294 D AnimSeqTimeStamp: getTimeGapToLastStartAppTime: 46662886
04-26 11:50:54.537  5272  5272 D VendorWifiService: onEvent event:9,action:1
04-26 11:50:54.537  5272  5272 D VendorWifiService: onEvent event:19,action:1
04-26 11:50:54.537  3393  4643 D ScorerUtils: isLowTraffic: txTputKBps=2, rxTputKBps=1
04-26 11:50:54.538  3393  4643 D OplusWifiPower_TriggerCenter: mComponentCallback: wifistat
04-26 11:50:54.551  3393  3621 D PowerManagerService: userActivityNoUpdateLocked: groupId=0, eventTime=46662903, event=touch, flags=0x0, uid=1000
04-26 11:50:54.552  3393  3621 D PowerManagerService: userActivityNoUpdateLocked: groupId=0, eventTime=46662903, event=touch, flags=0x0, uid=1000
04-26 11:50:54.558  8448  8518 W OplusExSystemServiceHelper: checkOplusExSystemService intent getComponent is null
04-26 11:50:54.565  5294  5294 D AnimSeqTimeStamp: getTimeGapToLastStartAppTime: 46662919
04-26 11:50:54.566  3153  3153 I OplusTouchDaemon: ts_run_service: shellback temperature updated 28 (28389)
04-26 11:50:54.576  5294  5294 D AnimSeqTimeStamp: getTimeGapToLastStartAppTime: 46662930
04-26 11:50:54.583  5075  5568 D DnsDomainBlock: onDnsEvent: latencyMs=1, returnCode=0, uid=10146
04-26 11:50:54.587  5294  5294 D AnimSeqTimeStamp: getTimeGapToLastStartAppTime: 46662941
04-26 11:50:54.598  5294  5294 D AnimSeqTimeStamp: getTimeGapToLastStartAppTime: 46662952
04-26 11:50:54.598  5294  5294 D AnimSeqTimeStamp: getTimeGapToLastStartAppTime: 46662952
04-26 11:50:54.599  5294  5612 D SystemUiProxy: startRecentsActivity, true, setTriggerPreBootLimitSize: -1
04-26 11:50:54.600  5294  5294 D MultiStateCallback: raw caller: com.android.quickstep.AbsSwipeUpHandler.initStateCallbacks:4
04-26 11:50:54.601  5294  2360 D RemoteAnimFrameRateManager: setFrameRateTarget velocity: -1 , frame rate result : false , dynamicFrameRateType : 1
04-26 11:50:54.601  4925  4991 V ShellRecents: RecentsTransitionHandler.startRecentsTransition
04-26 11:50:54.602  4925  4991 V WindowManagerShell: Directly starting a new transition type=TO_FRONT wct=WindowContainerTransaction { changes= {} hops= [{pendingIntent: options=Bundle[{android.activity.splashScreenStyle=-1, android.activity.sourceInfo=Supplier{VAL_PARCELABLE@148+104}, deviceintegration:remotetask.launchOption=-1, android:activity.animAbortListener=null, trigger_preBoot_limit_size=-1, androidx.activity.extra=Bundle[EMPTY_PARCEL], android.activity.transientLaunch=true, android:activity.mZoomLaunchFlags=0}]}] errorCallbackToken=null taskFragmentOrganizer=null } handler=com.android.wm.shell.recents.RecentsTransitionHandler@6b38dc8
04-26 11:50:54.603  5294  5294 W StackPagedViewEx: transToInner offsetX: 0.0, offsetY: 0.0, not init.
04-26 11:50:54.604  5294  5600 V OplusUXIconLoader: loadUxIcon drawable null, packageName = com.openautolink.companion,activityName =:com.openautolink.companion.MainActivity
04-26 11:50:54.604  5294  5294 D TaskStateHelper: TaskStateChangeTimeOutListener[ON_TRANSITION_FINISH]: init.
04-26 11:50:54.605  5294  5294 I [UAH_CLIENT]: UahEventAcquire, cmdid:80, pkg:none, identity:GpuBoost
04-26 11:50:54.606  5294  5294 W StackPagedViewEx: transToInner offsetX: 0.0, offsetY: 0.0, not init.
04-26 11:50:54.606  3393  4592 I [UAH_CLIENT]: UahEventAcquire, cmdid:0, pkg:com.android.launcher, identity:com.android.server.wm
04-26 11:50:54.607  3393  8241 D RefreshRate: boostRefreshId choose max:currentRefreshRate:90.0 targetRefreshRate:120.0 mCurrentPickRate:90.0
04-26 11:50:54.607  3393  8241 D RefreshRate: Trigger app switch boost, ar=ActivityRecord{117790975 u0 com.android.launcher/.Launcher t3},currDisplayRate=90.0,boostId=3
04-26 11:50:54.607  3393  8241 D RefreshRate: setDisplayConfigSpecs complete: targetMode={id=4, width=1080, height=2376, fps=120.00001, vsync=120.00001, synthetic=false, alternativeRefreshRates=[60.000004, 90.0], supportedHdrTypes=[1, 2, 3, 4]},srcMode={id=4, width=1080, height=2376, fps=120.00001, vsync=120.00001, synthetic=false, alternativeRefreshRates=[60.000004, 90.0], supportedHdrTypes=[1, 2, 3, 4]},sfModId=4,rate=120.00001
04-26 11:50:54.607  3393  8241 D RefreshRate: Refresh rate changing from 90.0 to 120.00001,maxRefreshRate=120.00001 FOR:{
04-26 11:50:54.607  3393  8241 D RefreshRate:     | COURSE[Trigger app switch boost, ar=ActivityRecord{117790975 u0 com.android.launcher/.Launcher t3},currDisplayRate=90.0,boostId=3setDisplayConfigSpecs complete: targetMode={id=4, width=1080, height=2376, fps=120.00001, vsync=120.00001, synthetic=false, alternativeRefreshRates=[60.000004, 90.0], supportedHdrTypes=[1, 2, 3, 4]},srcMode={id=4, width=1080, height=2376, fps=120.00001, vsync=120.00001, synthetic=false, alternativeRefreshRates=[60.000004, 90.0], supportedHdrTypes=[1, 2, 3, 4]},sfModId=4,rate=120.00001]
04-26 11:50:54.607  3393  8241 D RefreshRate:     | VOTES[PRIORITY_START_ANIMATION_BOOST -> Vote{mRefreshRate=120.0, mMinRefreshRate=120.0, mRequestSource=null};PRIORITY_WINDOW_REQUEST -> Vote{mRefreshRate=90.0, mMinRefreshRate=90.0, mRequestSource=null};]
04-26 11:50:54.607  3393  8241 D RefreshRate:     | TIME:2026-04-26 18:50:54}
04-26 11:50:54.607  3393  8241 D RefreshRate: startAppSwitchBoost targetMode={id=4, width=1080, height=2376, fps=120.00001, vsync=120.00001, synthetic=false, alternativeRefreshRates=[60.000004, 90.0], supportedHdrTypes=[1, 2, 3, 4]} record=ActivityRecord{117790975 u0 com.android.launcher/.Launcher t3}: votes=PRIORITY_START_ANIMATION_BOOST -> Vote{mRefreshRate=120.0, mMinRefreshRate=120.0, mRequestSource=null};PRIORITY_WINDOW_REQUEST -> Vote{mRefreshRate=90.0, mMinRefreshRate=90.0, mRequestSource=null};
04-26 11:50:54.607  3393  8241 D ActivityTaskManager: setAppVisibility(Token{721c282 ActivityRecord{117790975 u0 com.android.launcher/.Launcher t3}}, visible=true):  visible=false mVisibleRequested=false
04-26 11:50:54.607  3393  8241 D WindowManager: NFW_setClientVisible:ActivityRecord{117790975 u0 com.android.launcher/.Launcher t3} clientVisible:true
04-26 11:50:54.608  3393  8241 D ActivityTaskManager: setVisibility(Token{721c282 ActivityRecord{117790975 u0 com.android.launcher/.Launcher t3}}, visible=true) defer commitVisibility for transition collecting
04-26 11:50:54.608  3393  8241 D FlexibleTaskController: onTaskFocusChanged prevTask:Task{47d7bb4 #281 type=standard A=10511:com.openautolink.companion} ,currentTask:Task{ee60308 #3 type=home I=com.android.launcher/.Launcher}, reason: resumeTopActivity - onActivityStateChanged
04-26 11:50:54.608  3393  8241 D OplusFlexibleDCSManager: onNextPkgChanged pkg = com.android.launcher
04-26 11:50:54.608  5294 12663 D VRI[Launcher]: dispatchAppVisibility visible:true mUpcomingWindowFocus:false
04-26 11:50:54.608  3393  8241 E SchedAssist: ofbCfgFrameTask tid(5294) failed with error=Socket operation on non-socket
04-26 11:50:54.608  3393  8241 E SchedAssist: ofbCfgFrameTask tid(5452) failed with error=Socket operation on non-socket
04-26 11:50:54.608  3393  4592 I [UAH_CLIENT]: UahEventAcquire, cmdid:0, pkg:com.android.launcher, identity:com.android.server.wm
04-26 11:50:54.608  3393  3585 I UserAwareMgr: handleTopAppChanged: com.android.launcher, pid: 5294, uid: 10259
04-26 11:50:54.609  3393  8241 D FlexibleTaskController: isFullToFlexibleAnimating: false
04-26 11:50:54.609  3393  8241 D WindowManager: rotation(ROTATION_0) no changed  displayId = 0, lastOrientation = 5
04-26 11:50:54.609  3393  4886 I Osense-BaseDecisionMaker: notifySceneToAthenaPolicy: SCENE_LAUNCHER, bundle: Bundle[{prevPkgName=com.openautolink.companion, curUid=10259, isGame=false, curPkgName=com.android.launcher, prevUid=10511}]
04-26 11:50:54.610  3393  5121 I OPM-Process: resume pkg: com.android.launcher, uid:10259, prev pkg: com.openautolink.companion, prev uid: 10511
04-26 11:50:54.610  3393  3626 D RefreshRate: do setDisplayConfigSpecs  
04-26 11:50:54.610 25689  2794 D VRI[googlequicksearchbox]: dispatchAppVisibility visible:true mUpcomingWindowFocus:false
04-26 11:50:54.610  2265  2449 D VRR [RefreshRateDirector]: requestRefreshRateBySpecs insert [ 0xb4000072a8e50040, DisplayModeSpecs{defaultMode: 4, allowGroupSwitching: false, primaryRanges: RefreshRateRanges{physical: RefreshRateRange{min: 120.000008, max: 120.000008}, render: RefreshRateRange{min: 120.000008, max: 120.000008}}, appRequestRanges: RefreshRateRanges{physical: RefreshRateRange{min: 120.000008, max: 120.000008}, render: RefreshRateRange{min: 120.000008, max: 120.000008}}, idleScreenRefreshRateConfig: (null)} ]
04-26 11:50:54.611  5294  5294 D AnimSeqTimeStamp: getTimeGapToLastStartAppTime: 46662965
04-26 11:50:54.611  3393  3626 D DisplayModeDirector: setAppRequest displayId : 0  modeId: 4  requestedRefreshRate: 120.00001  requestedMinRefreshRateRange: 120.00001  requestedMaxRefreshRateRange: 120.00001
04-26 11:50:54.611  2265  3430 D SurfaceFlinger: VRR [SurfaceFlinger] setDesiredDisplayModeSpecs, from process 2265, 4, 0, primaryRanges = [ 120.000008, 120.000008, 120.000008, 120.000008 ], appRequestRanges = [ 120.000008, 120.000008, 120.000008 120.000008 ]
04-26 11:50:54.611  2265  2265 I RefreshRateSelector: Display 4630946756802996883 policy changed
04-26 11:50:54.611  2265  2265 I RefreshRateSelector: Previous: {defaultModeId=6, allowGroupSwitching=false, primaryRanges={physical=[90.00 Hz, 90.00 Hz], render=[90.00 Hz, 90.00 Hz]}, appRequestRanges={physical=[90.00 Hz, 90.00 Hz], render=[90.00 Hz, 90.00 Hz]} idleScreenConfig=nullptr}
04-26 11:50:54.611  2265  2265 I RefreshRateSelector: Current:  DisplayManagerPolicy{defaultModeId=4, allowGroupSwitching=false, primaryRanges={physical=[120.00 Hz, 120.00 Hz], render=[120.00 Hz, 120.00 Hz]}, appRequestRanges={physical=[120.00 Hz, 120.00 Hz], render=[120.00 Hz, 120.00 Hz]} idleScreenConfig=nullptr}
04-26 11:50:54.611  2265  2265 I RefreshRateSelector: 3 mode changes were performed under the previous policy
04-26 11:50:54.611  2265  2265 D SurfaceFlinger: VRR [SurfaceFlinger] applyRefreshRateSelectorPolicy: 4 (120.00 Hz), policy: {defaultModeId=4, allowGroupSwitching=false, primaryRanges={physical=[120.00 Hz, 120.00 Hz], render=[120.00 Hz, 120.00 Hz]}, appRequestRanges={physical=[120.00 Hz, 120.00 Hz], render=[120.00 Hz, 120.00 Hz]} idleScreenConfig=nullptr}
04-26 11:50:54.611  2265  2265 D SurfaceFlinger: VRR [SurfaceFlinger] setDesiredActiveMode: displayId: 4630946756802996883, renderRate: 120, vsyncRate: 120, event: 1
04-26 11:50:54.611  2265  2265 D DisplayModeController: setDesiredMode 4630946756802996883 {mode={fps=120.00 Hz, modePtr={id=4, vsyncRate=120.00 Hz, peakRefreshRate=120.00 Hz}}, emitEvent=true, force=false}
04-26 11:50:54.611 25689 25689 D VRI[googlequicksearchbox]: visibilityChanged oldVisibility=false newVisibility=true
04-26 11:50:54.612  3393  3585 I UserAwareMgr: handleTopAppChanged: com.google.android.googlequicksearchbox, pid: 25689, uid: 10150
04-26 11:50:54.612  1999  2115 E PERFHAL-OPTSHANDLER: PERFHAL-OPTSHANDLER: unsupported() 909: Error: This resource is not supported
04-26 11:50:54.612  3393  3624 D OplusFeatureDMR[display=0]: onConfigChanged threadId=71 threadName=OplusDisplayWorkHandler physicalDisplayId=4630946756802996883 modeId=6  
04-26 11:50:54.612  1999  2115 E PERFHAL-RESOURCEQS: PERFHAL-RESOURCEQS: RemoveAndApply() 299: Failed to reset optimization here [18, 41]
04-26 11:50:54.612  3393  8241 D WallpaperControllerExtImpl: w: Window{8887c79 u0 com.android.launcher/com.android.launcher.Launcher} in transientLauncher can as wallpaper target ingonre drawn state
04-26 11:50:54.613  1999  2115 I [UAH_CLIENT]: UahRelease, handle:19378
04-26 11:50:54.613  3393  8241 D WindowManager: NFW_setClientVisible:WallpaperWindowToken{7651ebc showWhenLocked=true} clientVisible:true
04-26 11:50:54.613  1999  2115 I [UAH_CLIENT]: UahPlatformResAcquire
04-26 11:50:54.613  1999  2115 I [UAH_CLIENT]: UahEventAcquire, cmdid:-3, pkg:2265 7311, identity:qcom-perfd
04-26 11:50:54.613  3393  3570 I ActivityManager: updateOomAdj start time is before than pendingPid added, don't delete it
04-26 11:50:54.613  4804  4804 D WallpaperChooser.BaseSignalWallpaperService: visibility change to true, creating?false
04-26 11:50:54.613  4804  4804 D WallpaperChooser.BaseSignalWallpaperService: onResume
04-26 11:50:54.613 10089 12666 D ShellSubscriberWorkerThread: the first 8 bytes empty, and RestData length > 8 
04-26 11:50:54.613  1999  2115 E PERFHAL-RESOURCEQS: PERFHAL-RESOURCEQS: AddAndApply() 130: Resource with major=18, minor=41 not supported
04-26 11:50:54.614  3393  8241 D VRR [OPlusRefreshRatePolicy]: setRefreshRatePolicy policy=POLICY_SYSTEM, refreshRate=90, statusOn=false
04-26 11:50:54.615  3393  8241 D VRR [OPlusRefreshRatePolicy]: setRefreshRatePolicy policy=POLICY_SYSTEM, refreshRate=120, statusOn=true
04-26 11:50:54.615  3393  8241 W SettingsProvider: notifyForSettingsChange delay for adfr_policy_change, value: 2816, delta: 0, lastNotifyTimestamp: 46662969, minInterval: 10
04-26 11:50:54.615  3393  8241 D DisplayModeDirector: setAppRequest displayId : 0  modeId: 4  requestedRefreshRate: 0.0  requestedMinRefreshRateRange: 0.0  requestedMaxRefreshRateRange: 120.00001
04-26 11:50:54.615  3393  8241 D WindowManager: onSyncFinishedDrawing: Window{8887c79 u0 com.android.launcher/com.android.launcher.Launcher}
04-26 11:50:54.615  2265  2265 I HWC2    : [0] setActiveConfigWithConstraints[4]
04-26 11:50:54.615  3393  8241 D ActivityTaskManager: commitVisibility: ActivityRecord{117790975 u0 com.android.launcher/.Launcher t3}: visible=true visibleRequested=true, isInTransition=true 
04-26 11:50:54.615  1986 26628 I SDM     : SDMDisplayIris::SetActiveConfigToIrisWrapper: SetActiveConfigToIrisWrapper [4] on id_: 0
04-26 11:50:54.616  1986 26628 W SDM     : SDMDisplayIris::SetActiveConfigToIrisWrapper: HWC SetActiveConfig [0], switch to [1440x3168@120]
04-26 11:50:54.616  3393  8241 E OplusAppQuickStart_AppQuickStartController: not start from launcher transition:1446
04-26 11:50:54.616  3393  8241 D Transition: collectOrderChanges onTopTasksEnd: [Task{3a7d194 #1 type=home}, Task{ee60308 #3 type=home I=com.android.launcher/.Launcher}], reportedOnTop:null, mOnTopTasksStart: [Task{47d7bb4 #281 type=standard A=10511:com.openautolink.companion}], TDA child: [Task{5652e43 #2 type=undefined}, Task{821e3d #72 type=standard A=1000:.applications.InstalledAppDetailsTop}, Task{316f1cb #143 type=standard A=10479:com.roborock.smart}, Task{d9bca91 #121 type=standard A=10362:com.x8bit.bitwarden}, Task{e4bf19b #149 type=standard I=com.google.android.apps.authenticator2/.main.MainActivity nonResizable}, Task{6238731 #153 type=standard A=10385:com.eightsleep.eight}, Task{f7bb946 #156 type=standard A=10191:google.android.task.calendar}, Task{2376fce #157 type=standard A=10383:com.kevinforeman.nzb360}, Task{3da5dea #159 type=standard A=10207:com.google.android.youtube}, Task{61452ae #161 type=standard A=10377:com.google.android.keep}, Task{4263f8c #113 type=standard A=10378:com.google.android.apps.googlevoice}, Task{98d7b0e #175 type=standard A=10405:com.august.luna}, Task{39c4dab #177 type=standard A=10386:com.dmholdings.MarantzAVRRemote nonResizable}, Task{4726c1b #179 type=standard A=10431:com.gm.chevrolet.nomad.ownership}, Task{402f9cc #183 type=standard A=10382:com.whisker.android}, Task{fe58a96 #189 type=standard A=10393:com.EVGATEWAY}, Task{b21f9bc #192 type=standard A=10417:com.driivz.mobile.android.evgo.driver}, Task{68d3f82 #197 type=standard A=10490:com.ubnt.easyunifi}, Task{50ac881 #198 type=standard A=10192:com.android.chrome}, Task{dd44687 #199 type=standard A=10194:com.google.android.apps.walletnfcrel}, Task{f95c8a9 #187 type=standard A=10373:com.google.android.apps.magazines}, Task{4a822f3 #200 type=standard A=10144:com.android.vending}, Task{9b591c0 #160 type=standard A=10204:com.google.android.apps.photos}, Task{9c2d048 #173 type=standard A=10355:com.google.android.apps.chromecast.app}, Task{e895ae #213 type=standard A=10381:com.devhd.feedly}, Task{7259d41 #174 type=standard A=10200:com.google.android.gm}, Task{bbe924d #214 type=standard A=10342:com.google.android.apps.adm}, Task{e03e260 #142 type=standard A=10374:com.google.android.apps.dynamite}, Task{e276535 #106 type=standard A=1000:com.android.settings.root}, Task{47d7bb4 #281 type=standard A=10511:com.openautolink.companion}, Task{3a7d194 #1 type=home}]
04-26 11:50:54.616  5294  5294 I SplitScreenManager: Attached Launcher#acc6ca5 ON_START
04-26 11:50:54.616  3393  8241 D Transition: collectOrderChanges **mParticipants add task: Task{ee60308 #3 type=home I=com.android.launcher/.Launcher}
04-26 11:50:54.616  3393  8241 D Transition: collectOrderChanges **mParticipants add task: Task{3a7d194 #1 type=home}
04-26 11:50:54.616  3393  8241 D OplusFlexibleActivityTransitionManager: fixTransitType type result:3, targets: [ChangeInfo{6faeb7f container=Task{3a7d194 #1 type=home} flags=0x30}, ChangeInfo{fd1274c container=Task{47d7bb4 #281 type=standard A=10511:com.openautolink.companion} flags=0x4}, ChangeInfo{6cf1395 container=WallpaperWindowToken{7651ebc showWhenLocked=true} flags=0x0}]
04-26 11:50:54.616  1986 26628 I SDM     : SDMDisplayIris::SetActiveConfigToIrisWrapper: SetActiveConfigToIrisWrapper [0] on id_: 0
04-26 11:50:54.616  1986 26628 W SDM     : SDMDisplayIris::SetActiveConfigToIrisWrapper: HWC SetActiveConfig [0], switch to [1440x3168@120]
04-26 11:50:54.616  1986 26628 W SDM     : HWDeviceDRM::GetSupportedBitClkRate: Requested rate not supported: 1363200000
04-26 11:50:54.616  3393  3585 W QosScheduler: executeSceneQosStrategy failed! qos feature no enable
04-26 11:50:54.616  5294  5294 D b/223498680: LRV onStateTransitionStart setFreezeVisibility=true, toState=Background; isInterceptUIUpdate=false
04-26 11:50:54.616  1986 26628 I SDM     : HWDeviceDRM::UpdateMixerAttributes: Mixer WxH 1440x3168-1 for Peripheral
04-26 11:50:54.616  1986 26628 I CwbService: CwbService::notifyConfigChange: display:0, config:4 size:4, sec.size():0
04-26 11:50:54.616  1986  3388 I CasManager: Fps changed from 90 to 120
04-26 11:50:54.616  1986  3388 I CasManager: Fps changed, not change bin, so trigger gain
04-26 11:50:54.616  1986  3388 W SDM     : DemuraIntfImpl::ProcessOemPluginGain: Thermal intf_ is nullptr 0, default to 25 degree
04-26 11:50:54.616  1986  3388 I SDM     : CasQcPlugIn::ProcessPerCompGainOppo: mode:PWM, fps:120, dbv:2468, bin_dbv:3515, bright_adj:718
04-26 11:50:54.616  1986  3388 I SDM     : CasQcPlugIn::ProcessPerCompGainOppo: old: 0 9 8 9 76 165 874 3072 |  0 8 10 9 77 151 665 2163 |  0 9 9 9 66 145 780 3072 | 
04-26 11:50:54.616  1986  3388 I SDM     : CasQcPlugIn::ProcessPerCompGainOppo: new: 0 0 0 9 60 132 699 3072 |  0 0  0 9 53 151 665 2163 |  0 0 0 9 66 145 780 3072 | 
04-26 11:50:54.617  1986  3388 I SDM     : HWPeripheralDRM::SetPanelFeature: Set Panel feature property 20
04-26 11:50:54.617  1986  3388 I SDM     : HWPeripheralDRM::SetPanelFeature: Set Panel feature property 7
04-26 11:50:54.617  1986  3388 I SDM     : DisplayBuiltIn::TriggerDemuraOemPlugIn: Trigger demura oem plugin success
04-26 11:50:54.617  3393  8241 D OplusTransitionAnimationManager: activityRecordCount0fullScreenArBeHindStartingWindow null
04-26 11:50:54.617  3393  3626 D VRR [OPlusRefreshRateService]:  setDirectorStates [flag: 1, state: 1, directorStateOff: 1]
04-26 11:50:54.617  3393  8241 D OplusTransitionAnimationManager: activityRecordCount0fullScreenArBeHindStartingWindow null
04-26 11:50:54.617  3393  8241 D OplusTransitionAnimationManager: activityRecordCount0fullScreenArBeHindStartingWindow null
04-26 11:50:54.617  2265  2449 D VRR [RefreshRateDirector]: updateState mState = 0
04-26 11:50:54.617  3393  8241 D OplusTransitionAnimationManager: dispatchTransitionReadyToClient topWin=Window{2d1c9d0 u0 com.openautolink.companion/com.openautolink.companion.MainActivity}, transitionId=1446, hasRemoteOpenFromViewSeamlessTransition=false
04-26 11:50:54.617  3393  8235 I VibratorManagerServiceExtImpl: cancelVibrate uid=10262, pid=4925, usageFilter=-1, token=67977435
04-26 11:50:54.617  3393  8241 D QuickBackInputPolicy: resetInputInterceptState for remoteTransition: true
04-26 11:50:54.617  3393  8241 D OplusTransitionController: onTransactionReady, transition: 1446, info: {id=1446 t=TO_FRONT f=0x80 trk=0 r=[0@Point(0, 0)] c=[{WCT{RemoteToken{1356b48 Task{3a7d194 #1 type=home}}} m=TO_FRONT f=SHOW_WALLPAPER|MOVE_TO_TOP leash=Surface(name=Task=1)/@0x70e11eb sb=Rect(0, 0 - 1080, 2376) eb=Rect(0, 0 - 1080, 2376) epz=Point(1080, 2376) d=0 taskParent=-1},{WCT{RemoteToken{b68e414 Task{47d7bb4 #281 type=standard A=10511:com.openautolink.companion}}} m=TO_BACK f=NONE leash=Surface(name=Task=281)/@0x57cfdd3 sb=Rect(0, 0 - 1080, 2376) eb=Rect(0, 0 - 1080, 2376) epz=Point(1080, 2376) d=0 taskParent=-1},{m=TO_FRONT f=IS_WALLPAPER leash=Surface(name=WallpaperWindowToken{7651ebc showWhenLocked=false})/@0x1f53a27 sb=Rect(0, 0 - 1080, 2376) eb=Rect(0, 0 - 1080, 2376) epz=Point(1080, 2376) d=0}] 
04-26 11:50:54.617  3393  8241 D OplusTransitionController: extendInfo=[
04-26 11:50:54.617  3393  8241 D OplusTransitionController:  OplusTransitionExtendedInfo{mTmpFinishT=null, mInOplusCompatMode=false, mIsProcessRunning=true, mHasMismatchBoundsTarget=false, mRecentsController=null, mRemoteTransition=null, mIsTranslucentActivityToHome=false, mAvoidInterceptKeyEventToHome=false, mIsFromHome=false, mParentLeash=null, mBackAnimClosingLeash=null, mIsOplusAnimRes=false, mKeepBgForContinuous=false, mIsBalAllow=false, mTaskNotInRecent=false, mIsPredictiveBackAnim=false, mIsMergedWithPredictive=false, mIsLaunchFromSpruce=false, mIsLaunchFromDrive=false, mGlobalSearchPageSwitch=false, mNeedNoAlphaGlobalSearchScene=false, mAssistScreenShowing=false, mSwipeUpBrowserScreenShowing=false, mUserIdTransition=0
04-26 11:50:54.617  3393  8241 D OplusTransitionController: , mInRemoteScene=false, mInPreReady=false, mPreStart=false, mToken=null, mAbortByRemoteFromHome=false, mShellApplyToken=null, mRequestTransitionTaskId=-1, mAbortTransitionOnShell=0, mStartFromShortcut=false, mRemovedTaskId=-1, mTransitionInterruptType=0, mMergeSecondTaskId=-1, mTaskIdStartFromRecents=0, mTransitionId=1446, mCanUseSpringSlideAnim=false, mTransitionLaunchFrom=0, mFoldChangeType=-1, mAnimStartingPosition=[0, 0, 0, 0], mIsOpeningStkDialogActivity=false, mSecondaryHomeToFrontWhenUnFolding=false, mIsNeedApplyStartTForEmbedded=false
04-26 11:50:54.617  3393  8241 D OplusTransitionController: , mNeedCanvasExitAnim=false, mMergeSecondTaskAnimation=false, mIsLaunchUnityStart=false, mIsLaunchFromAssistantByDefault=false, mSkipRemoteTransitionfalse, mIsStartFromKeyguard=false flags=0x0, mWCT=null, mIsOpenMergeToInValidPredictive=false, mPromoteTaskWhenKeyguard-1, mRootLayerZOrderArray={}}]}, targets : [ChangeInfo{6faeb7f container=Task{3a7d194 #1 type=home} flags=0x30}, ChangeInfo{fd1274c container=Task{47d7bb4 #281 type=standard A=10511:com.openautolink.companion} flags=0x4}, ChangeInfo{6cf1395 container=WallpaperWindowToken{7651ebc showWhenLocked=true} flags=0x0}], participants: {Task{3a7d194 #1 type=home}, Task{47d7bb4 #281 type=standard A=10511:com.openautolink.companion}, ActivityRecord{117790975 u0 com.android.launcher/.Launcher t3}, WallpaperWindowToken{7651ebc showWhenLocked=true}, Task{ee60308 #3 type=home I=com.android.launcher/.Launcher}}
04-26 11:50:54.617  3393  8241 D ContinuousTransitionController: updateRecentsActivityForContinuousIfNeed, recentsTask=Task{3a7d194 #1 type=home}, isMergedToRecents=false
04-26 11:50:54.617  1986  2514 I SDM     : DRMPanelFeatureMgr::ApplyDirtyFeature: Commited panel feature [enabled]: 21-273
04-26 11:50:54.617  3393  8241 D CoreBackPreview:  return markWindowHasDrawn mComposed: false  mWaitTransition: false
04-26 11:50:54.617  1986  2514 I SDM     : DRMPanelFeatureMgr::ApplyDirtyFeature: Commited panel feature [enabled]: 8-272
04-26 11:50:54.617  1986  2514 D SDM     : HWDeviceDRM::SetupAtomic: APUIR: m_isswitchfps 2
04-26 11:50:54.618  5294  5600 V OplusUXIconLoader: loadUxIcon drawable null, packageName = com.openautolink.companion,activityName =:com.openautolink.companion.MainActivity
04-26 11:50:54.618  4917  6345 V OsAgent : broadcastSystemEvent - 7
04-26 11:50:54.618  4917  6345 V OsAgent : broadcastSystemEvent - 7
04-26 11:50:54.618  4917  6345 V OsAgent : broadcastSystemEvent - 7
04-26 11:50:54.618  4917  6345 V OsAgent : broadcastSystemEvent - 7
04-26 11:50:54.618  4917  6345 V OsAgent : broadcastSystemEvent - 7
04-26 11:50:54.618  4917  6345 V OsAgent : broadcastSystemEvent - 7
04-26 11:50:54.618  4917  6345 V OsAgent : broadcastSystemEvent - 7
04-26 11:50:54.618  4917  6345 V OsAgent : broadcastSystemEvent - 7
04-26 11:50:54.618  5294  5294 E SideSlipGesturesGuideHelper[u0]: canShowSwipeUpGuide launcher is null
04-26 11:50:54.618  3393  8241 I Quality : LaunchTime2.0: com.android.launcher/.Launcher 3 6 com.google.android.apps.wellbeing -1 -1
04-26 11:50:54.619  4925 27639 V WindowManagerShell: onTransitionReady(transaction=14572824149738)
04-26 11:50:54.619  4804 17577 W HWUI    : Surface doesn't have any previously queued frames, nothing to readback from
04-26 11:50:54.619  5294  5294 D b/223498680: LRV onStateTransitionComplete finalState=Background; isSpringAnimToRecent=false; isRecentAnimateDragging=false; isInterceptSomeUIUpdate=false; isLauncherBehindOrientation=; isInGoRecentsAnim=true; isLastOverView=false; isDeskGoRecentsAnim=false
04-26 11:50:54.619  5294  5294 D b/223498680: LRV onStateTransitionComplete setFreezeVisibility=false, finalState=Background
04-26 11:50:54.619  3393  3602 E OplusThermalStats: Error getting package info: com.android.launcher
04-26 11:50:54.619  5294  5294 D InsetsController: hide(ime(), fromIme=false)
04-26 11:50:54.619  5294  5294 I ImeTracker: com.android.launcher:119f474b: onRequestHide at ORIGIN_CLIENT reason HIDE_SOFT_INPUT_BY_INSETS_API fromUser false
04-26 11:50:54.619  5294  5294 I ImeTracker: com.android.launcher:119f474b: onCancelled at PHASE_CLIENT_ALREADY_HIDDEN
04-26 11:50:54.620  5294  5294 E LetterIndexFastScrollHelper[u0]: setFastScrollSectionColor()
04-26 11:50:54.620  3393  8241 I TaskOrganizerController: onTaskInfoChanged taskid 1 config { mBounds=Rect(0, 0 - 1080, 2376) mAppBounds=Rect(0, 0 - 1080, 2376) mMaxBounds=Rect(0, 0 - 1080, 2376) mDisplayRotation=ROTATION_0 mWindowingMode=fullscreen mActivityType=home mAlwaysOnTop=undefined mRotation=ROTATION_0}
04-26 11:50:54.620  5294  5294 E LetterIndexFastScrollHelper[u0]: updateDefKeys() isScrollKeyChange=false isSectionChange=false
04-26 11:50:54.620  3393  8241 D OplusFlexibleDragToSplitAnimController: visibleFlexibleTaskInfos delete:1
04-26 11:50:54.620  3393  8241 E FlexibleWindowManagerService: notifyTaskObserverToAttachController not need to notify!
04-26 11:50:54.620  3393  8241 I FlexibleWindowManagerService: onFlexibleWindowTaskInfoChanged, return for cur task not embedded
04-26 11:50:54.620  5294  5294 W Launcher.RapidReaction[u0]: MultiTriggerAnimController#updateConfiguration: axisCode=-1, axis=Point(-1, -1)
04-26 11:50:54.621  5294  5600 V OplusUXIconLoader: loadUxIcon drawable null, packageName = com.google.android.projection.gearhead,activityName =:com.google.android.projection.gearhead.companion.settings.DefaultSettingsActivity
04-26 11:50:54.621  5294  5294 D ActivityThread: ComponentInfo{com.android.launcher/com.android.launcher.Launcher} checkFinished=false 2
04-26 11:50:54.621  5294  5294 D ResourcesManagerExtImpl: applyConfigurationToAppResourcesLocked app.getDisplayId() return callback.displayId:0
04-26 11:50:54.621  4925  4991 D OplusShellTransition: requestStartTransition by WMShell, startNewTransition type: 3, handler: com.android.wm.shell.recents.RecentsTransitionHandler@6b38dc8, active: android.os.BinderProxy@f16b9de@-1, mPendingTransitions: []
04-26 11:50:54.621  5294  5294 V AutofillClientController: onActivityResumed()
04-26 11:50:54.621  5294  5294 I SplitScreenManager: Attached Launcher#acc6ca5 ON_RESUME
04-26 11:50:54.621  4925  4991 V ShellRecents: [25035805] RecentsController.setTransition: id=android.os.BinderProxy@f16b9de
04-26 11:50:54.621  3393  8226 I OplusJoystickManager: handleApplicationSwitch deprecated!
04-26 11:50:54.621  4925  4991 D ZoomController: onTaskMovedToFront, task id:3
04-26 11:50:54.621  3393  8226 I GameManagerServiceExt-GameManagerServiceExt: on FG change: com.openautolink.companion|com.android.launcher
04-26 11:50:54.621  4925  4991 I ZoomUiController: FloatHandle-isFloatHandleShow mPackageName = null
04-26 11:50:54.621  5294  5294 E SideSlipGesturesGuideHelper[u0]: canShowSwipeUpGuide launcher is null
04-26 11:50:54.621  3393  3624 D OplusAppSwitchListener: App Activity Change
04-26 11:50:54.621  3393  3624 D OplusAppSwitchListener: Detect com.openautolink.companion switch to background
04-26 11:50:54.621  3393  3624 D OplusFeatureReduceBrightness: onAppExit , info = com.openautolink.companion
04-26 11:50:54.621  4925  4991 V WindowManagerShell: onTransitionReady (#1446) android.os.BinderProxy@f16b9de: {id=1446 t=TO_FRONT f=0x80 trk=0 r=[0@Point(0, 0)] c=[
04-26 11:50:54.621  4925  4991 V WindowManagerShell:         {m=TO_FRONT f=SHOW_WALLPAPER|MOVE_TO_TOP leash=Surface(name=Task=1)/@0x356c692 sb=Rect(0, 0 - 1080, 2376) eb=Rect(0, 0 - 1080, 2376) epz=Point(1080, 2376) d=0 taskParent=-1},
04-26 11:50:54.621  4925  4991 V WindowManagerShell:         {m=TO_BACK f=NONE leash=Surface(name=Task=281)/@0x35f3863 sb=Rect(0, 0 - 1080, 2376) eb=Rect(0, 0 - 1080, 2376) epz=Point(1080, 2376) d=0 taskParent=-1},
04-26 11:50:54.621  4925  4991 V WindowManagerShell:         {m=TO_FRONT f=IS_WALLPAPER leash=Surface(name=WallpaperWindowToken{7651ebc showWhenLocked=false})/@0x24b5c60 sb=Rect(0, 0 - 1080, 2376) eb=Rect(0, 0 - 1080, 2376) epz=Point(1080, 2376) d=0}
04-26 11:50:54.621  4925  4991 V WindowManagerShell:     ] 
04-26 11:50:54.621  4925  4991 V WindowManagerShell: extendInfo=[
04-26 11:50:54.621  4925  4991 V WindowManagerShell:  OplusTransitionExtendedInfo{mTmpFinishT=null, mInOplusCompatMode=false, mIsProcessRunning=true, mHasMismatchBoundsTarget=false, mRecentsController=null, mRemoteTransition=null, mIsTranslucentActivityToHome=false, mAvoidInterceptKeyEventToHome=false, mIsFromHome=false, mParentLeash=null, mBackAnimClosingLeash=null, mIsOplusAnimRes=false, mKeepBgForContinuous=false, mIsBalAllow=false, mTaskNotInRecent=false, mIsPredictiveBackAnim=false, mIsMergedWithPredictive=false, mIsLaunchFromSpruce=false, mIsLaunchFromDrive=false, mGlobalSearchPageSwitch=false, mNeedNoAlphaGlobalSearchScene=false, mAssistScreenShowing=false, mSwipeUpBrowserScreenShowing=false, mUserIdTransition=0
04-26 11:50:54.621  4925  4991 V WindowManagerShell: , mInRemoteScene=false, mInPreReady=false, mPreStart=false, mToken=null, mAbortByRemoteFromHome=false, mShellApplyToken=null, mRequestTransitionTaskId=-1, mAbortTransitionOnShell=0, mStartFromShortcut=false, mRemovedTaskId=-1, mTransitionInterruptType=0, mMergeSecondTaskId=-1, mTaskIdStartFromRecents=0, mTransitionId=1446, mCanUseSpringSlideAnim=false, mTransitionLaunchFrom=0, mFoldChangeType=-1, mAnimStartingPosition=[0, 0, 0, 0], mIsOpeningStkDialogActivity=false, mSecondaryHomeToFrontWhenUnFolding=false, mIsNeedApplyStartTForEmbedded=false
04-26 11:50:54.621  4925  4991 V WindowManagerShell: , mNeedCanvasExitAnim=false, mMergeSecondTaskAnimation=false, mIsLaunchUnityStart=false, mIsLaunchFromAssistantByDefault=false, mSkipRemoteTransitionfalse, mIsStartFromKeyguard=false flags=0x0, mWCT=null, mIsOpenMergeToInValidPredictive=false, mPromoteTaskWhenKeyguard-1, mRootLayerZOrderArray={}}]}
04-26 11:50:54.621  3393  3624 D OplusAppSwitchListener: Detect com.android.launcher switch to foreground
04-26 11:50:54.621  3393  3624 D OplusFeatureGlobalLimitBrightness: switch to display extreme mode 
04-26 11:50:54.621  4925  4991 D OplusShellTransition: dispatchReady, active:(#1446) android.os.BinderProxy@f16b9de@0, isSync=false, track:com.android.wm.shell.transition.Transitions$Track@975b119
04-26 11:50:54.621  4925  4991 D OplusShellTransition: Abort transition (#1446) android.os.BinderProxy@f16b9de@0 WMCore requested. reason: 0; abortTransition: false
04-26 11:50:54.622  4925  4991 V WindowManagerShell: Playing animation for (#1446) android.os.BinderProxy@f16b9de@0
04-26 11:50:54.622  5294  5294 V AutofillClientController: onActivityPostResumed()
04-26 11:50:54.622  5294  5294 V AutofillClientController: onActivityPostResumed(): Relayout fix enabled
04-26 11:50:54.622  5294  5294 V AutofillClientController: forResume(): Not attempting refill.
04-26 11:50:54.622  4925  4991 V WindowManagerShell:  try firstHandler com.android.wm.shell.recents.RecentsTransitionHandler@6b38dc8
04-26 11:50:54.622  4925  4991 V ShellRecents: [25035805] RecentsController.start
04-26 11:50:54.622  3393  5196 D OplusEapManager: mTargetExitName :com.openautolink.companion
04-26 11:50:54.622  4925  4991 D OplusShellTransition: Recents start, finishCB = com.android.wm.shell.transition.Transitions$$ExternalSyntheticLambda5@902f7bf, mTransition=android.os.BinderProxy@f16b9de
04-26 11:50:54.622  3393  3626 D VRR [OPlusRefreshRateService]: handleFrontAppChange pkgName: null
04-26 11:50:54.622  3393  3620 D OplusBiometricsDisplayHelper: isFold: false, isUnblockByFp: null
04-26 11:50:54.622  4925  4991 V ShellRecents:   not handling home taskId=1
04-26 11:50:54.623  3393  3570 D DisplayManagerServiceExtImpl: scheduleTraversalLocked intraversal=false
04-26 11:50:54.623  4925  4991 V ShellRecents:   adding pausing leaf taskId=281 at layer=8
04-26 11:50:54.623  3393  3571 D DisplayManagerService: performTraversalInternal pendingTraversal
04-26 11:50:54.623  3393  3571 D DisplayDevice: setLayerStackLocked id=local:4630946756802996883 token=android.os.BinderProxy@6b82e2b stack=0->0
04-26 11:50:54.623  5294  5294 D AnimSeqTimeStamp: getTimeGapToLastStartAppTime: 46662977
04-26 11:50:54.623  4925  4991 V ShellRecents: Applying transaction=14572824149738
04-26 11:50:54.623  3393  6548 W WindowManager: captureTaskSnapshot mSnapshotMode= 0 source=Task{47d7bb4 #281 type=standard A=10511:com.openautolink.companion}
04-26 11:50:54.624  3393  6548 D TaskSnapshotControllerExtImpl: createTaskSnapshot isCompatMode:false, isCompactWindow:false
04-26 11:50:54.624  3393  6548 W AbsAppSnapshotControllerExtImpl: updateExcludeLayers, addExcludeLayerList is null or empty, return excludeLayers
04-26 11:50:54.624  5294  5294 D ViewRootImplExtImpl: wrapConfigInfoIntoFlags rotation=0, smallestScreenWidthDp=411, residentWS=true, scenario=0, bounds=Rect(0, 0 - 1080, 2376), relayoutAsync=true, flags=0, newFlags=1245721444, title=com.android.launcher/com.android.launcher.Launcher
04-26 11:50:54.624  3393  3626 D LocalDisplayAdapter: setDesiredDisplayModeSpecsAsync: display unique id = local:4630946756802996883, display mode specs = defaultMode=4 allowGroupSwitching=false primaryRanges=physical: (0.0 120.0) render:  (0.0 120.0) appRequestRanges=physical: (0.0 120.0) render:  (0.0 120.0) idleScreenRefreshRate=null
04-26 11:50:54.624  5294  5294 D VRI[Launcher]: relayoutWindow result, sizeChanged:false, surfaceControlChanged:false, transformHintChanged:false, mSurfaceSize:Point(1080, 2376), mLastSurfaceSize:Point(1080, 2376), mWidth:1080, mHeight:2376, requestedWidth:1080, requestedHeight:2376, transformHint:0, installOrientation:0, displayRotation:0, isSurfaceValid:true, attr.flag:-2121203456, tmpFrames:ClientWindowFrames{frame=[0,0][1080,2376] display=[0,0][1080,2376] parentFrame=[0,0][1080,2376]}, relayoutAsync:true, mSyncSeqId:0
04-26 11:50:54.624  4925  4991 V ShellRecents: No matching remote found to takeover (#1446)
04-26 11:50:54.624  5294  5294 W VRI[Launcher]: updateBlastSurfaceIfNeeded, surfaceSize:Point(1080, 2376), lastSurfaceSize:Point(1080, 2376), format:-2, blastBufferQueue:android.graphics.BLASTBufferQueue@f298b3a
04-26 11:50:54.624  2265  2449 D VRR [RefreshRateDirector]: requestRefreshRateBySpecs insert [ 0xb4000072a8e50040, DisplayModeSpecs{defaultMode: 4, allowGroupSwitching: false, primaryRanges: RefreshRateRanges{physical: RefreshRateRange{min: 0.000000, max: 120.000000}, render: RefreshRateRange{min: 0.000000, max: 120.000000}}, appRequestRanges: RefreshRateRanges{physical: RefreshRateRange{min: 0.000000, max: 120.000000}, render: RefreshRateRange{min: 0.000000, max: 120.000000}}, idleScreenRefreshRateConfig: (null)} ]
04-26 11:50:54.624  4925  4991 V ShellSplitScreen: getSplitBoundsForTaskId: expected split bounds for taskId=281 but not found
04-26 11:50:54.624  4925  4991 V ShellRecents: [25035805] RecentsController.start: calling onAnimationStart with 2 apps
04-26 11:50:54.624  2265  3430 D SurfaceFlinger: VRR [SurfaceFlinger] setDesiredDisplayModeSpecs, from process 2265, 4, 0, primaryRanges = [ 0.000000, 120.000000, 0.000000, 120.000000 ], appRequestRanges = [ 0.000000, 120.000000, 0.000000 120.000000 ]
04-26 11:50:54.624 25689 25689 D ViewRootImplExtImpl: wrapConfigInfoIntoFlags rotation=0, smallestScreenWidthDp=411, residentWS=false, scenario=0, bounds=Rect(0, 0 - 1080, 2376), relayoutAsync=false, flags=0, newFlags=1245721440, title=com.google.android.googlequicksearchbox
04-26 11:50:54.625  5294  5294 I SurfaceControl:  setExtendedRangeBrightness sc=Surface(name=com.android.launcher/com.android.launcher.Launcher)/@0x3f16b52,currentBufferRatio=1.0,desiredRatio=1.0
04-26 11:50:54.625  2265  2265 I RefreshRateSelector: Display 4630946756802996883 policy changed
04-26 11:50:54.625  2265  2265 I RefreshRateSelector: Previous: {defaultModeId=4, allowGroupSwitching=false, primaryRanges={physical=[120.00 Hz, 120.00 Hz], render=[120.00 Hz, 120.00 Hz]}, appRequestRanges={physical=[120.00 Hz, 120.00 Hz], render=[120.00 Hz, 120.00 Hz]} idleScreenConfig=nullptr}
04-26 11:50:54.625  2265  2265 I RefreshRateSelector: Current:  DisplayManagerPolicy{defaultModeId=4, allowGroupSwitching=false, primaryRanges={physical=[0.00 Hz, 120.00 Hz], render=[0.00 Hz, 120.00 Hz]}, appRequestRanges={physical=[0.00 Hz, 120.00 Hz], render=[0.00 Hz, 120.00 Hz]} idleScreenConfig=nullptr}
04-26 11:50:54.625  2265  2265 I RefreshRateSelector: 1 mode changes were performed under the previous policy
04-26 11:50:54.625  5294 12665 D SystemUiProxy: RecentAnimation start. clientAnim = false
04-26 11:50:54.625  2265  2265 D SurfaceFlinger: VRR [SurfaceFlinger] applyRefreshRateSelectorPolicy: 4 (120.00 Hz), policy: {defaultModeId=4, allowGroupSwitching=false, primaryRanges={physical=[0.00 Hz, 120.00 Hz], render=[0.00 Hz, 120.00 Hz]}, appRequestRanges={physical=[0.00 Hz, 120.00 Hz], render=[0.00 Hz, 120.00 Hz]} idleScreenConfig=nullptr}
04-26 11:50:54.625  2265  2265 D SurfaceFlinger: VRR [SurfaceFlinger] setDesiredActiveMode: displayId: 4630946756802996883, renderRate: 120, vsyncRate: 120, event: 1
04-26 11:50:54.625  2265  2265 D DisplayModeController: setDesiredMode 4630946756802996883 {mode={fps=120.00 Hz, modePtr={id=4, vsyncRate=120.00 Hz, peakRefreshRate=120.00 Hz}}, emitEvent=true, force=false}
04-26 11:50:54.625  5294 12665 D RemoteAnimInflectUtil: getTaskLeashFromRemoteTarget: Surface(name=Task=1)/@0x11c0b08
04-26 11:50:54.625  5294 12665 D RemoteAnimationUtil: initOplusField launchViewInfo:null
04-26 11:50:54.625  5294 12665 I RemoteAnimationTargetCompat: New instance. RecentsTaskId:0, clientAnim: false, taskLeash: Surface(name=Task=1)/@0x11c0b08, leash: Surface(name=Surface(name=Task=1)/@0x356c692_transition-leash)/@0x47d52a1
04-26 11:50:54.625  5294 12665 D RemoteAnimInflectUtil: getTaskLeashFromRemoteTarget: Surface(name=Task=281)/@0x20f6cc6
04-26 11:50:54.625  5294 12665 D RemoteAnimationUtil: initOplusField launchViewInfo:null
04-26 11:50:54.625  5294 12665 I RemoteAnimationTargetCompat: New instance. RecentsTaskId:0, clientAnim: false, taskLeash: Surface(name=Task=281)/@0x20f6cc6, leash: Surface(name=Surface(name=Task=281)/@0x35f3863_transition-leash)/@0xad9d487
04-26 11:50:54.625  5294 12665 D RemoteAnimInflectUtil: getTaskLeashFromRemoteTarget: Surface(name=WallpaperWindowToken{7651ebc showWhenLocked=false})/@0x4eacfb4
04-26 11:50:54.625  5294 12665 D RemoteAnimationUtil: initOplusField launchViewInfo:null
04-26 11:50:54.625  5294 12665 I RemoteAnimationTargetCompat: New instance. RecentsTaskId:0, clientAnim: false, taskLeash: Surface(name=WallpaperWindowToken{7651ebc showWhenLocked=false})/@0x4eacfb4, leash: Surface(name=Surface(name=WallpaperWindowToken{7651ebc showWhenLocked=false})/@0x24b5c60_transition-leash)/@0xc7b77dd
04-26 11:50:54.626  3393  3624 D OplusFeatureDMR[display=0]: onConfigChanged threadId=71 threadName=OplusDisplayWorkHandler physicalDisplayId=4630946756802996883 modeId=6  
04-26 11:50:54.626  3393  8220 D QuickBackInputPolicy: setInterceptInputKeyStatus, enable=true, enableFlag=1, inputCallback=android.window.IRemoteTransitionInputCallback$Stub$Proxy@1676381
04-26 11:50:54.626  3393  6549 I VibratorManagerServiceExtImpl: cancelVibrate uid=10262, pid=4925, usageFilter=-1, token=67977435
04-26 11:50:54.627  4925  4991 D OplusShellTransition: playTransition, active.mHandler: com.android.wm.shell.recents.RecentsTransitionHandler@6b38dc8, consumed: true
04-26 11:50:54.627  4925  4991 V WindowManagerShell:  animated by firstHandler
04-26 11:50:54.627  2265  3422 D VRR [RefreshRateDirector]: requestRefreshRateByOti insert [ oti-hw, {fps=120, modePtr={id=4, vsyncRate=120.00 Hz, peakRefreshRate=120.00 Hz}} ]
04-26 11:50:54.627  2265  3422 D VRR [RefreshRateDirector]: updateBestFrameRate [oti-hw, {fps=120, modePtr={id=4, vsyncRate=120.00 Hz, peakRefreshRate=120.00 Hz}}]
04-26 11:50:54.627  4925  4991 D ShellTaskOrganizerExt: visibleFlexibleTaskInfos delete:1
04-26 11:50:54.627  4925  4991 D ShellTaskOrganizerExt: isOnCanvas size:0
04-26 11:50:54.627  4925  4991 D ShellTaskOrganizerExt: isOnThreeFlexibleCanvas size:0
04-26 11:50:54.627  3393  8235 W SurfaceFlingerPuller: Failed to pull atom 150134 from surfaceflinger. Success is 0, binder status is EX_NONE
04-26 11:50:54.627  2265  3430 D SurfaceFlinger: VRR [SurfaceFlinger] setDesiredActiveMode: displayId: 4630946756802996883, renderRate: 120, vsyncRate: 120, event: 0
04-26 11:50:54.627  2265  3430 D DisplayModeController: setDesiredMode 4630946756802996883 {mode={fps=120.00 Hz, modePtr={id=4, vsyncRate=120.00 Hz, peakRefreshRate=120.00 Hz}}, emitEvent=false, force=false}
04-26 11:50:54.627  5294  5452 D VRI[Launcher]: Received frameCommittedCallback lastAttemptedDrawFrameNum=5885 didProduceBuffer=true syncBuffer=false
04-26 11:50:54.627  5294  5294 D VRI[Launcher]: draw finished. seqId=0
04-26 11:50:54.628  1986  2514 D SDM     : HWDeviceDRM::SetupAtomic: APUIR: m_isswitchfps 1
04-26 11:50:54.628  5294  5294 D AnimSeqTimeStamp: updateLastRecentStartTime: 46662982
04-26 11:50:54.628  5294  5294 I [UAH_CLIENT]: UahEventAcquire, cmdid:84, pkg:none, identity:GpuBoost
04-26 11:50:54.628  9871  9871 D ClockTag_AlarmClockApplication: onTrimMemory: 40
