04-26 11:50:51.739  1430  1430 I SurfaceFlinger: destroyed Surface(name=WindowToken{a5563b8 type=2000 android.os.BinderProxy@8875d15})/@0xcfded5 - animation-leash of token_transform#14196 form LifecycleManager
04-26 11:50:51.739  1430  1430 I SurfaceFlinger: [com.sec.android.app.launcher/com.samsung.app.honeyspace.edge.edgepanel.app.CocktailBarService$_4074#14210] attach to parent LayerHierarchy{RequestedLayerState{6631aa7 com.sec.android.app.launcher/com.samsung.app.honeyspace.edge.edgepanel.app.CocktailBarService#360 parentId=359} 1 children}
04-26 11:50:51.739  1430  1430 I SurfaceFlinger: id=14196 onLayerDestroyed from LayerHierarchyBuilder(RequestedLayerState{Surface(name=WindowToken{a5563b8 type=2000 android.os.BinderProxy@8875d15})/@0xcfded5 - animation-leash of token_transform#14196 !handle})
04-26 11:50:51.739  3635  4191 D VRI[ScreenDecorOverlayBottom]@5cfdb01: Setup new sync=wmsSync-VRI[ScreenDecorOverlayBottom]@5cfdb01#81
04-26 11:50:51.739  3635  4191 I VRI[ScreenDecorOverlayBottom]@5cfdb01: Creating new active sync group VRI[ScreenDecorOverlayBottom]@5cfdb01#82
04-26 11:50:51.739  1430  1430 I Layer   : id=14196 Destroyed Surface(name=WindowToken{a5563b8 type=2000 android.os.BinderProxy@8875d15})/@0xcfded5 - animation-leash of token_transform#14196
04-26 11:50:51.740  3635  3635 W KeyguardSecurityViewFlipper: onMeasure: widthSpec MeasureSpec: EXACTLY 0 should be AT_MOST
04-26 11:50:51.740  3635  3635 W KeyguardSecurityViewFlipper: onMeasure: heightSpec MeasureSpec: EXACTLY 0 should be AT_MOST
04-26 11:50:51.741  3635  3635 D QSClock : StatusBar clock=11:50 notifyTimeChanged(QSClockBellSound - TimeText:11:50, TimeContentDescription:11:50 AM, DateText:Sun, April 26, ShortDateText:Sun, Apr 26, Demo:false) clockVisibleByPolicy=true, clockVisibleByUser=true, visible=true, parent=android.widget.LinearLayout{a92e77 V.E...... ......ID 0,0-96,71 #7f0a069b app:id/left_clock_container} caller=com.android.systemui.statusbar.phone.fragment.CollapsedStatusBarFragment.animateShow:52 com.android.systemui.statusbar.phone.fragment.CollapsedStatusBarFragment.updateStatusBarVisibilitiesInner:230 com.android.systemui.statusbar.phone.fragment.CollapsedStatusBarFragment.updateStatusBarVisibilities:65 com.android.systemui.statusbar.phone.ongoingactivity.OngoingActivityController.updateParentViewVisibility:99 com.android.systemui.statusbar.phone.ongoingactivity.OngoingActivityController$configurationListener$1.onConfigChanged:26  
04-26 11:50:51.742  3635  4191 D VRI[ScreenDecorOverlayBottom]@5cfdb01: registerCallbacksForSync syncBuffer=false
04-26 11:50:51.742  3635  3736 D VRI[ScreenDecorOverlayBottom]@5cfdb01: Received frameDrawingCallback syncResult=0 frameNum=772.
04-26 11:50:51.742  3635  3736 I VRI[ScreenDecorOverlayBottom]@5cfdb01: Setting up sync and frameCommitCallback
04-26 11:50:51.742  3635  3635 W RefactorFlag: New code path expects SceneContainerFlag to be enabled.
04-26 11:50:51.743  4074  5651 I BLASTBufferQueue: [VRI[CocktailBarService]@2afa905#527](f:0,a:0,s:0) onFrameAvailable the first frame is available
04-26 11:50:51.743  4074  5651 I SurfaceComposerClient: apply transaction with the first frame. layerId: 14210, bufferData(ID: 17497696766927, frameNumber: 1)
04-26 11:50:51.743  4074  5651 I VRI[CocktailBarService]@2afa905: Received frameCommittedCallback lastAttemptedDrawFrameNum=1 didProduceBuffer=true
04-26 11:50:51.743  3635  3739 I VRI[ScreenDecorOverlayBottom]@5cfdb01: Received frameCommittedCallback lastAttemptedDrawFrameNum=772 didProduceBuffer=true
04-26 11:50:51.743  1430  2958 I SurfaceFlinger: [com.sec.android.app.launcher/com.samsung.app.honeyspace.edge.edgepanel.app.CocktailBarService$_4074#14210] setTransactionState with the first frame. bufferData(ID: 17497696766927, frameNumber: 1)
04-26 11:50:51.743  4074  4074 I InsetsSourceConsumer: applyRequestedVisibilityToControl: visible=true, type=navigationBars, host=com.sec.android.app.launcher/com.sec.android.app.launcher.activities.LauncherActivity
04-26 11:50:51.743  1643  5612 D WindowManager: finishDrawingWindow: Window{6631aa7 u0 com.sec.android.app.launcher/com.samsung.app.honeyspace.edge.edgepanel.app.CocktailBarService} mDrawState=DRAW_PENDING seqId=0
04-26 11:50:51.744  4074  4074 I InsetsSourceConsumer: applyRequestedVisibilityToControl: visible=true, type=statusBars, host=com.sec.android.app.launcher/com.sec.android.app.launcher.activities.LauncherActivity
04-26 11:50:51.744  4074  4074 I BLASTBufferQueue_Java: update, w= 67 h= 324 mName = VRI[CocktailBarService]@2afa905 mNativeObject= 0xb400007948595c20 sc.mNativeObject= 0xb4000078484e2b90 format= -2 caller= android.view.ViewRootImpl.updateBlastSurfaceIfNeeded:3574 android.view.ViewRootImpl.relayoutWindow:11685 android.view.ViewRootImpl.performTraversals:4804 android.view.ViewRootImpl.doTraversal:3924 android.view.ViewRootImpl$TraversalRunnable.run:12903 android.view.Choreographer$CallbackRecord.run:1901 
04-26 11:50:51.744  4074  4074 I VRI[CocktailBarService]@2afa905: Relayout returned: old=(1013,427,1080,751) new=(1013,427,1080,751) relayoutAsync=true req=(67,324)0 dur=0 res=0x0 s={true 0xb400007898558ca0} ch=false seqId=0
04-26 11:50:51.745  1643  1709 D SurfaceComposerClient: setCornerRadius ## 2ec2b6 com.sec.android.app.launcher/com.sec.android.app.launcher.activities.LauncherActivity#134 cornerRadius=0.000000
04-26 11:50:51.745  3635  4191 D VRI[ScreenDecorOverlayBottom]@5cfdb01: reportDrawFinished seqId=180
04-26 11:50:51.745  1643  1709 V WindowManager: performShowLocked: mDrawState=HAS_DRAWN in Window{6631aa7 u0 com.sec.android.app.launcher/com.samsung.app.honeyspace.edge.edgepanel.app.CocktailBarService}
04-26 11:50:51.745  1643  1709 D SurfaceComposerClient: setCornerRadius ## 2ec2b6 com.sec.android.app.launcher/com.sec.android.app.launcher.activities.LauncherActivity#134 cornerRadius=0.000000
04-26 11:50:51.745  1643  5613 I WindowManager: Relayout Window{6631aa7 u0 com.sec.android.app.launcher/com.samsung.app.honeyspace.edge.edgepanel.app.CocktailBarService}: viewVisibility=0 req=67x324 ty=2226 d0
04-26 11:50:51.745  1643  5613 D SurfaceComposerClient: setCornerRadius ## 2ec2b6 com.sec.android.app.launcher/com.sec.android.app.launcher.activities.LauncherActivity#134 cornerRadius=0.000000
04-26 11:50:51.746  1643  5613 D SurfaceComposerClient: setCornerRadius ## 2ec2b6 com.sec.android.app.launcher/com.sec.android.app.launcher.activities.LauncherActivity#134 cornerRadius=0.000000
04-26 11:50:51.746  1643  5612 D WindowManager: finishDrawingWindow: Window{cdc43d7 u0 ScreenDecorOverlayBottom} mDrawState=HAS_DRAWN seqId=180
04-26 11:50:51.746  1643  1709 D SurfaceComposerClient: setCornerRadius ## 2ec2b6 com.sec.android.app.launcher/com.sec.android.app.launcher.activities.LauncherActivity#134 cornerRadius=0.000000
04-26 11:50:51.746  1643  5613 I WindowManager: Relayout hash=6631aa7, pid=0, syncId=-1: mAttrs={(0,427)(67x324) gr=TOP RIGHT CENTER sim={adjust=nothing forwardNavigation} layoutInDisplayCutoutMode=always ty=2226 fmt=TRANSPARENT
04-26 11:50:51.746  1643  5613 I WindowManager:   fl=81800108
04-26 11:50:51.746  1643  5613 I WindowManager:   pfl=10000070
04-26 11:50:51.746  1643  5613 I WindowManager:   apr=10
04-26 11:50:51.746  1643  5613 I WindowManager:   bhv=1
04-26 11:50:51.746  1643  5613 I WindowManager:   frameRateBoostOnTouch=true
04-26 11:50:51.746  1643  5613 I WindowManager:   dvrrWindowFrameRateHint=true
04-26 11:50:51.746  1643  5613 I WindowManager:  dimAmount=0.0 dimDuration=0 naviIconColor=0
04-26 11:50:51.746  1643  5613 I WindowManager:   sfl=20000}
04-26 11:50:51.746  1643  1709 D SurfaceComposerClient: setCornerRadius ## 2ec2b6 com.sec.android.app.launcher/com.sec.android.app.launcher.activities.LauncherActivity#134 cornerRadius=0.000000
04-26 11:50:51.747  1430  1430 E SurfaceFlinger: alpha changed 0.000 -> 0.045 - Surface(name=WindowToken{a5563b8 type=2000 android.os.BinderProxy@8875d15})/@0xcfded5 - animation-leash of token_transform#14209
04-26 11:50:51.748  3635  3635 W AodBurnInViewModel: minViewY is below topInset: BurnInParameters(topInset=99, minViewY=60, translationY=com.android.systemui.keyguard.ui.binder.KeyguardRootViewBinder$$ExternalSyntheticLambda1@407bfda, translationX=com.android.systemui.keyguard.ui.binder.KeyguardRootViewBinder$$ExternalSyntheticLambda1@5d4c0b)
04-26 11:50:51.749  1430  1430 D SurfaceFlinger: Display 4630947232161729154 HWC layers:
04-26 11:50:51.749  1430  1430 D SurfaceFlinger:        DEVICE |           15612206120981 | 00000100 | RGBA_8888    |    0.0    0.0 1080.0 2340.0 |    0    0 1080 2340 | Wallpaper BBQ wrapper 5_system#105 (1)
04-26 11:50:51.749  1430  1430 D SurfaceFlinger:        DEVICE |           17497696766921 | 00002100 | RGBA_8888    |    0.0    0.0 1080.0 2340.0 |    0    0 1080 2340 | com.sec.android.app.launcher/com.sec[...]ivities.LauncherActivity$_4074#14198 (46)
04-26 11:50:51.749  1430  1430 D SurfaceFlinger:        DEVICE |           15612206128373 | 00002100 | RGBA_8888    |    0.0    0.0 1080.0   99.0 |    0    0 1080   99 | StatusBar$_3635#112 (17520)
04-26 11:50:51.749  1430  1430 D SurfaceFlinger:        DEVICE |           15612206128372 | 00002100 | RGBA_8888    |    0.0    0.0 1080.0  144.0 |    0 2196 1080 2340 | NavigationBar0$_3635#108 (6410)
04-26 11:50:51.749  1430  1430 D SurfaceFlinger:        DEVICE |           15612206128366 | 00002140 | RGBA_8888    |    0.0    0.0 1080.0  121.0 |    0    0 1080  121 | ScreenDecorOverlay$_3635#117 (936)
04-26 11:50:51.749  1430  1430 D SurfaceFlinger:        DEVICE |           15612206128367 | 00002140 | RGBA_8888    |    0.0    0.0 1080.0  121.0 |    0 2219 1080 2340 | ScreenDecorOverlayBottom$_3635#118 (772)
04-26 11:50:51.749  1430  1430 D SurfaceFlinger: 
04-26 11:50:51.749  1430  1430 D SurfaceFlinger: 
04-26 11:50:51.755  1430  1430 I SurfaceFlinger: RequestedLayer [com.sec.android.app.launcher/com.sam[...]l.app.CocktailBarService$_4074#14210] hidden!! flag  from(1) --> to(0)
04-26 11:50:51.757  1430  1430 D SurfaceFlinger: Display 4630947232161729154 HWC layers:
04-26 11:50:51.757  1430  1430 D SurfaceFlinger:        DEVICE |           15612206120981 | 00000100 | RGBA_8888    |    0.0    0.0 1080.0 2340.0 |    0    0 1080 2340 | Wallpaper BBQ wrapper 5_system#105 (1)
04-26 11:50:51.757  1430  1430 D SurfaceFlinger:        DEVICE |           17497696766921 | 00002100 | RGBA_8888    |    0.0    0.0 1080.0 2340.0 |    0    0 1080 2340 | com.sec.android.app.launcher/com.sec[...]ivities.LauncherActivity$_4074#14198 (46)
04-26 11:50:51.757  1430  1430 D SurfaceFlinger:        DEVICE |           15612206128374 | 00002100 | RGBA_8888    |    0.0    0.0 1080.0   99.0 |    0    0 1080   99 | StatusBar$_3635#112 (17521)
04-26 11:50:51.757  1430  1430 D SurfaceFlinger:        DEVICE |           17497696766927 | 00002100 | RGBA_8888    |    0.0    0.0   67.0  324.0 | 1013  427 1080  751 | com.sec.android.app.launcher/com.sam[...]l.app.CocktailBarService$_4074#14210 (1)
04-26 11:50:51.757  1430  1430 D SurfaceFlinger:        DEVICE |           15612206128372 | 00002100 | RGBA_8888    |    0.0    0.0 1080.0  144.0 |    0 2196 1080 2340 | NavigationBar0$_3635#108 (6410)
04-26 11:50:51.757  1430  1430 D SurfaceFlinger:        DEVICE |           15612206128366 | 00002140 | RGBA_8888    |    0.0    0.0 1080.0  121.0 |    0    0 1080 
04-26 11:50:51.757  1430  1430 D SurfaceFlinger:  121 | ScreenDecorOverlay$_3635#117 (936)
04-26 11:50:51.757  1430  1430 D SurfaceFlinger:        DEVICE |           15612206128367 | 00002140 | RGBA_8888    |    0.0    0.0 1080.0  121.0 |    0 2219 1080 2340 | ScreenDecorOverlayBottom$_3635#118 (772)
04-26 11:50:51.757  1430  1430 D SurfaceFlinger: 
04-26 11:50:51.776  4074  8044 I HoneySpace.DeviceStateUseCase: update: DeviceState(naviMode=THREE_BUTTON, navigationBarHeight=144, hint=true, transparentHint=false, rotation=0, displayId=0, displaySize=Point(1080, 2340), displayCutout=DisplayCutout{insets=Rect(0, 99 - 0, 0) waterfall=Insets{left=0, top=0, right=0, bottom=0} boundingRect={Bounds=[Rect(0, 0 - 0, 0), Rect(505, 0 - 575, 99), Rect(0, 0 - 0, 0), Rect(0, 0 - 0, 0)]} cutoutPathParserInfo={CutoutPathParserInfo{displayWidth=1080 displayHeight=2340 physicalDisplayWidth=1080 physicalDisplayHeight=2340 density={3.0} cutoutSpec={M 0,0 M 0,29 a 35,35 0 1,0 0,70 a 35,35 0 1,0 0,-70 Z} rotation={0} scale={1.0} physicalPixelDisplaySizeRatio={1.0}}} sideOverrides={}}, isNavCanMove=true, isTablet=false, extraDisplayInfo=ExtraDisplayInfo(rotation=-1, displayId=-1, displaySize=Point(0, 0), displayCutout=null, foldState=-1), enableOverlayWindow=false)
04-26 11:50:51.776  4074  4074 I HoneySpace.GestureInputHandler: deviceState changed DeviceState(naviMode=THREE_BUTTON, navigationBarHeight=144, hint=true, transparentHint=false, rotation=0, displayId=0, displaySize=Point(1080, 2340), displayCutout=DisplayCutout{insets=Rect(0, 99 - 0, 0) waterfall=Insets{left=0, top=0, right=0, bottom=0} boundingRect={Bounds=[Rect(0, 0 - 0, 0), Rect(505, 0 - 575, 99), Rect(0, 0 - 0, 0), Rect(0, 0 - 0, 0)]} cutoutPathParserInfo={CutoutPathParserInfo{displayWidth=1080 displayHeight=2340 physicalDisplayWidth=1080 physicalDisplayHeight=2340 density={3.0} cutoutSpec={M 0,0 M 0,29 a 35,35 0 1,0 0,70 a 35,35 0 1,0 0,-70 Z} rotation={0} scale={1.0} physicalPixelDisplaySizeRatio={1.0}}} sideOverrides={}}, isNavCanMove=true, isTablet=false, extraDisplayInfo=ExtraDisplayInfo(rotation=-1, displayId=-1, displaySize=Point(0, 0), displayCutout=null, foldState=-1), enableOverlayWindow=false)
04-26 11:50:51.777  4074  4074 I HoneySpace.RegionManagerImpl: changeTouchRegion() called with: com.honeyspace.gesture.region.NoGestureTouchRegion@8d188e2 to DeviceState(naviMode=THREE_BUTTON, navigationBarHeight=144, hint=true, transparentHint=false, rotation=0, displayId=0, displaySize=Point(1080, 2340), displayCutout=DisplayCutout{insets=Rect(0, 99 - 0, 0) waterfall=Insets{left=0, top=0, right=0, bottom=0} boundingRect={Bounds=[Rect(0, 0 - 0, 0), Rect(505, 0 - 575, 99), Rect(0, 0 - 0, 0), Rect(0, 0 - 0, 0)]} cutoutPathParserInfo={CutoutPathParserInfo{displayWidth=1080 displayHeight=2340 physicalDisplayWidth=1080 physicalDisplayHeight=2340 density={3.0} cutoutSpec={M 0,0 M 0,29 a 35,35 0 1,0 0,70 a 35,35 0 1,0 0,-70 Z} rotation={0} scale={1.0} physicalPixelDisplaySizeRatio={1.0}}} sideOverrides={}}, isNavCanMove=true, isTablet=false, extraDisplayInfo=ExtraDisplayInfo(rotation=-1, displayId=-1, displaySize=Point(0, 0), displayCutout=null, foldState=-1), enableOverlayWindow=false)
04-26 11:50:51.777  1643  5612 D TspStateManager: holeName: HomeGesture, direction: 0, startY: 0, endY: 0
04-26 11:50:51.777  4074  4074 I DeadZoneHole: resetDeadZoneHole
04-26 11:50:51.777  4074  4074 I HoneySpace.RegionManagerImpl: resetSwipeRegion. RectF(0.0, 0.0, 0.0, 0.0), RectF(0.0, 0.0, 0.0, 0.0)
04-26 11:50:51.794  3635  3635 D PluginAODManager: requestVisibleNotifications()
04-26 11:50:51.794  3635  3635 I AODNotificationManager: setTagId() 2131365301
04-26 11:50:51.794  3635  3635 I LockscreenNotificationManager: refreshLockScreenNotifications: AOD_REQUEST_NOTIFICATIONS
04-26 11:50:51.799  3635  3635 I LockscreenNotificationIconsOnlyController: onNotificationInfoUpdated 0
04-26 11:50:51.799  3635  3635 I AODNotificationManager: updateNotification() 
04-26 11:50:51.804  1643  8068 D SemInputDeviceManager: setProperty: (0) CMD,GRIP_DATA,1,45,7,24,702
04-26 11:50:51.804  1643  8068 D TspStateManager: wrote command: cmd=1,45,7,24,702, type=1
04-26 11:50:51.804  1643  2706 D SemInputDevice:TSP: SetPropertyTask: CMD,set_grip_data,1,45,7,24,702 [04-26 11:50:51.804]
04-26 11:50:51.812  1318  1318 I sysinput:Touch: writeInformation:249, OK
04-26 11:50:51.812  1643  2706 D SysinputHAL_V1_3(V1_2): runTspCmdNoRead(TSP(1)): set_grip_data,1,45,7,24,702 ret=0
04-26 11:50:51.825  6122  6122 I InputMethodService: removeImeSurface
04-26 11:50:51.825  6122  6122 I InputMethodService: cancelImeSurfaceRemoval: removeCallbacks
04-26 11:50:51.996  1248  8040 I HYPER-HAL: [ResourceManager.cpp]removeResource(): [CPUMinFreq] RemoveResource Request ID : 1405359
04-26 11:50:51.996  1248  8040 I HYPER-HAL: [RequestManager.cpp]releaseLocked(): Released ID : 1405359
04-26 11:50:52.080  1643  1709 I WindowManager: Reparenting to original parent: Surface(name=Leaf:15:15)/@0xfaa3811, destroy=true, surface=Surface(name=WindowToken{a5563b8 type=2000 android.os.BinderProxy@8875d15})/@0xcfded5
04-26 11:50:52.085  1643  3596 D SemWifiP2pService: GroupCreatedState cmd = SemWifiP2pMonitor.P2P_GROUP_REMOVED_EVENT
04-26 11:50:52.085 10228 10228 I wpa_supplicant: p2p-wlan0-0: P2P-BIGDATA-DISCONNECT p2p_dev_addr=66:93:f9:cf:c4:6f reason=3
04-26 11:50:52.085 10228 10228 I wpa_supplicant: p2p0: P2P-BIGDATA-DISCONNECT p2p_dev_addr=66:93:f9:cf:c4:6f reason=3
04-26 11:50:52.085 10228 10228 I wpa_supplicant: CTRL-EVENT-DISCONNECTED bssid=66.93.F9.**.**.6F reason=3 locally_generated=1
04-26 11:50:52.085  1643  3596 V WifiD2dSaLoggingHandler: P2P : p2p_group_off
04-26 11:50:52.085  1643  1643 I SaLoggingP2P: makeGroupRemovedEvent, Extra : p2p-wlan0-0 dimension : {reason=-1, basic_info=2412,5200,0,0,61, fg_pkg=com.sec.android.app.launcher}
04-26 11:50:52.086  3855  7904 W AlarmManager: Unrecognized alarm listener com.android.networkstack.android.net.ip.IpClientLinkObserver$Dhcp6PdPreferredPrefixAlarmListener@d91f106
04-26 11:50:52.088  3855  7904 D DhcpClient: doQuit
04-26 11:50:52.088  1643  3596 D SemWifiP2pService: initializeP2pSettings
04-26 11:50:52.088  1643  3596 D SemWifiP2pService: enableVerboseLogging: false
04-26 11:50:52.089  1643  3596 D SemWifiP2pService: P2pEnabledState cmd = SemWifiP2pMonitor.P2P_BIGDATA_DISCONNECT_EVENT
04-26 11:50:52.089  1643  3596 D SemWifiP2pService: DefaultState cmd = SemWifiP2pMonitor.P2P_BIGDATA_DISCONNECT_EVENT
04-26 11:50:52.091  1643  1709 D SurfaceComposerClient: setCornerRadius ## 2ec2b6 com.sec.android.app.launcher/com.sec.android.app.launcher.activities.LauncherActivity#134 cornerRadius=0.000000
04-26 11:50:52.091 10228 10228 I wpa_supplicant: P2P-GROUP-REMOVED p2p-wlan0-0 client reason=REQUESTED
04-26 11:50:52.091 10228 10228 I wpa_supplicant: P2P: Set prekey state (NONE -> NONE)
04-26 11:50:52.091 10228 10228 I wpa_supplicant: P2P: Set prekey mode (ENABLED -> ENABLED)
04-26 11:50:52.091 10228 10228 I wpa_supplicant: P2P: Clear a pre-passphrase (State NONE)
04-26 11:50:52.091  4389  4389 I EPDG -- SIM0 [EpdgInterfaceObserver]: sendInterfaceMessage, cid=0
04-26 11:50:52.092  4389  4389 I EPDG -- SIM0 [EpdgInterfaceObserver]: sendInterfaceMessage, ignore for no mobile, rmnet_data/p2p-wlan0-
04-26 11:50:52.092  4389  4389 I EPDG -- SIM0 [EpdgInterfaceObserver]: sendInterfaceMessage, cid=0
04-26 11:50:52.092  4389  4389 I EPDG -- SIM0 [EpdgInterfaceObserver]: sendInterfaceMessage, ignore for no mobile, rmnet_data/p2p-wlan0-
04-26 11:50:52.093 10228 10228 I wpa_supplicant: nl80211: deinit ifname=p2p-wlan0-0 disabled_11b_rates=0
04-26 11:50:52.093  5524  5524 W ContextImpl: Calling a method in the system process without a qualified user: android.app.ContextImpl.startService:2068 android.content.ContextWrapper.startService:872 android.content.ContextWrapper.startService:872 com.sec.android.diagmonagent.sa.receiver.CFLogReceiver.onReceive:56 android.app.ActivityThread.handleReceiver:5663 
04-26 11:50:52.095 26583  7911 E ASF_UPNP[3.5.21.6]: TCPServer.TCPServerThread::run -  Socket accept Failed!!! Port: 8387 SocketException : Socket closed, IP: ***.***.***.39
04-26 11:50:52.095 26583  7911 E ASF_UPNP[3.5.21.6]: java.net.SocketException: Socket closed
04-26 11:50:52.095 26583  7911 E ASF_UPNP[3.5.21.6]: 	at java.net.PlainSocketImpl.socketAccept(PlainSocketImpl.java:213)
04-26 11:50:52.095 26583  7911 E ASF_UPNP[3.5.21.6]: 	at java.net.AbstractPlainSocketImpl.accept(AbstractPlainSocketImpl.java:451)
04-26 11:50:52.095 26583  7911 E ASF_UPNP[3.5.21.6]: 	at java.net.ServerSocket.implAccept(ServerSocket.java:569)
04-26 11:50:52.095 26583  7911 E ASF_UPNP[3.5.21.6]: 	at java.net.ServerSocket.accept(ServerSocket.java:537)
04-26 11:50:52.095 26583  7911 E ASF_UPNP[3.5.21.6]: 	at L1.k.run(Unknown Source:538)
04-26 11:50:52.095 26583  7911 E ASF_UPNP[3.5.21.6]: Caused by: android.system.ErrnoException: accept failed: EINVAL (Invalid argument)
04-26 11:50:52.095 26583  7911 E ASF_UPNP[3.5.21.6]: 	at libcore.io.Linux.accept(Native Method)
04-26 11:50:52.095 26583  7911 E ASF_UPNP[3.5.21.6]: 	at libcore.io.ForwardingOs.accept(ForwardingOs.java:91)
04-26 11:50:52.095 26583  7911 E ASF_UPNP[3.5.21.6]: 	at libcore.io.BlockGuardOs.accept(BlockGuardOs.java:66)
04-26 11:50:52.095 26583  7911 E ASF_UPNP[3.5.21.6]: 	at libcore.io.ForwardingOs.accept(ForwardingOs.java:91)
04-26 11:50:52.095 26583  7911 E ASF_UPNP[3.5.21.6]: 	at java.net.PlainSocketImpl.socketAccept(PlainSocketImpl.java:201)
04-26 11:50:52.095 26583  7911 E ASF_UPNP[3.5.21.6]: 	... 4 more
04-26 11:50:52.096 26583  7911 I ASF_UPNP[3.5.21.6]: TCPServer.cleanResources -  [Cleaning resources] IP: ***.***.***.39 and Port: 8387
04-26 11:50:52.097  1430  1430 I SurfaceFlinger: [Display 0 name="Built-in Screen"#49] setFrameRateCategory: Default
04-26 11:50:52.097  1430  1430 I SurfaceFlinger: [LayerHierarchy{RequestedLayerState{WindowToken{a5563b8 type=2000 android.os.BinderProxy@8875d15}#96 parentId=17} 1 children}] reparent to LayerHierarchy{RequestedLayerState{Leaf:15:15#17 parentId=16} 2 children}
04-26 11:50:52.097  1430  1430 I SurfaceFlinger: [LayerHierarchy{RequestedLayerState{Surface(name=WindowToken{a5563b8 type=2000 android.os.BinderProxy@8875d15})/@0xcfded5 - animation-leash of token_transform#14209} no children}] reparent to OffscreenRoot
04-26 11:50:52.097  1430  1430 I SurfaceFlinger: [LayerHierarchy{RequestedLayerState{Surface(name=WindowToken{a5563b8 type=2000 android.os.BinderProxy@8875d15})/@0xcfded5 - animation-leash of token_transform#14209} no children}] RelativeParent to null
04-26 11:50:52.097 26583  7911 I ASF_UPNP[3.5.21.6]: TCPServer.TCPServerThread::run -  Thread ended Port: 8387, IP: ***.***.***.39
04-26 11:50:52.097  1430  1430 I SurfaceFlinger: id=14209 Removed Surface(name=WindowToken{a5563b8 type=2000 android.os.BinderProxy@8875d15})/@0xcfded5 - animation-leash of token_transform#14209 (165)
04-26 11:50:52.097  1430  1430 E RefreshRateSelector: Can't find HRR max refresh rate by policy with the same group 1080
04-26 11:50:52.105  1430  1430 I SurfaceFlinger: destroyed Surface(name=WindowToken{a5563b8 type=2000 android.os.BinderProxy@8875d15})/@0xcfded5 - animation-leash of token_transform#14209 form LifecycleManager
04-26 11:50:52.105  1430  1430 I SurfaceFlinger: id=14209 onLayerDestroyed from LayerHierarchyBuilder(RequestedLayerState{Surface(name=WindowToken{a5563b8 type=2000 android.os.BinderProxy@8875d15})/@0xcfded5 - animation-leash of token_transform#14209 !handle})
04-26 11:50:52.105  1430  1430 I Layer   : id=14209 Destroyed Surface(name=WindowToken{a5563b8 type=2000 android.os.BinderProxy@8875d15})/@0xcfded5 - animation-leash of token_transform#14209
04-26 11:50:52.106  4389  4389 I EPDG -- SIM0 [EpdgInterfaceObserver]: sendInterfaceMessage, cid=0
04-26 11:50:52.106  4389  4389 I EPDG -- SIM0 [EpdgInterfaceObserver]: sendInterfaceMessage, ignore for no mobile, rmnet_data/p2p-wlan0-
04-26 11:50:52.107  4389  4389 I EPDG -- SIM0 [EpdgInterfaceObserver]: sendInterfaceMessage, cid=0
04-26 11:50:52.107  4389  4389 I EPDG -- SIM0 [EpdgInterfaceObserver]: sendInterfaceMessage, ignore for no mobile, rmnet_data/p2p-wlan0-
04-26 11:50:52.107  4389  4389 I EPDG -- SIM0 [EpdgInterfaceObserver]: sendInterfaceMessage, cid=0
04-26 11:50:52.107  4389  4389 I EPDG -- SIM0 [EpdgInterfaceObserver]: sendInterfaceMessage, ignore for no mobile, rmnet_data/p2p-wlan0-
04-26 11:50:52.107  4389  4389 I EPDG -- SIM0 [EpdgInterfaceObserver]: sendInterfaceMessage, cid=0
04-26 11:50:52.107  4389  4389 I EPDG -- SIM0 [EpdgInterfaceObserver]: sendInterfaceMessage, ignore for no mobile, rmnet_data/p2p-wlan0-
04-26 11:50:52.109  4389  4389 I EPDG -- SIM0 [EpdgInterfaceObserver]: sendInterfaceMessage, cid=0
04-26 11:50:52.109  4389  4389 I EPDG -- SIM0 [EpdgInterfaceObserver]: sendInterfaceMessage, ignore for no mobile, rmnet_data/p2p-wlan0-
04-26 11:50:52.109  4389  4389 I EPDG -- SIM0 [EpdgInterfaceObserver]: sendInterfaceMessage, cid=0
04-26 11:50:52.109  4389  4389 I EPDG -- SIM0 [EpdgInterfaceObserver]: sendInterfaceMessage, ignore for no mobile, rmnet_data/p2p-wlan0-
04-26 11:50:52.120  3855  7904 D IpClient/p2p-wlan0-0: interfaceLinkStateChanged: ifindex 155 up
04-26 11:50:52.120  3855  7904 D IpClient/p2p-wlan0-0: interfaceLinkStateChanged: ifindex 155 up
04-26 11:50:52.120  3855  7904 D IpClient/p2p-wlan0-0: interfaceLinkStateChanged: ifindex 155 up
04-26 11:50:52.120  3855  7904 D IpClient/p2p-wlan0-0: interfaceLinkStateChanged: ifindex 155 down
04-26 11:50:52.121  3855  7904 E DhcpClient: readPacket error: 
04-26 11:50:52.121  3855  7904 E DhcpClient: android.system.ErrnoException: read failed: ENETDOWN (Network is down)
04-26 11:50:52.121  3855  7904 E DhcpClient: 	at libcore.io.Linux.readBytes(Native Method)
04-26 11:50:52.121  3855  7904 E DhcpClient: 	at libcore.io.Linux.read(Linux.java:229)
04-26 11:50:52.121  3855  7904 E DhcpClient: 	at libcore.io.ForwardingOs.read(ForwardingOs.java:618)
04-26 11:50:52.121  3855  7904 E DhcpClient: 	at libcore.io.BlockGuardOs.read(BlockGuardOs.java:325)
04-26 11:50:52.121  3855  7904 E DhcpClient: 	at libcore.io.ForwardingOs.read(ForwardingOs.java:618)
04-26 11:50:52.121  3855  7904 E DhcpClient: 	at android.system.Os.read(Os.java:577)
04-26 11:50:52.121  3855  7904 E DhcpClient: 	at com.android.networkstack.android.net.dhcp.DhcpClient$DhcpPacketHandler.readPacket(DhcpClient.java:747)
04-26 11:50:52.121  3855  7904 E DhcpClient: 	at com.android.networkstack.android.net.dhcp.DhcpClient$DhcpPacketHandler.readPacket(DhcpClient.java:693)
04-26 11:50:52.121  3855  7904 E DhcpClient: 	at com.android.networkstack.com.android.net.module.util.FdEventsReader.handleInput(FdEventsReader.java:248)
04-26 11:50:52.121  3855  7904 E DhcpClient: 	at com.android.networkstack.com.android.net.module.util.FdEventsReader.lambda$createAndRegisterFd$0(FdEventsReader.java:228)
04-26 11:50:52.121  3855  7904 E DhcpClient: 	at com.android.networkstack.com.android.net.module.util.FdEventsReader.$r8$lambda$jjSC4hVD2AlVH3T-DbWnF2T3fK8(FdEventsReader.java:0)
04-26 11:50:52.121  3855  7904 E DhcpClient: 	at com.android.networkstack.com.android.net.module.util.FdEventsReader$$ExternalSyntheticLambda0.onFileDescriptorEvents(R8$$SyntheticClass:0)
04-26 11:50:52.121  3855  7904 E DhcpClient: 	at android.os.MessageQueue.dispatchEvents(MessageQueue.java:623)
04-26 11:50:52.121  3855  7904 E DhcpClient: 	at android.os.MessageQueue.nativePollOnce(Native Method)
04-26 11:50:52.121  3855  7904 E DhcpClient: 	at android.os.MessageQueue.nextConcurrent(MessageQueue.java:873)
04-26 11:50:52.121  3855  7904 E DhcpClient: 	at android.os.MessageQueue.next(MessageQueue.java:1060)
04-26 11:50:52.121  3855  7904 E DhcpClient: 	at android.os.Looper.loopOnce(Looper.java:221)
04-26 11:50:52.121  3855  7904 E DhcpClient: 	at android.os.Looper.loop(Looper.java:363)
04-26 11:50:52.121  3855  7904 E DhcpClient: 	at android.os.HandlerThread.run(HandlerThread.java:85)
04-26 11:50:52.123  3855  7904 D DhcpClient: DHCP Packet Handler stopped
04-26 11:50:52.123  3855  7904 D DhcpClient: onQuitting
04-26 11:50:52.137  3855  7904 E IpClient.p2p-wlan0-0: ERROR Setting IPv4 address to 0.0.0.0/0 failed: android.os.ServiceSpecificException: [No such device] : ioctl() failed (code 19)
04-26 11:50:52.137  3855  7904 D IpClient/p2p-wlan0-0: interfaceRemoved: p2p-wlan0-0
04-26 11:50:52.137  3855  7904 W AlarmManager: Unrecognized alarm listener com.android.networkstack.android.net.ip.IpClientLinkObserver$Dhcp6PdPreferredPrefixAlarmListener@d91f106
04-26 11:50:52.137  3855  7904 E IpClient.p2p-wlan0-0: ERROR disabling IPv6 failed: android.os.ServiceSpecificException: Remote I/O error (code 121)
04-26 11:50:52.138  3855  7904 E IpClient.p2p-wlan0-0: Failed to set accept_ra to 2: android.os.ServiceSpecificException: No such file or directory (code 2)
04-26 11:50:52.138  3855  7904 E IpClient.p2p-wlan0-0: Failed to set accept_ra_defrtr to 1: android.os.ServiceSpecificException: No such file or directory (code 2)
04-26 11:50:52.138  3855  7904 W AlarmManager: Unrecognized alarm listener com.android.networkstack.android.net.ip.IpClientLinkObserver$Dhcp6PdPreferredPrefixAlarmListener@d91f106
04-26 11:50:52.162 10228 10228 I wpa_supplicant: [DHD]<58720.226904> wl_cfgvendor_send_supp_eventstring: [p2p-wlan0-0] Mode:0 event:12 status:0x0 reason:3
04-26 11:50:52.163  1643  3438 W SupplicantP2pIfaceHalHidlImpl: setGroupIdle(p2p-wlan0-0, 0) failed: 4 ()
04-26 11:50:52.167  1643  3518 V SemClientModeManager: primary interface is not changed wlan0
04-26 11:50:52.168  1643  3438 W ContextImpl: Calling a method in the system process without a qualified user: android.app.ContextImpl.sendBroadcast:1434 com.android.server.wifi.p2p.WifiP2pServiceImpl$P2pStateMachine.sendBroadcastWithExcludedPermissions:6130 com.android.server.wifi.p2p.WifiP2pServiceImpl$P2pStateMachine.sendPeersChangedBroadcast:6174 com.android.server.wifi.p2p.WifiP2pServiceImpl$P2pStateMachine.handleGroupRemoved:7831 com.android.server.wifi.p2p.WifiP2pServiceImpl$P2pStateMachine.-$$Nest$mhandleGroupRemoved:0 
04-26 11:50:52.168 10228 10228 I wpa_supplicant: [DHD]<58720.286924> wl_cfgvendor_send_supp_eventstring: [p2p-wlan0-0] Mode:0 event:12 status:0x0 reason:0
04-26 11:50:52.169  1643  3438 W ContextImpl: Calling a method in the system process without a qualified user: android.app.ContextImpl.sendBroadcast:1434 com.android.server.wifi.p2p.WifiP2pServiceImpl$P2pStateMachine.sendBroadcastWithExcludedPermissions:6153 com.android.server.wifi.p2p.WifiP2pServiceImpl$P2pStateMachine.sendPeersChangedBroadcast:6174 com.android.server.wifi.p2p.WifiP2pServiceImpl$P2pStateMachine.handleGroupRemoved:7831 com.android.server.wifi.p2p.WifiP2pServiceImpl$P2pStateMachine.-$$Nest$mhandleGroupRemoved:0 
04-26 11:50:52.170 10228 10228 I wpa_supplicant: [DHD]<58720.289156> wl_cfgvendor_send_supp_eventstring: [p2p-wlan0-0] Mode:0 event:16 status:0x0 reason:2
04-26 11:50:52.171  1643  3438 W ContextImpl: Calling a method in the system process without a qualified user: android.app.ContextImpl.sendBroadcast:1434 com.android.server.wifi.p2p.WifiP2pServiceImpl$P2pStateMachine.sendBroadcastWithExcludedPermissions:6130 com.android.server.wifi.p2p.WifiP2pServiceImpl$P2pStateMachine.sendThisDeviceChangedBroadcast:6164 com.android.server.wifi.p2p.WifiP2pServiceImpl$P2pStateMachine.updateThisDevice:7731 com.android.server.wifi.p2p.WifiP2pServiceImpl$P2pStateMachine.-$$Nest$mupdateThisDevice:0 
04-26 11:50:52.171  1643  3438 W ContextImpl: Calling a method in the system process without a qualified user: android.app.ContextImpl.sendBroadcast:1434 com.android.server.wifi.p2p.WifiP2pServiceImpl$P2pStateMachine.sendBroadcastWithExcludedPermissions:6153 com.android.server.wifi.p2p.WifiP2pServiceImpl$P2pStateMachine.sendThisDeviceChangedBroadcast:6164 com.android.server.wifi.p2p.WifiP2pServiceImpl$P2pStateMachine.updateThisDevice:7731 com.android.server.wifi.p2p.WifiP2pServiceImpl$P2pStateMachine.-$$Nest$mupdateThisDevice:0 
04-26 11:50:52.172  1643  3438 I WifiP2pService: sending p2p connection changed broadcast with permission [android.permission.MAINLINE_NETWORK_STACK]
04-26 11:50:52.172  1643  3596 D SemWifiP2pService: P2pEnabledState cmd = EVENT_WIFI_P2P_ENABLED
04-26 11:50:52.172  1643  3438 W ContextImpl: Calling a method in the system process without a qualified user: android.app.ContextImpl.sendBroadcastMultiplePermissions:1368 android.content.Context.sendBroadcastWithMultiplePermissions:2625 com.android.server.wifi.p2p.WifiP2pServiceImpl$P2pStateMachine.sendBroadcastWithMainlineNetworkStackPermissionPostU:6314 com.android.server.wifi.p2p.WifiP2pServiceImpl$P2pStateMachine.sendP2pConnectionChangedBroadcast:6192 com.android.server.wifi.p2p.WifiP2pServiceImpl$P2pStateMachine.-$$Nest$msendP2pConnectionChangedBroadcast:0 
04-26 11:50:52.172  1643  3596 D SemWifiP2pService: DefaultState cmd = EVENT_WIFI_P2P_ENABLED
04-26 11:50:52.173  1643  3438 W ContextImpl: Calling a method in the system process without a qualified user: android.app.ContextImpl.sendBroadcast:1434 com.android.server.wifi.p2p.WifiP2pServiceImpl$P2pStateMachine.sendBroadcastWithExcludedPermissions:6130 com.android.server.wifi.p2p.WifiP2pServiceImpl$P2pStateMachine.sendP2pConnectionChangedBroadcast:6195 com.android.server.wifi.p2p.WifiP2pServiceImpl$P2pStateMachine.-$$Nest$msendP2pConnectionChangedBroadcast:0 com.android.server.wifi.p2p.WifiP2pServiceImpl$P2pStateMachine$GroupCreatedState.exitImpl:5872 
04-26 11:50:52.174  3855  3927 I Tethering: WifiP2pAction: P2pInfo: groupFormed: false isGroupOwner: false groupOwnerIpAddress: none Group: null
04-26 11:50:52.174  1643  1643 D SemWifiCoexManager: mStaFreq : 2412, mP2pFreq : 0, mSApFreq : 0
04-26 11:50:52.174  1643  3520 D AutoWifiController: p2p disconnected
04-26 11:50:52.174  1643  1643 I WifiService: allowAutojoinGlobal=true uid=1000
04-26 11:50:52.174  1643  3442 I WifiScanningService: Received a request to enable scanning, UID = 1000
04-26 11:50:52.175  1643  3438 W ContextImpl: Calling a method in the system process without a qualified user: android.app.ContextImpl.sendBroadcast:1434 com.android.server.wifi.p2p.WifiP2pServiceImpl$P2pStateMachine.sendBroadcastWithExcludedPermissions:6153 com.android.server.wifi.p2p.WifiP2pServiceImpl$P2pStateMachine.sendP2pConnectionChangedBroadcast:6195 com.android.server.wifi.p2p.WifiP2pServiceImpl$P2pStateMachine.-$$Nest$msendP2pConnectionChangedBroadcast:0 com.android.server.wifi.p2p.WifiP2pServiceImpl$P2pStateMachine$GroupCreatedState.exitImpl:5872 
04-26 11:50:52.175  1643  3442 E WifiStaIfaceHidlImpl: getBackgroundScanCapabilities failed with status: {.code = ERROR_NOT_SUPPORTED, .description = }
04-26 11:50:52.175  1643  1643 D SemSoftApManager: Received : android.net.wifi.p2p.CONNECTION_STATE_CHANGE,isDunCheckRequired:true
04-26 11:50:52.175  1643  1643 I SemSoftApManager: is P2pConnected: false
04-26 11:50:52.176  3635  3721 D AppOpsPrivacyItemMonitor: showLocationSystemApps  AppOpItem(Op code=1, UID=10169, AttributionTag=null, Package name=com.openautolink.app, Paused=false)false)false)false)false)false)false)false)false)false)false)false)false)false)false)false)false)false)false)false)false)
04-26 11:50:52.176  3635  3721 D AppOpsPrivacyItemMonitor: showLocationSystemApps  AppOpItem(Op code=1, UID=5013, AttributionTag=null, Package name=com.sec.location.nsflp2, Paused=false)false)false)false)false)false)false)false)false)false)false)false)false)false)false)
04-26 11:50:52.176  3635  3721 D AppOpsPrivacyItemMonitor: showLocationSystemApps  AppOpItem(Op code=1, UID=1002, AttributionTag=null, Package name=com.android.bluetooth, Paused=false)
04-26 11:50:52.177 26583 26583 I ASF_FSA[3.5.21.6]: BroadcastReceiverDelegate.handleIntent -  [receiver_ConnectionManager_BroadcastReceiver] action = android.net.wifi.p2p.CONNECTION_STATE_CHANGE
04-26 11:50:52.177 26583 26583 W ASF_FILESHARE[3.5.21.6]: P2pConnectionManager.getInterfaceName - [receiver] Using default P2P interface! p2p-wlan0-0
04-26 11:50:52.177 26583 26583 I ASF_FILESHARE[3.5.21.6]: P2pConnectionManager.handleP2pConnectionChanged - [receiver] p2p [p2p-wlan0-0] connected : false, detailed state : DISCONNECTED
04-26 11:50:52.177  1643  1761 I ActivityManager: Changes in 10150 8 to 8, 0 to 128
04-26 11:50:52.177 26583 26583 I ASF_FILESHARE[3.5.21.6]: P2pConnectionManager.updateP2pConnections - [receiver] interface = p2p-wlan0-0, p2p connected = false
04-26 11:50:52.177 26583 26583 W ASF_FSA[3.5.21.6]: ReceiverService.notifyNicRemoved -  p2p-wlan0-0 removed
04-26 11:50:52.177 26583 26583 I ASF_FSA[3.5.21.6]: ConnectionManager.hasConnections - [receiver] aware = 0, wlan = 0, internet = 0, p2p connected = false
04-26 11:50:52.177 26583 26583 E ASF_FSA[3.5.21.6]: ConnectionManager.checkConnections - [receiver] network disconnected
04-26 11:50:52.177 26583 26583 I ASF_FSA[3.5.21.6]: ReceiverService.setDelayedStopService -  time : 90000
04-26 11:50:52.178  3635  3635 D AiAgentEffect: onPrivacyItemsChanged privacyItems.size = 3
04-26 11:50:52.178  3635  3635 D AiAgentEffect: onPrivacyItemsChanged privacyItems isEmpty or found item is null
04-26 11:50:52.178 26583  7908 I ASF_UPNP[3.5.21.6]: NetworkInterface.notifyNicRemoved -  Removing [interfaceName]p2p-wlan0-0
04-26 11:50:52.178  1799  1799 W wificond: Failed to get NL80211_ATTR_MAX_NUM_AKM_SUITES
04-26 11:50:52.178 26583 26583 I ASF_FSA[3.5.21.6]: BroadcastReceiverDelegate.handleIntent -  [receiver_ConnectionManager_BroadcastReceiver] action = android.net.wifi.p2p.CONNECTION_STATE_CHANGE
04-26 11:50:52.178 27696 27696 I [MCFServer]_P2pHelper: onReceive - WIFI_P2P_CONNECTION_CHANGED_ACTION DISCONNECTED
04-26 11:50:52.178 26583 26583 W ASF_FILESHARE[3.5.21.6]: P2pConnectionManager.getInterfaceName - [receiver] Using default P2P interface! p2p-wlan0-0
04-26 11:50:52.178 26583 26583 I ASF_FILESHARE[3.5.21.6]: P2pConnectionManager.handleP2pConnectionChanged - [receiver] p2p [p2p-wlan0-0] connected : false, detailed state : DISCONNECTED
04-26 11:50:52.178 26583  7908 I ASF_UPNP[3.5.21.6]: NetworkInterface.notifyNicRemoved -  Removing related Wi-Fi Direct interface p2p-wlan0-0
04-26 11:50:52.178 26583 26583 I ASF_FSA[3.5.21.6]: FileShareBroadcastReceiver.onReceive -  action android.net.wifi.p2p.CONNECTION_STATE_CHANGE
04-26 11:50:52.178 26583 26583 I ASF_FSA[3.5.21.6]: FileShareBroadcastReceiver.BroadcastReceiver -  onReceive state = DISCONNECTED
04-26 11:50:52.178 26583  7908 I ASF_UPNP[3.5.21.6]: NetworkInterface.notifyNicEvent -  2 event listeners are notified!!!
04-26 11:50:52.178 26583  8072 I ASF_UPNP[3.5.21.6]: ServerManager.onNetworkChanged -  NIC_REMOVED
04-26 11:50:52.178 26583  7908 I ASF_UPNP[3.5.21.6]: NetworkLayer.removeIpVersion -  p2p-wlan0-0 : IPv4
04-26 11:50:52.178 26583  8072 I ASF_UPNP[3.5.21.6]: TCPServer.stop -  [enter] IP: ***.***.***.39 and Port: 8387
04-26 11:50:52.178 26583  8072 I ASF_UPNP[3.5.21.6]: TCPServer.stop -  Server thread joined!
04-26 11:50:52.179 26583  8072 I ASF_UPNP[3.5.21.6]: TCPServer.cleanResources -  [Cleaning resources] IP: ***.***.***.39 and Port: 8387
04-26 11:50:52.179 26583  8072 I ASF_UPNP[3.5.21.6]: TCPServer.stop -  [exit] IP: ***.***.***.39 and Port: 8387
04-26 11:50:52.179  1643  3438 D WifiConnectivityHelper: Firmware supported feature set: {0, 2, 3, 4, 6, 7, 8, 10, 12, 16, 20, 21, 23, 24, 25, 27, 29, 31, 35, 38, 39, 49}
04-26 11:50:52.179  4074  4145 I HoneySpace.StatusIconTracker: invokeEvent() called with: event = PrivacyInfo(visible=false)
04-26 11:50:52.179  1643  3438 D WifiConnectivityHelper: Firmware roaming supported with capabilities: max num blocklist bssid=0 max num allowlist ssid=0
04-26 11:50:52.179  1643 12893 I ActivityManager: Changes in 10150 8 to 8, 128 to 0
04-26 11:50:52.180  1799  1799 W wificond: Failed to get NL80211_ATTR_MAX_NUM_AKM_SUITES
04-26 11:50:52.181  3635  3635 W View    : requestLayout() improperly called by com.android.systemui.qs.SecQSGradationDrawableView{2faa005 V.E...... ......ID 0,0-1080,354 #7f0a0a16 app:id/qs_gradation_view} during layout: running second layout pass
04-26 11:50:52.181  3635  3635 W View    : requestLayout() improperly called by android.widget.FrameLayout{a55d85a V.E...... ......I. 0,0-1080,2340 #2} during layout: running second layout pass
04-26 11:50:52.181  3635  3635 W View    : requestLayout() improperly called by android.widget.FrameLayout{e14ba8b V.E...... ......ID 0,171-1080,2196 #7f0a0a14 app:id/qs_frame} during layout: running second layout pass
04-26 11:50:52.182  3635  3635 W RefactorFlag: New code path expects SceneContainerFlag to be enabled.
04-26 11:50:52.190  1643  3438 D WifiStaIfaceHidlImpl: getCachedScanData is not implemented by HIDL
04-26 11:50:52.190  1643  3438 I WifiP2pService: P2P SSID postfix: -Galaxy S21 FE 5G len=17 bytes=17
04-26 11:50:52.191  1643  3438 W ContextImpl: Calling a method in the system process without a qualified user: android.app.ContextImpl.sendBroadcast:1434 com.android.server.wifi.p2p.WifiP2pServiceImpl$P2pStateMachine.sendBroadcastWithExcludedPermissions:6130 com.android.server.wifi.p2p.WifiP2pServiceImpl$P2pStateMachine.sendThisDeviceChangedBroadcast:6164 com.android.server.wifi.p2p.WifiP2pServiceImpl$P2pStateMachine.setAndPersistDeviceName:7618 com.android.server.wifi.p2p.WifiP2pServiceImpl$P2pStateMachine.-$$Nest$msetAndPersistDeviceName:0 
04-26 11:50:52.191  1799  1799 W wificond: Failed to get NL80211_ATTR_MAX_NUM_AKM_SUITES
04-26 11:50:52.192  1643  3438 W ContextImpl: Calling a method in the system process without a qualified user: android.app.ContextImpl.sendBroadcast:1434 com.android.server.wifi.p2p.WifiP2pServiceImpl$P2pStateMachine.sendBroadcastWithExcludedPermissions:6153 com.android.server.wifi.p2p.WifiP2pServiceImpl$P2pStateMachine.sendThisDeviceChangedBroadcast:6164 com.android.server.wifi.p2p.WifiP2pServiceImpl$P2pStateMachine.setAndPersistDeviceName:7618 com.android.server.wifi.p2p.WifiP2pServiceImpl$P2pStateMachine.-$$Nest$msetAndPersistDeviceName:0 
04-26 11:50:52.192  1643  3442 I WifiScanningService: Created a new impl for wlan0
04-26 11:50:52.192  1643  3442 I WifiScanningService: wifi driver loaded with scan capabilities: max buckets=16
04-26 11:50:52.193  1643  1643 D SemWifiP2pService: setDeviceName success
04-26 11:50:52.211  5525  5951 I SemDvfsHyPerManager: acquire hyper - BaseTABoost/5525@20, type = -999
04-26 11:50:52.215  1248  1426 I HYPER-HAL: [RequestManager.cpp]acquire(): Acquired ID : 15376305  [5525 / 20]    HINT :      list : [TABoost / 1] 
04-26 11:50:52.299 26583  7912 I ASF_UPNP[3.5.21.6]: MulticastServer.MulticastServerThread::run -  Thread ended
04-26 11:50:52.299 26583  8072 I ASF_UPNP[3.5.21.6]: MulticastServer.stop -  Server thread joined!
04-26 11:50:52.300 26583  8072 I ASF_UPNP[3.5.21.6]: MulticastServer.stop -  Leaving multicast group at interface [p2p-wlan0-0], multicastIp: ***.***.***.250, port: 1900
04-26 11:50:52.304 26583  8072 E ASF_UPNP[3.5.21.6]: MulticastServer.stop -  MulticastServer****:****:****:****:****:****:****:Stop failure in leaving multicast group. Error: setsockopt failed: EADDRNOTAVAIL (Cannot assign requested address)
04-26 11:50:52.463  1244 20909 I sensors-hal: handle_sns_std_sensor_event:155, [SSC_LIGHT] P: 40(40),m:1,c:25,b:78,wb:0,r:287,bl:0,16:256
04-26 11:50:52.529  1413  1438 E HeatmapThread: ECT Thread time in milliseconds: 1777229452
04-26 11:50:52.529  1413  1438 D HeatmapThread: !@ batteryplugType : 0
04-26 11:50:52.529  1413  1438 D HeatmapThread: !@ batteryLevel : 0  batteryTemperature : 0 
04-26 11:50:52.529  1413  1438 D HeatmapThread: !@ Heatmap currtime: 29620490
04-26 11:50:52.530  1413  1438 D HeatmapThread: !@ Heatmap prevtime: 29620479
04-26 11:50:52.530  1413  1438 D HeatmapThread: !@ Heatmap plugstarttime: 35791394
04-26 11:50:52.530  1413  1438 D HeatmapThread: !@ Heatmap prevv_dsoh_update_time: 29610679
04-26 11:50:52.530  1413  1438 E HeatmapThread: !@Could not open '/efs/FactoryApp/bsoh', errno = 13
04-26 11:50:52.530  1413  1438 E HeatmapThread: !@ CAM Could not access BSOH EFS
04-26 11:50:52.530  1413  1438 E HeatmapThread: !@ CAM New BSOH: 0
04-26 11:50:52.550 26583  7914 I ASF_UPNP[3.5.21.6]: MulticastServer.MulticastServerThread::run -  Thread ended
04-26 11:50:52.550 26583  8072 I ASF_UPNP[3.5.21.6]: MulticastServer.stop -  Server thread joined!
04-26 11:50:52.550 26583  8072 I ASF_UPNP[3.5.21.6]: MulticastServer.stop -  Leaving multicast group at interface [p2p-wlan0-0], multicastIp: ***.***.***.177, port: 1900
04-26 11:50:52.551 26583  8072 E ASF_UPNP[3.5.21.6]: MulticastServer.stop -  MulticastServer****:****:****:****:****:****:****:Stop failure in leaving multicast group. Error: setsockopt failed: EADDRNOTAVAIL (Cannot assign requested address)
04-26 11:50:52.698  1248  8041 I HYPER-HAL: [ResourceManager.cpp]removeResource(): [CPUMaxFreq] RemoveResource Request ID : 15354127
04-26 11:50:52.698  1248  8041 I HYPER-HAL: [RequestManager.cpp]releaseLocked(): Released ID : 15354127
04-26 11:50:52.731   845   845 D io_stats: !@   8,0 r 1352192 49714976 w 697822 20833428 d 205727 20458836 f 0 0 iot 1546080 0 th 0 0 0 pt 0 inp 0 0 58722.112
04-26 11:50:52.800 26583  7915 I ASF_UPNP[3.5.21.6]: UDPServer.UDPServerThread::run -  Thread ended
04-26 11:50:52.801 26583  8072 I ASF_UPNP[3.5.21.6]: UDPServer.stop -  Server thread joined!
04-26 11:50:52.801 26583  8072 I ASF_UPNP[3.5.21.6]: UDPServer.cleanResources -  Cleaning resources
04-26 11:50:52.801 26583  8072 I ASF_UPNP[3.5.21.6]: UDPServer.stop -  UDPServer Stopped! interface : p2p-wlan0-0, port : 4842, ip : ***.***.***.39
04-26 11:50:52.801 26583  8072 I ASF_UPNP[3.5.21.6]: NetworkInterface.notifyNicEvent -  Notifying NIC_REMOVED for p2p-wlan0-0
04-26 11:50:52.801 26583  8072 I ASF_UPNP[3.5.21.6]: NetworkInterface.notifyNicEvent -  Notifying NIC_REMOVED for p2p-wlan0-0
04-26 11:50:52.801 26583  8072 E ASF_UPNP[3.5.21.6]: StreamingManager.onNetworkChanged -  NW event arrived for interface name p2p-wlan0-0
04-26 11:50:53.295  1248  8056 I HYPER-HAL: [RequestManager.cpp]releaseLocked(): Released ID : 2954665
04-26 11:50:53.491 20713  7858 I NearbyConnections: EndpointManager quit overall KeepAliveManager loop for endpoint QZ0J because there's no EndpointChannel for it.
04-26 11:50:53.529  1413  1438 E HeatmapThread: ECT Thread time in milliseconds: 1777229453
04-26 11:50:53.529  1413  1438 D HeatmapThread: !@ batteryplugType : 0
04-26 11:50:53.529  1413  1438 D HeatmapThread: !@ batteryLevel : 0  batteryTemperature : 0 
04-26 11:50:53.529  1413  1438 D HeatmapThread: !@ Heatmap currtime: 29620490
04-26 11:50:53.529  1413  1438 D HeatmapThread: !@ Heatmap prevtime: 29620479
04-26 11:50:53.530  1413  1438 D HeatmapThread: !@ Heatmap plugstarttime: 35791394
04-26 11:50:53.530  1413  1438 D HeatmapThread: !@ Heatmap prevv_dsoh_update_time: 29610679
04-26 11:50:53.530  1413  1438 E HeatmapThread: !@Could not open '/efs/FactoryApp/bsoh', errno = 13
04-26 11:50:53.530  1413  1438 E HeatmapThread: !@ CAM Could not access BSOH EFS
04-26 11:50:53.530  1413  1438 E HeatmapThread: !@ CAM New BSOH: 0
04-26 11:50:53.628  1248  8060 I HYPER-HAL: [ResourceManager.cpp]removeResource(): [CPUMinFreq] RemoveResource Request ID : 1422184
04-26 11:50:53.628  1248  8060 I HYPER-HAL: [RequestManager.cpp]releaseLocked(): Released ID : 1422184
04-26 11:50:53.698  1643  3531 I SemWifiServiceDetector: Service det. resumed: T / T / 25271
04-26 11:50:54.114  1643  3438 D WifiStaIfaceHidlImpl: getCachedScanData is not implemented by HIDL
04-26 11:50:54.187  1643  4844 D SemWifiUsabilityStatsMonitor: onWifiUsabilityStats - seqNum 14928, isSameBssidAndFreq true
04-26 11:50:54.189  1643  3533 I SemWifiLinkQualityMonitor: Link stat: 1258 / 309 / 1.00 (16) / 144 / -52.0 || 100.0 : 144.00 / 0.5 : 1.00 / 0.55 : 0.25 / G (G) || 2952c6f15745: 0.151 / 52.980 / N || N N / 0 0 / Y 2.0 / Y X 0 / 58723568 0 || Invalid
04-26 11:50:54.190  3635  3721 D Tile.WifiTile: handleUpdateState isTransient=false transientEnabling =false cb.isTransient=false state.state = 2 mStateBeforeClick.value =false enabled =true
04-26 11:50:54.260  1643  3852 W SLocation: GeopointGeofenceManger - refresh wifi to receive loc
04-26 11:50:54.424  1643 12893 D SGM:GameManager: identifyGamePackage. com.sec.android.app.launcher, mCurrentUserId: 0, callingMethodInfo: com.samsung.android.game.IGameManagerService$Stub.onTransact(IGameManagerService.java:247)
04-26 11:50:54.530  1413  1438 E HeatmapThread: ECT Thread time in milliseconds: 1777229454
04-26 11:50:54.530  1413  1438 D HeatmapThread: !@ batteryplugType : 0
04-26 11:50:54.530  1413  1438 D HeatmapThread: !@ batteryLevel : 0  batteryTemperature : 0 
04-26 11:50:54.530  1413  1438 D HeatmapThread: !@ Heatmap currtime: 29620490
04-26 11:50:54.530  1413  1438 D HeatmapThread: !@ Heatmap prevtime: 29620479
04-26 11:50:54.530  1413  1438 D HeatmapThread: !@ Heatmap plugstarttime: 35791394
04-26 11:50:54.530  1413  1438 D HeatmapThread: !@ Heatmap prevv_dsoh_update_time: 29610679
04-26 11:50:54.531  1413  1438 E HeatmapThread: !@Could not open '/efs/FactoryApp/bsoh', errno = 13
04-26 11:50:54.531  1413  1438 E HeatmapThread: !@ CAM Could not access BSOH EFS
04-26 11:50:54.531  1413  1438 E HeatmapThread: !@ CAM New BSOH: 0
04-26 11:50:54.732   845   845 D io_stats: !@   8,0 r 1352192 49714976 w 697825 20833436 d 205727 20458836 f 0 0 iot 1546088 0 th 0 0 0 pt 0 inp 0 0 58724.113
04-26 11:50:54.734   845   845 D io_stats: !@ Read_top(KB): ndroid.systemui(3635) 40 id.app.launcher(4074) 4
04-26 11:50:54.734   845   845 D io_stats: !@ Write_top(KB): system_server(1643) 100 id.diagmonagent(5524) 24 location.nsflp2(4131) 20
04-26 11:50:54.764  1643  3852 D SLocation: WifiBssidMonitor - requestRefresh
04-26 11:50:54.766  1643  3852 W SLocation: WifiBssidMonitor - connected wifi : (80:2a:a8:**:**:58/768)
04-26 11:50:55.213  1643  2707 D SemInputMotionEventDispatcher: registerMotionEventListener: already registered: com.samsung.android.hardware.secinputdev.taas.ExternalApi$5@81691ee
04-26 11:50:55.255  3635  3721 D AppOpsPrivacyItemMonitor: showLocationSystemApps  AppOpItem(Op code=1, UID=5013, AttributionTag=null, Package name=com.sec.location.nsflp2, Paused=false)false)false)false)false)false)false)false)false)false)false)false)false)false)false)false)
04-26 11:50:55.255  3635  3721 D AppOpsPrivacyItemMonitor: showLocationSystemApps  AppOpItem(Op code=1, UID=1002, AttributionTag=null, Package name=com.android.bluetooth, Paused=false)false)
04-26 11:50:55.256  3635  3635 D AiAgentEffect: onPrivacyItemsChanged privacyItems.size = 2
04-26 11:50:55.256  3635  3635 D AiAgentEffect: onPrivacyItemsChanged privacyItems isEmpty or found item is null
