04-26 11:51:12.429  1430  1430 I SurfaceFlinger: [LayerHierarchy{RequestedLayerState{27be89 NavigationBar0#92 parentId=14218} 1 children}] reparent to LayerHierarchy{RequestedLayerState{Surface(name=27be89 NavigationBar0)/@0x2bc9351 - animation-leash of insets_animation#14218 parentId=91} 1 children}
04-26 11:51:12.429  1430  1430 I SurfaceFlinger: [LayerHierarchy{RequestedLayerState{94eacf6 StatusBar#97 parentId=14219} 1 children}] reparent to LayerHierarchy{RequestedLayerState{Surface(name=94eacf6 StatusBar)/@0xdf5178c - animation-leash of insets_animation#14219 parentId=96} 1 children}
04-26 11:51:12.429  1430  1430 I SurfaceFlinger: [LayerHierarchy{RequestedLayerState{Surface(name=94eacf6 StatusBar)/@0xdf5178c - animation-leash of insets_animation#14200} no children}] reparent to OffscreenRoot
04-26 11:51:12.429  1430  1430 I SurfaceFlinger: [LayerHierarchy{RequestedLayerState{Surface(name=94eacf6 StatusBar)/@0xdf5178c - animation-leash of insets_animation#14200} no children}] RelativeParent to null
04-26 11:51:12.429  1430  1430 I SurfaceFlinger: [LayerHierarchy{RequestedLayerState{Surface(name=27be89 NavigationBar0)/@0x2bc9351 - animation-leash of insets_animation#14199} no children}] reparent to OffscreenRoot
04-26 11:51:12.429  1430  1430 I SurfaceFlinger: [LayerHierarchy{RequestedLayerState{Surface(name=27be89 NavigationBar0)/@0x2bc9351 - animation-leash of insets_animation#14199} no children}] RelativeParent to null
04-26 11:51:12.429  1430  1430 I SurfaceFlinger: [LayerHierarchy{RequestedLayerState{Task=627#14211 parentId=14217 z=7} 1 children}] reparent to LayerHierarchy{RequestedLayerState{Transition Root: Task=627#14217 parentId=10 z=9} 2 children}
04-26 11:51:12.429  1430  1430 I SurfaceFlinger: [Surface(name=94eacf6 StatusBar)/@0xdf5178c - animation-leash of insets_animation#14219] attach to parent LayerHierarchy{RequestedLayerState{WindowToken{a5563b8 type=2000 android.os.BinderProxy@8875d15}#96 parentId=14215} 1 children}
04-26 11:51:12.429  1430  1430 I SurfaceFlinger: [ae4a16b ActivityRecordInputSink com.openautolink.app/.MainActivity#14220] attach to parent LayerHierarchy{RequestedLayerState{ActivityRecord{7514465 u0 com.openautolink.app/.MainActivity t627}#14212 parentId=14211} 2 children}
04-26 11:51:12.430 16175 16180 I adbd    : jdwp connection from 8096
04-26 11:51:12.433  8096  8096 D nativeloader: Load libframework-connectivity-tiramisu-jni.so using APEX ns com_android_tethering for caller /apex/com.android.tethering/javalib/framework-connectivity-t.jar: ok
04-26 11:51:12.433  1643  1709 I WindowManager: notifyInsetsControlChanged, removed=false, win=Window{e0d3ad3 u0 Splash Screen com.openautolink.app}, caller=com.android.server.wm.InsetsStateController$$ExternalSyntheticLambda1.run:137 com.android.server.wm.WindowAnimator$$ExternalSyntheticLambda2.onTransactionCommitted:26 android.view.SurfaceControl$Transaction$$ExternalSyntheticLambda4.run:0 android.os.Handler.handleCallback:995 android.os.Handler.dispatchMessage:103 android.os.Looper.loopOnce:273 
04-26 11:51:12.434  1430  1599 I SurfaceFlinger: id=14199 Removed Surface(name=27be89 NavigationBar0)/@0x2bc9351 - animation-leash of insets_animation#14199 (174)
04-26 11:51:12.434  1430  2961 I SurfaceFlinger: id=14200 Removed Surface(name=94eacf6 StatusBar)/@0xdf5178c - animation-leash of insets_animation#14200 (174)
04-26 11:51:12.434  3635  3712 I VRI[app]@5674dab: onActiveControlsChanged, removed=false, mAdded=true, caller=android.view.ViewRootImpl.handleInsetsControlChanged:3002 android.view.ViewRootImpl$ViewRootHandler.handleMessageImpl:8352 android.view.ViewRootImpl$ViewRootHandler.handleMessage:8301 android.os.Handler.dispatchMessage:110 android.os.Looper.loopOnce:273 
04-26 11:51:12.434  3635  3712 I InsetsSourceConsumer: applyRequestedVisibilityToControl: visible=true, type=navigationBars, host=Splash Screen com.openautolink.app
04-26 11:51:12.434  3635  3712 I InsetsSourceConsumer: applyRequestedVisibilityToControl: visible=true, type=statusBars, host=Splash Screen com.openautolink.app
04-26 11:51:12.435  8096  8096 D ActivityThread: setConscryptValidator
04-26 11:51:12.436  8096  8096 D ActivityThread: setConscryptValidator - put
04-26 11:51:12.437  3635  3699 D SurfaceComposerClient: setCornerRadius ## Task=627#14211 cornerRadius=108.000000
04-26 11:51:12.437  1430  1430 I SurfaceFlinger: destroyed Surface(name=94eacf6 StatusBar)/@0xdf5178c - animation-leash of insets_animation#14200 form LifecycleManager
04-26 11:51:12.437  1430  1430 I SurfaceFlinger: destroyed Surface(name=27be89 NavigationBar0)/@0x2bc9351 - animation-leash of insets_animation#14199 form LifecycleManager
04-26 11:51:12.437  1430  1430 I SurfaceFlinger: id=14200 onLayerDestroyed from LayerHierarchyBuilder(RequestedLayerState{Surface(name=94eacf6 StatusBar)/@0xdf5178c - animation-leash of insets_animation#14200 !handle})
04-26 11:51:12.437  1430  1430 I SurfaceFlinger: id=14199 onLayerDestroyed from LayerHierarchyBuilder(RequestedLayerState{Surface(name=27be89 NavigationBar0)/@0x2bc9351 - animation-leash of insets_animation#14199 !handle})
04-26 11:51:12.438  1430  1430 I Layer   : id=14200 Destroyed Surface(name=94eacf6 StatusBar)/@0xdf5178c - animation-leash of insets_animation#14200
04-26 11:51:12.438  1430  1430 I Layer   : id=14199 Destroyed Surface(name=27be89 NavigationBar0)/@0x2bc9351 - animation-leash of insets_animation#14199
04-26 11:51:12.440  1643  5612 I ActivityManager: Changes in 10169 19 to 2, 0 to 255
04-26 11:51:12.441  1643  1704 D SGM:GameManager: identifyForegroundApp. com.sec.android.app.launcher, mCurrentUserId: 0, callerUserId: 0
04-26 11:51:12.441  1643  1704 D SGM:SemGameManager: isForegroundGame(), ret=false
04-26 11:51:12.441  1643  3510 D BackgroundInstallControlService: Package event received: 0
04-26 11:51:12.442  4131  4220 I RequestManager_FLP: onOpChanged, op=0 / packageName=com.openautolink.app
04-26 11:51:12.442  1643  1704 D SGM:GameManager: identifyForegroundApp. com.sec.android.app.launcher, mCurrentUserId: 0, callerUserId: 0
04-26 11:51:12.442  1643  1704 D SGM:SemGameManager: isForegroundGame(), ret=false
04-26 11:51:12.442  1643  1704 D NetworkPolicy: already checked 10169
04-26 11:51:12.443  1643  3435 V NetworkPolicy: getFirewallRuleWifi UID:10169 policy:0
04-26 11:51:12.443  1643  1704 D PkgPredictorService-SecIpmManagerServiceImpl: onForegroundActivitiesChanged pid:8096 uid:10169
04-26 11:51:12.444  1643  1643 I WALLPAPER_SVC:SemWallpaperManagerService: isHomeActivityVisible : true 
04-26 11:51:12.444  1643  1643 D WALLPAPER_SVC:WallpaperData: getWallpaperFile: file = /data/system/users/0/wallpaper_orig 
04-26 11:51:12.444  1643  1643 D WALLPAPER_SVC:WallpaperData: getWallpaperFile: file = /data/system/users/0/wallpaper_orig 
04-26 11:51:12.445  1430  1430 E SurfaceFlinger: alpha changed 0.000 -> 0.090 - Task=627#14211
04-26 11:51:12.445  1643  1643 D WALLPAPER_SVC:WallpaperManagerService: dispatchHomeVisibilityChanged: visible = true, connection = com.android.server.wallpaper.WallpaperManagerService$WallpaperConnection@ea97cbe, systemWallpaper = WallpaperData@2314ce0, id: 3, which: 5, file mod: 0, info: null, engine(s): Proxy@afa910e, type = 0, userId = 0, uri= null, allowBackup= true, wallpaperComponent = ComponentInfo{com.android.systemui/com.android.systemui.wallpapers.ImageWallpaper}, nextWallpaperComponent = ComponentInfo{com.android.systemui/com.android.systemui.wallpapers.ImageWallpaper} 
04-26 11:51:12.445  3635  3699 D SurfaceComposerClient: setCornerRadius ## Task=627#14211 cornerRadius=108.000000
04-26 11:51:12.453  1430  1430 D SurfaceFlinger: Display 4630947232161729154 HWC layers:
04-26 11:51:12.453  1430  1430 D SurfaceFlinger:        DEVICE |           15612206120981 | 00000100 | RGBA_8888    |    0.0    0.0 1080.0 2340.0 |    0    0 1080 2340 | Wallpaper BBQ wrapper 5_system#105 (1)
04-26 11:51:12.453  1430  1430 D SurfaceFlinger:        DEVICE |           17497696766921 | 00002100 | RGBA_8888    |    0.0    0.0 1080.0 2340.0 |    0    0 1080 2340 | com.sec.android.app.launcher/com.sec[...]ivities.LauncherActivity$_4074#14198 (46)
04-26 11:51:12.453  1430  1430 D SurfaceFlinger:        CLIENT |           15612206128378 | 00002100 | RGBA_8888    |    0.0    0.0 2340.0 1080.0 |   78  170 1002 2170 | Splash Screen com.openautolink.app$_3635#14216 (1)
04-26 11:51:12.453  1430  1430 D SurfaceFlinger:        DEVICE |           15612206128373 | 00002100 | RGBA_8888    |    0.0    0.0 1080.0   99.0 |    0    0 1080   99 | StatusBar$_3635#112 (17526)
04-26 11:51:12.453  1430  1430 D SurfaceFlinger:        DEVICE |           17497696766927 | 00002100 | RGBA_8888    |    0.0    0.0   67.0  324.0 | 1013  427 1080  751 | com.sec.android.app.launcher/com.sam[...]l.app.CocktailBarService$_4074#14210 (1)
04-26 11:51:12.453  1430  1430 D SurfaceFlinger:        DEVICE |           15612206128372 | 00002100 | RGBA_8888    |    0.0    0.0 1080.0  144.
04-26 11:51:12.453  1430  1430 D SurfaceFlinger: 0 |    0 2196 1080 2340 | NavigationBar0$_3635#108 (6410)
04-26 11:51:12.453  1430  1430 D SurfaceFlinger:        DEVICE |           15612206128368 | 00002140 | RGBA_8888    |    0.0    0.0 1080.0  121.0 |    0    0 1080  121 | ScreenDecorOverlay$_3635#117 (937)
04-26 11:51:12.453  1430  1430 D SurfaceFlinger:        DEVICE |           15612206128369 | 00002140 | RGBA_8888    |    0.0    0.0 1080.0  121.0 |    0 2219 1080 2340 | ScreenDecorOverlayBottom$_3635#118 (773)
04-26 11:51:12.453  1430  1430 D SurfaceFlinger: 
04-26 11:51:12.454  3635  3699 D SurfaceComposerClient: setCornerRadius ## Task=627#14211 cornerRadius=108.000000
04-26 11:51:12.454  1430  2977 D NativeSemDvfsManager: acquire:: timeout = 2000 mIsAcquired = 1  mTagName : SurfaceFlinger 
04-26 11:51:12.454  1430  1430 D SurfaceFlinger: GPIS:: requestGPISForClientComposition
04-26 11:51:12.455  1430  2977 E NativeCustomFrequencyManager: [NativeCFMS] BpCustomFrequencyManager::acquire()
04-26 11:51:12.455  1248  1426 I HYPER-HAL: [RequestManager.cpp]acquire(): Acquired ID : 2954665  [1430 / 1000]    HINT : SF_GPU_MINLOCK    list : [TIMEOUT / 2000] 
04-26 11:51:12.462  3635  3699 D SurfaceComposerClient: setCornerRadius ## Task=627#14211 cornerRadius=108.000000
04-26 11:51:12.470  3635  3699 D SurfaceComposerClient: setCornerRadius ## Task=627#14211 cornerRadius=108.000000
04-26 11:51:12.478  3635  3699 D SurfaceComposerClient: setCornerRadius ## Task=627#14211 cornerRadius=108.000000
04-26 11:51:12.486 21106 21106 I bvwa    : onPause
04-26 11:51:12.487  3635  3699 D SurfaceComposerClient: setCornerRadius ## Task=627#14211 cornerRadius=108.000000
04-26 11:51:12.488  1643  5597 D SGM:GameManager: identifyGamePackage. com.openautolink.app, mCurrentUserId: 0, callingMethodInfo: com.samsung.android.game.IGameManagerService$Stub.onTransact(IGameManagerService.java:247)
04-26 11:51:12.489  5525 12655 I SDHMS:k : onTaskStackChanged
04-26 11:51:12.489  5525  5951 I SDHMS:k : no app is Resumed!!! mResumedPackages.size = 0
04-26 11:51:12.489  4074  7147 I HoneySpace.RecentTasks: onRecentTasksChanged
04-26 11:51:12.495  3635  3699 D SurfaceComposerClient: setCornerRadius ## Task=627#14211 cornerRadius=108.000000
04-26 11:51:12.498 21106 21120 V ClearcutMetricXmitter: Transmission is done.
04-26 11:51:12.503  3635  3699 D SurfaceComposerClient: setCornerRadius ## Task=627#14211 cornerRadius=108.000000
04-26 11:51:12.511  3635  3699 D SurfaceComposerClient: setCornerRadius ## Task=627#14211 cornerRadius=108.000000
04-26 11:51:12.520  3635  3699 D SurfaceComposerClient: setCornerRadius ## Task=627#14211 cornerRadius=108.000000
04-26 11:51:12.528  3635  3699 D SurfaceComposerClient: setCornerRadius ## Task=627#14211 cornerRadius=108.000000
04-26 11:51:12.529  1413  1438 E HeatmapThread: ECT Thread time in milliseconds: 1777229472
04-26 11:51:12.529  1413  1438 D HeatmapThread: !@ batteryplugType : 0
04-26 11:51:12.529  1413  1438 D HeatmapThread: !@ batteryLevel : 0  batteryTemperature : 0 
04-26 11:51:12.529  1413  1438 D HeatmapThread: !@ Heatmap currtime: 29620491
04-26 11:51:12.529  1413  1438 D HeatmapThread: !@ Heatmap prevtime: 29620479
04-26 11:51:12.529  1413  1438 D HeatmapThread: !@ Heatmap plugstarttime: 35791394
04-26 11:51:12.529  1413  1438 D HeatmapThread: !@ Heatmap prevv_dsoh_update_time: 29610679
04-26 11:51:12.530  1413  1438 E HeatmapThread: !@Could not open '/efs/FactoryApp/bsoh', errno = 13
04-26 11:51:12.530  1413  1438 E HeatmapThread: !@ CAM Could not access BSOH EFS
04-26 11:51:12.530  1413  1438 E HeatmapThread: !@ CAM New BSOH: 0
04-26 11:51:12.536  3635  3699 D SurfaceComposerClient: setCornerRadius ## Task=627#14211 cornerRadius=108.000000
04-26 11:51:12.545  3635  3699 D SurfaceComposerClient: setCornerRadius ## Task=627#14211 cornerRadius=108.000000
04-26 11:51:12.553  3635  3699 D SurfaceComposerClient: setCornerRadius ## Task=627#14211 cornerRadius=108.000000
04-26 11:51:12.561  3635  3699 D SurfaceComposerClient: setCornerRadius ## Task=627#14211 cornerRadius=108.000000
04-26 11:51:12.570  3635  3699 D SurfaceComposerClient: setCornerRadius ## Task=627#14211 cornerRadius=108.000000
04-26 11:51:12.572  1643  3464 D MdnieScenarioControlService:  packageName : com.openautolink.app    className : com.openautolink.app.MainActivity
04-26 11:51:12.573  1643  3464 V MdnieScenarioControlService: setUIMode from UI function(3)
04-26 11:51:12.578  3635  3699 D SurfaceComposerClient: setCornerRadius ## Task=627#14211 cornerRadius=108.000000
04-26 11:51:12.586  3635  3699 D SurfaceComposerClient: setCornerRadius ## Task=627#14211 cornerRadius=108.000000
04-26 11:51:12.592  8096  8096 D nativeloader: Configuring clns-9 for other apk /data/app/~~_op8IWPJADp-UcJpZEk4lg==/com.openautolink.app-XS1BlERT3xAcByY4pWe5VA==/base.apk. target_sdk_version=36, uses_libraries=, library_path=/data/app/~~_op8IWPJADp-UcJpZEk4lg==/com.openautolink.app-XS1BlERT3xAcByY4pWe5VA==/lib/arm64:/data/app/~~_op8IWPJADp-UcJpZEk4lg==/com.openautolink.app-XS1BlERT3xAcByY4pWe5VA==/base.apk!/lib/arm64-v8a, permitted_path=/data:/mnt/expand:/data/user/0/com.openautolink.app
04-26 11:51:12.595  3635  3699 D SurfaceComposerClient: setCornerRadius ## Task=627#14211 cornerRadius=108.000000
04-26 11:51:12.598  8096  8096 V GraphicsEnvironment: Currently set values for:
04-26 11:51:12.598  8096  8096 V GraphicsEnvironment:   angle_gl_driver_selection_pkgs=[]
04-26 11:51:12.598  8096  8096 V GraphicsEnvironment:   angle_gl_driver_selection_values=[]
04-26 11:51:12.598  8096  8096 V GraphicsEnvironment: com.openautolink.app is not listed in per-application setting
04-26 11:51:12.598  8096  8096 V GraphicsEnvironment: ANGLE allowlist from config: 
04-26 11:51:12.598  8096  8096 V GraphicsEnvironment: com.openautolink.app is not listed in ANGLE allowlist or settings, returning default
04-26 11:51:12.598  8096  8096 V GraphicsEnvironment: App is not on the allowlist for updatable production driver.
04-26 11:51:12.603  3635  3699 D SurfaceComposerClient: setCornerRadius ## Task=627#14211 cornerRadius=108.000000
04-26 11:51:12.611  3635  3699 D SurfaceComposerClient: setCornerRadius ## Task=627#14211 cornerRadius=108.000000
04-26 11:51:12.612  1430  1430 E SurfaceFlinger: alpha changed 0.078 -> 0.000 - Surface(name=WindowToken{a5563b8 type=2000 android.os.BinderProxy@8875d15})/@0xcfded5 - animation-leash of token_transform#14215
04-26 11:51:12.612  1430  1430 E SurfaceFlinger: alpha changed 0.078 -> 0.000 - Surface(name=WindowToken{fb77766 type=2226 android.os.BinderProxy@72a63c1})/@0xb83c0aa - animation-leash of token_transform#14214
04-26 11:51:12.620  3635  3699 D SurfaceComposerClient: setCornerRadius ## Task=627#14211 cornerRadius=108.000000
04-26 11:51:12.620  1430  1430 D SurfaceFlinger: Display 4630947232161729154 HWC layers:
04-26 11:51:12.620  1430  1430 D SurfaceFlinger:        DEVICE |           15612206120981 | 00000100 | RGBA_8888    |    0.0    0.0 1080.0 2340.0 |    0    0 1080 2340 | Wallpaper BBQ wrapper 5_system#105 (1)
04-26 11:51:12.620  1430  1430 D SurfaceFlinger:        DEVICE |           17497696766921 | 00002100 | RGBA_8888    |    0.0    0.0 1080.0 2340.0 |    0    0 1080 2340 | com.sec.android.app.launcher/com.sec[...]ivities.LauncherActivity$_4074#14198 (46)
04-26 11:51:12.620  1430  1430 D SurfaceFlinger:        CLIENT |           15612206128378 | 00002100 | RGBA_8888    |    0.0    0.0 2340.0 1080.0 |   13   27 1067 2313 | Splash Screen com.openautolink.app$_3635#14216 (1)
04-26 11:51:12.620  1430  1430 D SurfaceFlinger:        DEVICE |           15612206128372 | 00002100 | RGBA_8888    |    0.0    0.0 1080.0  144.0 |    0 2196 1080 2340 | NavigationBar0$_3635#108 (6410)
04-26 11:51:12.620  1430  1430 D SurfaceFlinger:        DEVICE |           15612206128368 | 00002140 | RGBA_8888    |    0.0    0.0 1080.0  121.0 |    0    0 1080  121 | ScreenDecorOverlay$_3635#117 (937)
04-26 11:51:12.620  1430  1430 D SurfaceFlinger:        DEVICE |           15612206128369 | 00002140 | RGBA_8888    |    0.0    0.0 1080.0  121.0 |    0 2219 1080 2340 | ScreenDecorOverla
04-26 11:51:12.620  1430  1430 D SurfaceFlinger: yBottom$_3635#118 (773)
04-26 11:51:12.620  1430  1430 D SurfaceFlinger: 
04-26 11:51:12.628  3635  3699 D SurfaceComposerClient: setCornerRadius ## Task=627#14211 cornerRadius=108.000000
04-26 11:51:12.631  1643 12893 D SGM:FgCheckThread: notifyAppCreated(), packageName: com.openautolink.app, userId: 0, sendRet: true
04-26 11:51:12.631  1643  2717 D SGM:FgCheckThread: onLooperPrepared(), msg: MSG_APP_CREATE, pkgName: com.openautolink.app, userId: 0
04-26 11:51:12.632  1643 12893 D SGM:FgCheckThread: TaskStackListener.onTaskFocusChanged(), taskId=93, focused=false
04-26 11:51:12.632  1643 12893 D SGM:FgCheckThread: TaskStackListener.onTaskFocusChanged(), taskId=627, focused=true
04-26 11:51:12.632  1643 12893 D SGM:FgCheckThread:   sendRunningComponentFocus(), pkgName: com.openautolink.app, userId: 0
04-26 11:51:12.632  1643 12893 D InputDispatcher: Focused application(0): ActivityRecord{7514465 u0 com.openautolink.app/.MainActivity t627}
04-26 11:51:12.632  1643 12893 D ActivityTaskManager: scheduleTopResumedActivityChanged, onTop=true, r=ActivityRecord{7514465 u0 com.openautolink.app/.MainActivity t627}, caller=com.android.server.wm.ActivityTaskSupervisor.scheduleTopResumedActivityStateIfNeeded:18 com.android.server.wm.ActivityTaskSupervisor.updateTopResumedActivityIfNeeded:54 com.android.server.wm.TaskFragment.setResumedActivity:30 com.android.server.wm.ActivityRecord.setState:100 com.android.server.wm.ActivityTaskSupervisor.realStartActivityLocked:477 com.android.server.wm.RootWindowContainer.attachApplication:92 
04-26 11:51:12.632  1643  2717 D SGM:FgCheckThread: onLooperPrepared(), msg: MSG_TASK_FOCUSED, pkgName: com.openautolink.app, userId: 0
04-26 11:51:12.632  1643  2717 D SGM:FgCheckThread: handleTaskFocused().
04-26 11:51:12.632  1643  2717 D SGM:FgCheckThread:   handleTaskFocused(), pkgName: com.openautolink.app, userID:0
04-26 11:51:12.632  1643  2717 D SGM:FgCheckThread: handleResume().
04-26 11:51:12.632  1643  2717 D SGM:FgCheckThread: sendFocusOutConditionally() - mPrevNotiPkg: (unknown), userId: 0
04-26 11:51:12.632  1643  2717 D SGM:FgCheckThread:   handleResume(). pkgName: com.openautolink.app, userId: 0, category: non-game
04-26 11:51:12.632  1643  2717 D SGM:FgCheckThread: notifyFocusInOut(). of pkg: com.openautolink.app, type: 4, isSecGameFamily: false, userId: 0
04-26 11:51:12.632  1643  2717 D SGM:FgCheckThread:   notifyFocusInOut(). unexpected mPrevNotiType: -1
04-26 11:51:12.632  1643  2717 D SGM:SystemHelper: callReleaseBlock needReleaseBlock:false
04-26 11:51:12.633  1643  3476 D AS.MultiSoundManager: mForegroundUid = 10169
04-26 11:51:12.633  3635  3635 I {OngoingActivityController}: onTaskFocusChanged but OA data is empty
04-26 11:51:12.634  4074  4146 I HoneySpace.TopTaskSource: onTaskFocusChanged(): taskId = 627
04-26 11:51:12.634  1643  3499 I CocktailBarManagerServiceContainer: handleMessage: entry what = 5
04-26 11:51:12.634  1643 12893 D GraphicsStatsService: requestRenderEngineFor(com.openautolink.app)
04-26 11:51:12.634  1643  3510 D BackgroundInstallControlService: Package event received: 0
04-26 11:51:12.634  8096  8096 D ActivityThread: com.openautolink.app will use render engine as VK
04-26 11:51:12.634  4074  4074 I HoneySpace.EdgePanel.CocktailHostRepositoryImpl: onNoteResume
04-26 11:51:12.634  4074  4074 I HoneySpace.EdgePanel.EdgePanelContainerViewModel: cocktailHostRepository.edgePanelOperation NoteResumeComponent(componentName=ComponentInfo{com.openautolink.app/com.openautolink.app.MainActivity})
04-26 11:51:12.635  8096  8096 D HWUI    : HWUI - treat SMPTE_170M as sRGB
04-26 11:51:12.635  4074  4074 I HoneySpace.EdgePanel.ActivityUtils: HomePackage : com.sec.android.app.launcher, resumePackageName : com.openautolink.app, className : com.openautolink.app.MainActivity
04-26 11:51:12.635  1643  1708 D SGM:FgCheckThread: noteResumeComponent(), received pkgName: com.openautolink.app, userId: 0
04-26 11:51:12.635  1643  2717 D SGM:FgCheckThread: onLooperPrepared(), msg: MSG_APP_RESUME, pkgName: com.openautolink.app, userid: 0
04-26 11:51:12.635  1643  2717 D SGM:FgCheckThread: handleResume().
04-26 11:51:12.635  1643  2717 D SGM:FgCheckThread: sendFocusOutConditionally() - mPrevNotiPkg: (unknown), userId: 0
04-26 11:51:12.635  1643  2717 D SGM:FgCheckThread:   handleResume(). pkgName: com.openautolink.app, userId: 0, category: non-game
04-26 11:51:12.635  1643  2717 D SGM:FgCheckThread: notifyFocusInOut(). of pkg: com.openautolink.app, type: 4, isSecGameFamily: false, userId: 0
04-26 11:51:12.635  1643  2717 D SGM:FgCheckThread:   notifyFocusInOut(). unexpected mPrevNotiType: -1
04-26 11:51:12.635  1643  2717 D SGM:SystemHelper: callReleaseBlock needReleaseBlock:false
04-26 11:51:12.635  1643  1708 D SGM:GameManager: identifyGamePackage. com.openautolink.app, mCurrentUserId: 0, callingMethodInfo: com.samsung.android.game.SemGameManager.isGamePackage(SemGameManager.java:106)
04-26 11:51:12.635  1643  1708 D SGM:SemGameManager: isGamePackage(), pkgName=com.openautolink.app, ret=false
04-26 11:51:12.636  5525 12655 I SDHMS:k : handleResumeComponent : put = com.openautolink.app, userid = 0 instanceid =237627719
04-26 11:51:12.637  8096  8119 I DisplayManager: Choreographer implicitly registered for the refresh rate.
04-26 11:51:12.637  1643  3510 D BackgroundInstallControlService: Package event received: 0
04-26 11:51:12.637  3635  3699 D SurfaceComposerClient: setCornerRadius ## Task=627#14211 cornerRadius=108.000000
04-26 11:51:12.638  8096  8119 D HWUI    : CacheManager constructor. deviceInfo=(1080, 1920)
04-26 11:51:12.639  8096  8119 I AdrenoGLES-0: QUALCOMM build                   : c62cb5db3a, I2ae86c79d4
04-26 11:51:12.639  8096  8119 I AdrenoGLES-0: Build Date                       : 09/12/25
04-26 11:51:12.639  8096  8119 I AdrenoGLES-0: OpenGL ES Shader Compiler Version: EV031.35.01.12
04-26 11:51:12.639  8096  8119 I AdrenoGLES-0: Local Branch                     : 
04-26 11:51:12.639  8096  8119 I AdrenoGLES-0: Remote Branch                    : refs/tags/AU_LINUX_ANDROID_LA.UM.9.14.11.00.00.571.148
04-26 11:51:12.639  8096  8119 I AdrenoGLES-0: Remote Branch                    : NONE
04-26 11:51:12.639  8096  8119 I AdrenoGLES-0: Reconstruct Branch               : NOTHING
04-26 11:51:12.639  8096  8119 I AdrenoGLES-0: Build Config                     : S P 10.0.7 AArch64
04-26 11:51:12.639  8096  8119 I AdrenoGLES-0: Driver Path                      : /vendor/lib64/egl/libGLESv2_adreno.so
04-26 11:51:12.642  8096  8119 I AdrenoGLES-0: PFP: 0x016dc094, ME: 0x00000000
04-26 11:51:12.645  3635  3699 D SurfaceComposerClient: setCornerRadius ## Task=627#14211 cornerRadius=108.000000
04-26 11:51:12.648  8096  8096 E ashmem  : Pinning is deprecated since Android Q. Please use trim or other methods.
04-26 11:51:12.653  3635  3699 D SurfaceComposerClient: setCornerRadius ## Task=627#14211 cornerRadius=108.000000
04-26 11:51:12.656  8096  8096 D CompatChangeReporter: Compat change id reported: 377864165; UID 10169; state: ENABLED
04-26 11:51:12.657  8096  8096 D DesktopModeFlags: Toggle override initialized to: OVERRIDE_UNSET
04-26 11:51:12.660  8096  8096 I DecorView: setWindowBackground: isPopOver=false color=ff000000 d=android.graphics.drawable.ColorDrawable@d763b25
04-26 11:51:12.661  3635  3699 D SurfaceComposerClient: setCornerRadius ## Task=627#14211 cornerRadius=108.000000
04-26 11:51:12.670  3635  3699 D SurfaceComposerClient: setCornerRadius ## Task=627#14211 cornerRadius=108.000000
04-26 11:51:12.675  1643  3464 V MdnieScenarioControlService: mAclOffEnabled : false
04-26 11:51:12.678  3635  3699 D SurfaceComposerClient: setCornerRadius ## Task=627#14211 cornerRadius=108.000000
04-26 11:51:12.687  3635  3699 D SurfaceComposerClient: setCornerRadius ## Task=627#14211 cornerRadius=108.000000
04-26 11:51:12.695  3635  3699 D SurfaceComposerClient: setCornerRadius ## Task=627#14211 cornerRadius=108.000000
04-26 11:51:12.703  3635  3699 D SurfaceComposerClient: setCornerRadius ## Task=627#14211 cornerRadius=108.000000
04-26 11:51:12.712  3635  3699 D SurfaceComposerClient: setCornerRadius ## Task=627#14211 cornerRadius=108.000000
04-26 11:51:12.714  8096  8096 I MainActivity: applyDisplayMode: fullscreen_immersive
04-26 11:51:12.720  3635  3699 D SurfaceComposerClient: setCornerRadius ## Task=627#14211 cornerRadius=108.000000
04-26 11:51:12.728  3635  3699 D SurfaceComposerClient: setCornerRadius ## Task=627#14211 cornerRadius=108.000000
04-26 11:51:12.736  3635  3699 D SurfaceComposerClient: setCornerRadius ## Task=627#14211 cornerRadius=108.000000
04-26 11:51:12.741  8096  8096 D ViewRootImpl: desktopMode is false
04-26 11:51:12.742  8096  8096 I ViewRootImpl: dVRR is disabled
04-26 11:51:12.743  8096  8096 D HardwareRenderer: onDisplayChanged. displayId=0 current wxh=2340x1080 mLargest wxh=0x0
04-26 11:51:12.743  8096  8096 D HardwareRenderer: Set largestWidth and largestHeight as logical resolution. (2340x1080)
04-26 11:51:12.743  8096  8119 D HWUI    : setMaxSurfaceArea requested wxh=(2340,1080) requestedSurfaceArea(2527200) mMaxSurfaceArea(2073600)
04-26 11:51:12.743  8096  8119 D NativeCustomFrequencyManager: [NativeCFMS] BpCustomFrequencyManager::BpCustomFrequencyManager()
04-26 11:51:12.745  3635  3699 D SurfaceComposerClient: setCornerRadius ## Task=627#14211 cornerRadius=108.000000
04-26 11:51:12.746  8096  8096 D InsetsController: Setting requestedVisibleTypes to -16 (was -9)
04-26 11:51:12.746  8096  8096 I InsetsController: setRequestedVisibleTypes: visible=false, mask=statusBars navigationBars captionBar, host=com.openautolink.app/com.openautolink.app.MainActivity, from=android.view.InsetsController.controlAnimationUnchecked:1604 android.view.InsetsController.applyAnimation:2416 android.view.InsetsController.applyAnimation:2343 android.view.InsetsController.hide:1540 android.view.InsetsController.hide:1450 android.view.PendingInsetsController$HideRequest.replay:277 android.view.PendingInsetsController.replayAndAttach:192 android.view.ViewRootImpl.setView:1948 android.view.WindowManagerGlobal.addView:604 android.view.WindowManagerImpl.addView:158 
04-26 11:51:12.747  1643  3753 W WindowManager: Failed looking up window session=Session{19e3dff 8096:u0a10169} callers=com.android.server.wm.WindowManagerService.windowForClientLocked:1 com.android.server.wm.Session.updateRequestedVisibleTypes:12 android.view.IWindowSession$Stub.onTransact:1188 
04-26 11:51:12.747  1643  5613 D InputTransport: Input channel constructed: '6f0412a', fd=1045
04-26 11:51:12.747  1643  5613 D InputTransport: Input channel constructed: '6f0412a', fd=1047
04-26 11:51:12.747  1643  5613 D InputTransport: Input channel constructed: '6f0412a', fd=1053
04-26 11:51:12.747  1643  5613 D InputTransport: Input channel destroyed: '6f0412a', fd=1047
04-26 11:51:12.747  1430  2961 I SurfaceFlinger: id=14221 createSurf, flag=84004, 6f0412a com.openautolink.app/com.openautolink.app.MainActivity#14221
04-26 11:51:12.748  1643  5613 D RestrictionPolicy: isScreenCaptureEnabled : ret=true userId=0
04-26 11:51:12.748  1643  5613 D RestrictionPolicy: isScreenCaptureEnabled : ret=true userId=0
04-26 11:51:12.748  1643  5613 D InputTransport: Input channel destroyed: '6f0412a', fd=1053
04-26 11:51:12.749  8096  8096 D InputTransport: Input channel constructed: '6f0412a', fd=116
04-26 11:51:12.749  8096  8096 I InsetsController: onStateChanged: host=com.openautolink.app/com.openautolink.app.MainActivity, from=android.view.ViewRootImpl.onInsetsStateChanged:3026, state=InsetsState: {mDisplayFrame=Rect(0, 0 - 2340, 1080), mDisplayCutout=DisplayCutout{insets=Rect(0, 0 - 99, 0) waterfall=Insets{left=0, top=0, right=0, bottom=0} boundingRect={Bounds=[Rect(0, 0 - 0, 0), Rect(0, 0 - 0, 0), Rect(2241, 505 - 2340, 575), Rect(0, 0 - 0, 0)]} cutoutPathParserInfo={CutoutPathParserInfo{displayWidth=1080 displayHeight=2340 physicalDisplayWidth=1080 physicalDisplayHeight=2340 density={3.0} cutoutSpec={M 0,0 M 0,29 a 35,35 0 1,0 0,70 a 35,35 0 1,0 0,-70 Z} rotation={3} scale={1.0} physicalPixelDisplaySizeRatio={1.0}}} sideOverrides={}}, mRoundedCorners=RoundedCorners{[RoundedCorner{position=TopLeft, radius=108, center=Point(108, 108)}, RoundedCorner{position=TopRight, radius=108, center=Point(2232, 108)}, RoundedCorner{position=BottomRight, radius=108, center=Point(2232, 972)}, RoundedCorner{position=BottomLeft, radius=108, center=Point(108, 972)}]}  mRoundedCornerFrame=Rect(0, 0 - 2340, 1080), mPrivacyIndicatorBounds=PrivacyIndicatorBounds {static bounds=Rect(2109, 0 - 2241, 90) rotation=3}, mDisplayShape=DisplayShape{ spec=-311912193 displayWidth=1080 displayHeight=2340 physicalPixelDisplaySizeRatio=1.0 rotation=3 offsetX=0 offsetY=0 scale=1.0}, mSources= { InsetsSource: {47 mType=displayCutout mFrame=[2241,0][2340,1080] mVisible=true mFlags= mSideHint=RIGHT mBoundingRects=null}, InsetsSource: {371b0000 mType=statusBars mFrame=[0,0][2340,90] mVisible=true mFlags= mSideHint=TOP mBoundingRects=null}, InsetsSource: {371b0005 mType=mandatorySystemGestures mFrame=[0,0][2340,90] mVisible=true mFlags= mSideHint=TOP mBoundingRects=null}, InsetsSource: {371b0006 mType=tappableElement mFrame=[0,0][2340,90] mVisible=true mFlags= mSideHint=TOP mBoundingRects=null}, InsetsSource: {50c80001 mType=navigationBars mFrame=[0,0][144,1080] mVisible=true mFlags= mSideHint=LEFT mBoundingRects=null}, InsetsSource: {50c80004 mType=systemGestures mFrame=[0,0][0,0] mVisible=true mFlags= mSideHint=NONE mBoundingRects=null}, InsetsSource: {50c80005 mType=mandatorySystemGestures mFrame=[0,0][144,1080] mVisible=true mFlags= mSideHint=LEFT mBoundingRects=null}, InsetsSource: {50c80006 mType=tappableElement mFrame=[0,0][144,1080] mVisible=true mFlags= mSideHint=LEFT mBoundingRects=null}, InsetsSource: {50c80024 mType=systemGestures mFrame=[0,0][0,0] mVisible=true mFlags= mSideHint=NONE mBoundingRects=null} }
04-26 11:51:12.750  8096  8096 I VRI[MainActivity]@4ca2475: synced displayState. AttachInfo displayState=2
04-26 11:51:12.750  8096  8096 I VRI[MainActivity]@4ca2475: setView = com.android.internal.policy.DecorView@a592f1 IsHRR=false mFlingFrameRateChange=0 TM=true
04-26 11:51:12.751  8096  8096 I IDS_TAG : Starting IDS observe window
04-26 11:51:12.751  8096  8096 I IDS_TAG : Getting Shared Preference for com.openautolink.app.OalApplication@15cd843 uid = 10169
04-26 11:51:12.753  8096  8096 I IDS_TAG : App com.openautolink.app.OalApplication@15cd843 has not finished training
04-26 11:51:12.753  1430  1430 I SurfaceFlinger: [6f0412a com.openautolink.app/com.openautolink.app.MainActivity#14221] attach to parent LayerHierarchy{RequestedLayerState{ActivityRecord{7514465 u0 com.openautolink.app/.MainActivity t627}#14212 parentId=14211} 3 children}
04-26 11:51:12.753  3635  3699 D SurfaceComposerClient: setCornerRadius ## Task=627#14211 cornerRadius=108.000000
04-26 11:51:12.754  8096  8096 I MainActivity: applyDisplayMode: fullscreen_immersive
04-26 11:51:12.754  8096  8119 D HWUI    : HWUI - treat SMPTE_170M as sRGB
04-26 11:51:12.755  8096  8096 I IDS_TAG : Closing IDS observe window
04-26 11:51:12.755  8096  8096 I IDS_TAG : Getting Shared Preference for com.openautolink.app.OalApplication@15cd843 uid = 10169
04-26 11:51:12.755  8096  8096 I IDS_TAG : IDS count updated to 2 for com.openautolink.app.OalApplication@15cd843
04-26 11:51:12.757  1643  5613 D CoreBackPreview: Window{6f0412a u0 com.openautolink.app/com.openautolink.app.MainActivity}: Setting back callback OnBackInvokedCallbackInfo{mCallback=android.window.IOnBackInvokedCallback$Stub$Proxy@42e14b8, mPriority=-1, mIsAnimationCallback=false, mOverrideBehavior=0}
04-26 11:51:12.761  3635  3699 D SurfaceComposerClient: setCornerRadius ## Task=627#14211 cornerRadius=108.000000
04-26 11:51:12.762  1430  1430 I SurfaceFlinger: RequestedLayer [6f0412a com.openautolink.app/com.openautolink.app.MainActivity#14221] hidden!! flag  from(1) --> to(0)
04-26 11:51:12.770  3635  3699 D SurfaceComposerClient: setCornerRadius ## Task=627#14211 cornerRadius=108.000000
04-26 11:51:12.778  3635  3699 D SurfaceComposerClient: setCornerRadius ## Task=627#14211 cornerRadius=108.000000
04-26 11:51:12.779  3635  3689 V WindowManagerShell: Transition animation finished (aborted=false), notifying core (#1671) android.os.BinderProxy@a04a6ee@0
04-26 11:51:12.779  3635  3689 I SurfaceControlRegistry: apply, t=FinishTransaction_SyncId<1671>, caller=android.view.SurfaceControl$Transaction.apply:3459 android.view.SurfaceControl$Transaction.apply:3447 android.view.SurfaceControl$Transaction.apply:3397 com.android.wm.shell.transition.Transitions.onFinish:315 com.android.wm.shell.transition.Transitions$$ExternalSyntheticLambda7.onTransitionFinished:12 com.android.wm.shell.transition.DefaultTransitionHandler$$ExternalSyntheticLambda6.run:36 
04-26 11:51:12.780  1643  5613 V WindowManager: Finish Transition: TransitionRecord{4984c8 id=1671 type=OPEN flags=0x0 c=[
04-26 11:51:12.780  1643  5613 V WindowManager:    ChangeInfo{b91d2e3 container=ActivityRecord{7514465 u0 com.openautolink.app/.MainActivity t627} flags=0x0}
04-26 11:51:12.780  1643  5613 V WindowManager:    ChangeInfo{a43aa72 container=WallpaperWindowToken{1d7ea03 showWhenLocked=false}_<system> flags=0x0}
04-26 11:51:12.780  1643  5613 V WindowManager:    ChangeInfo{9ea24e0 container=Task{273dc86 #627 type=standard A=10169:com.openautolink.app} flags=0x10}
04-26 11:51:12.780  1643  5613 V WindowManager:    ChangeInfo{52e2399 container=Display{#0 state=ON size=1080x2340 ROTATION_0} flags=0x0}
04-26 11:51:12.780  1643  5613 V WindowManager:    ChangeInfo{2ea7ec3 container=Task{62436bf #93 type=home I=com.sec.android.app.launcher/.activities.LauncherActivity} flags=0x10}
04-26 11:51:12.780  1643  5613 V WindowManager:    ChangeInfo{e499340 container=WallpaperWindowToken{83ef74e showWhenLocked=true}_<lock> flags=0x0}
04-26 11:51:12.780  1643  5613 V WindowManager:    ChangeInfo{3b16279 container=ActivityRecord{151622878 u0 com.sec.android.app.launcher/.activities.LauncherActivity t93} flags=0x0}
04-26 11:51:12.780  1643  5613 V WindowManager:    ChangeInfo{4d3f65e container=DefaultTaskDisplayArea_d0@168470359 flags=0x0}
04-26 11:51:12.780  1643  5613 V WindowManager:    ChangeInfo{11dfbbe container=RemoteWallpaperAnim:1:1@186487116 flags=0x0}
04-26 11:51:12.780  1643  5613 V WindowManager:    ChangeInfo{f6c441f container=Task{b72e3c8 #1 type=home} flags=0x10}
04-26 11:51:12.780  1643  5613 V WindowManager: ]
04-26 11:51:12.780  1643  5613 V WindowManager: }, caller=com.android.server.wm.WindowOrganizerController.finishTransitionInner:31 com.android.server.wm.WindowOrganizerController.finishAllTransitions:60 android.window.IWindowOrganizerController$Stub.onTransact:283 
04-26 11:51:12.781  1643  1703 V WindowManager: Finish Transition (#1671): created at 04-26 11:51:12.374 collect-started=0.354ms request-sent=9.128ms started=16.085ms ready=41.321ms sent=43.714ms commit=14.832ms finished=406.667ms
04-26 11:51:12.781  1643  5613 V WindowManager: Setting visibility of Window{72edff6 u0 com.sec.android.app.launcher/com.sec.android.app.launcher.activities.LauncherActivity}: false, caller=com.android.server.wm.WindowContainer.sendAppVisibilityToClients:19 com.android.server.wm.WindowToken.setClientVisible:48 com.android.server.wm.ActivityRecord.commitVisibility:186 com.android.server.wm.TransitionController.finishTransition:846 com.android.server.wm.WindowOrganizerController.finishTransitionInner:31 
04-26 11:51:12.781  1643  5613 V WindowManager: Setting visibility of Window{2ec2b6 u0 com.sec.android.app.launcher/com.sec.android.app.launcher.activities.LauncherActivity}: false, caller=com.android.server.wm.WindowContainer.sendAppVisibilityToClients:19 com.android.server.wm.WindowToken.setClientVisible:48 com.android.server.wm.ActivityRecord.commitVisibility:186 com.android.server.wm.TransitionController.finishTransition:846 com.android.server.wm.WindowOrganizerController.finishTransitionInner:31 
04-26 11:51:12.781  1643  5613 V WindowManager: Setting visibility of Window{41a26bb u0 com.android.systemui.wallpapers.ImageWallpaper}: false, caller=com.android.server.wm.WindowContainer.sendAppVisibilityToClients:19 com.android.server.wm.WindowToken.setClientVisible:48 com.android.server.wm.WallpaperWindowToken.setVisible$1:3 com.android.server.wm.WallpaperWindowToken.commitVisibility:48 com.android.server.wm.TransitionController.finishTransition:1252 
04-26 11:51:12.781 21106 21106 I VRI[LauncherActivity]@50a1df4: handleAppVisibility mAppVisible = true visible = false
04-26 11:51:12.781 21106 21106 D VRI[LauncherActivity]@50a1df4: visibilityChanged oldVisibility=true newVisibility=false
04-26 11:51:12.781  1643  5613 V WindowManager: Computed rotation=ROTATION_270 (3) for display id=0 based on lastOrientation=SCREEN_ORIENTATION_UNSPECIFIED (-1) and oldRotation=ROTATION_0 (0), caller=com.android.server.wm.DisplayRotation.updateOrientation:79 com.android.server.wm.DisplayContent.continueUpdateOrientationForDiffOrienLaunchingApp:63 com.android.server.wm.DisplayContent$FixedRotationTransitionListener.onAppTransitionFinishedLocked:263 com.android.server.wm.TransitionController.finishTransition:1581 com.android.server.wm.WindowOrganizerController.finishTransitionInner:31 com.android.server.wm.WindowOrganizerController.finishAllTransitions:60 
04-26 11:51:12.781  1643  5613 I WindowManager: Display id=0 rotation changed to 3 from 0, lastOrientation=-1 userRotationMode=0 userRotation=0 lastSensorRotation=3
04-26 11:51:12.781  4074  4074 I VRI[LauncherActivity]@2844a0f: handleAppVisibility mAppVisible = true visible = false
04-26 11:51:12.781  1643  5613 D WindowManager: setRotation: rotation=3
04-26 11:51:12.781  1643  5613 D WindowWakeUpPolicy: HINT_PWM_ROTATION acquire()
04-26 11:51:12.781  1643  5613 I SemDvfsHyPerManager: acquire hyper - PWM_ROTATION/1643@43, type = -999
04-26 11:51:12.781  3635  3784 I WallpaperService: dispatchAppVisibility: system, visible=false , mLidState = -1
04-26 11:51:12.782  1248  1426 I HYPER-HAL: [RequestManager.cpp]acquire(): Acquired ID : 1422184  [1643 / 43]    HINT : PWM_ROTATION    list : 
04-26 11:51:12.782  3635  3819 I WallpaperService: reportVisibility: visibility changed. visible=false
04-26 11:51:12.782  3635  3819 I ImageWallpaper_5[Image]:  onVisibilityChanged: visible=false , displayId=0
04-26 11:51:12.782  1643  5613 D WindowManager: Transition is created, t=TransitionRecord{60bc464 id=-1 type=CHANGE flags=0x0}, caller=com.android.server.wm.Transition.<init>:182 com.android.server.wm.TransitionController.createTransition:17 com.android.server.wm.DisplayContent.requestChangeTransition:5 com.android.server.wm.DisplayRotation.updateRotationUnchecked:760 com.android.server.wm.DisplayRotation.updateOrientation:79 
04-26 11:51:12.782  1643  3753 D DARUtil : Device owner status not updated yet...
04-26 11:51:12.782  1643  3753 D DARUtil : Not an enterprise user : 0
04-26 11:51:12.782  1643  5613 D BLASTSyncEngine: SyncGroup is created, id=1672, name=Transition-CHANGE, caller=com.android.server.wm.BLASTSyncEngine$SyncGroup.<init>:52 com.android.server.wm.TransitionController.moveToCollecting:79 com.android.server.wm.TransitionController.createTransition:46 com.android.server.wm.DisplayContent.requestChangeTransition:5 com.android.server.wm.DisplayRotation.updateRotationUnchecked:760 com.android.server.wm.DisplayRotation.updateOrientation:79 com.android.server.wm.DisplayContent.continueUpdateOrientationForDiffOrienLaunchingApp:63 
04-26 11:51:12.782  1643  5613 W BLASTSyncEngine: setSyncMethod, id=1672, method=0, caller=com.android.server.wm.TransitionController.moveToCollecting:91 com.android.server.wm.TransitionController.createTransition:46 com.android.server.wm.DisplayContent.requestChangeTransition:5 
04-26 11:51:12.782  1643  5613 V WindowManager: Start collecting in Transition: TransitionRecord{60bc464 id=1672 type=CHANGE flags=0x0}, caller=com.android.server.wm.TransitionController.createTransition:46 com.android.server.wm.DisplayContent.requestChangeTransition:5 com.android.server.wm.DisplayRotation.updateRotationUnchecked:760 com.android.server.wm.DisplayRotation.updateOrientation:79 com.android.server.wm.DisplayContent.continueUpdateOrientationForDiffOrienLaunchingApp:63 
04-26 11:51:12.782  1643  5613 V WindowManager: Requesting StartTransition: TransitionRecord{60bc464 id=1672 type=CHANGE flags=0x0}, caller=com.android.server.wm.DisplayContent.requestChangeTransition:10 com.android.server.wm.DisplayRotation.updateRotationUnchecked:760 com.android.server.wm.DisplayRotation.updateOrientation:79 com.android.server.wm.DisplayContent.continueUpdateOrientationForDiffOrienLaunchingApp:63 com.android.server.wm.DisplayContent$FixedRotationTransitionListener.onAppTransitionFinishedLocked:263 
04-26 11:51:12.782  1643  3753 D DARUtil : Device owner status not updated yet...
04-26 11:51:12.782  1643  3753 D DARUtil : Not an enterprise user : 0
04-26 11:51:12.782  1643  3753 D SyntheticPasswordManager.SDP: Inside fromBytes() - result.pinLength : 8
04-26 11:51:12.782  1643  3753 D SyntheticPasswordManager.SDP: 1. result.secureMode : 0
04-26 11:51:12.782  1643  5613 V WindowManager: Collecting in transition 1672: Display{#0 state=ON size=1080x2340 ROTATION_0}, caller=com.android.server.wm.DisplayContent.requestChangeTransition:31 com.android.server.wm.DisplayRotation.updateRotationUnchecked:760 com.android.server.wm.DisplayRotation.updateOrientation:79 com.android.server.wm.DisplayContent.continueUpdateOrientationForDiffOrienLaunchingApp:63 com.android.server.wm.DisplayContent$FixedRotationTransitionListener.onAppTransitionFinishedLocked:263 
04-26 11:51:12.782  1643  5613 D WindowManager: prepareSync <SYNC_STATE_WAITING_FOR_DRAW>, mPrepareSyncSeqId=0, win=Window{a90fde8 u0 Bouncer}
04-26 11:51:12.782  1643  5613 D WindowManager: prepareSync <SYNC_STATE_WAITING_FOR_DRAW>, mPrepareSyncSeqId=0, win=Window{3fba864 u0 LockscreenShortcutBlur}
04-26 11:51:12.782  1643  5613 D WindowManager: prepareSync <SYNC_STATE_WAITING_FOR_DRAW>, mPrepareSyncSeqId=0, win=Window{b54648e u0 NotificationShade}
04-26 11:51:12.782  1643  5613 D WindowManager: prepareSync <SYNC_STATE_WAITING_FOR_DRAW>, mPrepareSyncSeqId=0, win=Window{6ccb15f u0 InputMethod}
04-26 11:51:12.782  1643  5613 D WindowManager: prepareSync <SYNC_STATE_WAITING_FOR_DRAW>, mPrepareSyncSeqId=0, win=Window{30993e7 u0 RecentsTransitionOverlay}
04-26 11:51:12.782  1643  5613 D WindowManager: prepareSync <SYNC_STATE_WAITING_FOR_DRAW>, mPrepareSyncSeqId=0, win=Window{e0d3ad3 u0 Splash Screen com.openautolink.app}
04-26 11:51:12.782  1643  5613 D WindowManager: prepareSync <SYNC_STATE_WAITING_FOR_DRAW>, mPrepareSyncSeqId=0, win=Window{6f0412a u0 com.openautolink.app/com.openautolink.app.MainActivity}
04-26 11:51:12.782  1643  5613 D WindowManager: prepareSync <SYNC_STATE_WAITING_FOR_DRAW>, mPrepareSyncSeqId=0, win=Window{72edff6 u0 com.sec.android.app.launcher/com.sec.android.app.launcher.activities.LauncherActivity}
04-26 11:51:12.782  1643  5613 D WindowManager: prepareSync <SYNC_STATE_WAITING_FOR_DRAW>, mPrepareSyncSeqId=0, win=Window{2ec2b6 u0 com.sec.android.app.launcher/com.sec.android.app.launcher.activities.LauncherActivity}
04-26 11:51:12.783  1643  5613 D WindowManager: prepareSync <SYNC_STATE_WAITING_FOR_DRAW>, mPrepareSyncSeqId=0, win=Window{bf64df5 u0 com.android.settings/com.android.settings.applications.InstalledAppDetails}
04-26 11:51:12.783  1643  5613 D WindowManager: prepareSync <SYNC_STATE_WAITING_FOR_DRAW>, mPrepareSyncSeqId=0, win=Window{b68b572 u0 com.android.settings/com.android.settings.homepage.DeepLinkHomepageActivity}
04-26 11:51:12.783  1643  5613 D WindowManager: prepareSync <SYNC_STATE_WAITING_FOR_DRAW>, mPrepareSyncSeqId=0, win=Window{dbc514f u0 com.android.vending/com.google.android.finsky.unauthenticated.activity.UnauthenticatedMainActivity}
04-26 11:51:12.783  1643  5613 D WindowManager: prepareSync <SYNC_STATE_WAITING_FOR_DRAW>, mPrepareSyncSeqId=0, win=Window{707e85e u0 com.android.settings/com.android.settings.SubSettings}
04-26 11:51:12.783  1643  5613 D WindowManager: prepareSync <SYNC_STATE_WAITING_FOR_DRAW>, mPrepareSyncSeqId=0, win=Window{862d943 u0 com.android.settings/com.android.settings.SubSettings}
04-26 11:51:12.783  1643  5613 D WindowManager: prepareSync <SYNC_STATE_WAITING_FOR_DRAW>, mPrepareSyncSeqId=0, win=Window{d130ac7 u0 com.android.settings/com.android.settings.homepage.SettingsHomepageActivity}
04-26 11:51:12.783  1643  5613 D WindowManager: prepareSync <SYNC_STATE_WAITING_FOR_DRAW>, mPrepareSyncSeqId=0, win=Window{c6c9804 u0 com.sec.android.app.launcher/com.android.quickstep.RecentsActivity}
04-26 11:51:12.783  1643  5613 D WindowManager: prepareSync <SYNC_STATE_WAITING_FOR_DRAW>, mPrepareSyncSeqId=0, win=Window{cd91c7f u0 com.google.android.projection.gearhead/com.google.android.projection.gearhead.companion.settings.Material3SettingsActivity}
04-26 11:51:12.783  1643  5613 V WindowManager: Override sync-method for e0d3ad3 Splash Screen com.openautolink.app because seamless rotating, caller=com.android.server.wm.DisplayContent.setSeamlessTransitionForFixedRotation:22 com.android.server.wm.DisplayContent.requestChangeTransition:96 com.android.server.wm.DisplayRotation.updateRotationUnchecked:760 com.android.server.wm.DisplayRotation.updateOrientation:79 com.android.server.wm.DisplayContent.continueUpdateOrientationForDiffOrienLaunchingApp:63 
04-26 11:51:12.783  1643  8135 D SemInputDeviceManager: setProperty: (0) CMD,GRIP_DATA,2,1,45,15,25,25,46,46
04-26 11:51:12.783  1643  5613 D WindowManager: applyWithNextDraw, mSyncSeqId=181, win=Window{cdc43d7 u0 ScreenDecorOverlayBottom}, caller=com.android.server.wm.WindowState.applyWithNextDraw:131 com.android.server.wm.AsyncRotationController.keepAppearanceInPreviousRotation:59 com.android.server.wm.DisplayContent.setSeamlessTransitionForFixedRotation:29 com.android.server.wm.DisplayContent.requestChangeTransition:96 com.android.server.wm.DisplayRotation.updateRotationUnchecked:760 com.android.server.wm.DisplayRotation.updateOrientation:79 
04-26 11:51:12.783  1643  5613 D AsyncRotation_WindowManager: Sync draw for Window{cdc43d7 u0 ScreenDecorOverlayBottom}
04-26 11:51:12.783  1643  5613 D WindowManager: applyWithNextDraw, mSyncSeqId=230, win=Window{27be89 u0 NavigationBar0}, caller=com.android.server.wm.WindowState.applyWithNextDraw:131 com.android.server.wm.AsyncRotationController.keepAppearanceInPreviousRotation:59 com.android.server.wm.DisplayContent.setSeamlessTransitionForFixedRotation:29 com.android.server.wm.DisplayContent.requestChangeTransition:96 com.android.server.wm.DisplayRotation.updateRotationUnchecked:760 com.android.server.wm.DisplayRotation.updateOrientation:79 
04-26 11:51:12.783  1643  5613 D AsyncRotation_WindowManager: Sync draw for Window{27be89 u0 NavigationBar0}
04-26 11:51:12.783  1643  5613 D WindowManager: applyWithNextDraw, mSyncSeqId=257, win=Window{96d0293 u0 ScreenDecorOverlay}, caller=com.android.server.wm.WindowState.applyWithNextDraw:131 com.android.server.wm.AsyncRotationController.keepAppearanceInPreviousRotation:59 com.android.server.wm.DisplayContent.setSeamlessTransitionForFixedRotation:29 com.android.server.wm.DisplayContent.requestChangeTransition:96 com.android.server.wm.DisplayRotation.updateRotationUnchecked:760 com.android.server.wm.DisplayRotation.updateOrientation:79 
04-26 11:51:12.783  1643  5613 D AsyncRotation_WindowManager: Sync draw for Window{96d0293 u0 ScreenDecorOverlay}
04-26 11:51:12.783  1643  5613 D AsyncRotation_WindowManager: Requested to sync draw transaction
04-26 11:51:12.783  1643  2706 D SemInputDevice:TSP: SetPropertyTask: CMD,set_grip_data,2,1,45,15,25,25,46,46 [04-26 11:51:12.783]
04-26 11:51:12.783  1643  5613 D ChangeTransitionController: onTransitionFinished: TransitionRecord{4984c8 id=1671 type=OPEN flags=0x0 c=[
04-26 11:51:12.783  1643  5613 D ChangeTransitionController:    ChangeInfo{b91d2e3 container=ActivityRecord{7514465 u0 com.openautolink.app/.MainActivity t627} flags=0x0}
04-26 11:51:12.783  1643  5613 D ChangeTransitionController:    ChangeInfo{a43aa72 container=WallpaperWindowToken{1d7ea03 showWhenLocked=false}_<system> flags=0x0}
04-26 11:51:12.783  1643  5613 D ChangeTransitionController:    ChangeInfo{9ea24e0 container=Task{273dc86 #627 type=standard A=10169:com.openautolink.app} flags=0x10}
04-26 11:51:12.783  1643  5613 D ChangeTransitionController:    ChangeInfo{52e2399 container=Display{#0 state=ON size=1080x2340 ROTATION_0} flags=0x0}
04-26 11:51:12.783  1643  5613 D ChangeTransitionController:    ChangeInfo{2ea7ec3 container=Task{62436bf #93 type=home I=com.sec.android.app.launcher/.activities.LauncherActivity} flags=0x10}
04-26 11:51:12.783  1643  5613 D ChangeTransitionController:    ChangeInfo{e499340 container=WallpaperWindowToken{83ef74e showWhenLocked=true}_<lock> flags=0x0}
