04-26 11:50:55.257  3635  3721 D AppOpsPrivacyItemMonitor: showLocationSystemApps  AppOpItem(Op code=1, UID=1002, AttributionTag=null, Package name=com.android.bluetooth, Paused=false)false)false)
04-26 11:50:55.263  1430  1554 I VSyncReactor: Current= 120, Period= 120, hwcPeriod= 120
04-26 11:50:55.264  4074  4145 I HoneySpace.StatusIconTracker: invokeEvent() called with: event = PrivacyInfo(visible=false)
04-26 11:50:55.271  3635  3635 W View    : requestLayout() improperly called by com.android.systemui.qs.SecQSGradationDrawableView{2faa005 V.E...... ......ID 0,0-1080,354 #7f0a0a16 app:id/qs_gradation_view} during layout: running second layout pass
04-26 11:50:55.271  3635  3635 W View    : requestLayout() improperly called by android.widget.FrameLayout{a55d85a V.E...... ......I. 0,0-1080,2340 #2} during layout: running second layout pass
04-26 11:50:55.271  3635  3635 W View    : requestLayout() improperly called by android.widget.FrameLayout{e14ba8b V.E...... ......ID 0,171-1080,2196 #7f0a0a14 app:id/qs_frame} during layout: running second layout pass
04-26 11:50:55.273  3635  3635 W RefactorFlag: New code path expects SceneContainerFlag to be enabled.
04-26 11:50:55.274  3635  3635 D AiAgentEffect: onPrivacyItemsChanged privacyItems.size = 1
04-26 11:50:55.274  3635  3635 D AiAgentEffect: onPrivacyItemsChanged privacyItems isEmpty or found item is null
04-26 11:50:55.278  4074  4145 I HoneySpace.StatusIconTracker: invokeEvent() called with: event = PrivacyInfo(visible=false)
04-26 11:50:55.283  3635  3635 W View    : requestLayout() improperly called by com.android.systemui.qs.SecQSGradationDrawableView{2faa005 V.E...... ......ID 0,0-1080,354 #7f0a0a16 app:id/qs_gradation_view} during layout: running second layout pass
04-26 11:50:55.284  3635  3635 W View    : requestLayout() improperly called by android.widget.FrameLayout{a55d85a V.E...... ......I. 0,0-1080,2340 #2} during layout: running second layout pass
04-26 11:50:55.284  3635  3635 W View    : requestLayout() improperly called by android.widget.FrameLayout{e14ba8b V.E...... ......ID 0,171-1080,2196 #7f0a0a14 app:id/qs_frame} during layout: running second layout pass
04-26 11:50:55.285  3635  3635 W RefactorFlag: New code path expects SceneContainerFlag to be enabled.
04-26 11:50:55.531  1413  1438 E HeatmapThread: ECT Thread time in milliseconds: 1777229455
04-26 11:50:55.531  1413  1438 D HeatmapThread: !@ batteryplugType : 0
04-26 11:50:55.531  1413  1438 D HeatmapThread: !@ batteryLevel : 0  batteryTemperature : 0 
04-26 11:50:55.531  1413  1438 D HeatmapThread: !@ Heatmap currtime: 29620490
04-26 11:50:55.532  1413  1438 D HeatmapThread: !@ Heatmap prevtime: 29620479
04-26 11:50:55.532  1413  1438 D HeatmapThread: !@ Heatmap plugstarttime: 35791394
04-26 11:50:55.532  1413  1438 D HeatmapThread: !@ Heatmap prevv_dsoh_update_time: 29610679
04-26 11:50:55.532  1413  1438 E HeatmapThread: !@Could not open '/efs/FactoryApp/bsoh', errno = 13
04-26 11:50:55.532  1413  1438 E HeatmapThread: !@ CAM Could not access BSOH EFS
04-26 11:50:55.533  1413  1438 E HeatmapThread: !@ CAM New BSOH: 0
04-26 11:50:55.825  1244 20909 I sensors-hal: handle_sns_std_sensor_event:155, [SSC_LIGHT] P: 36(36),m:1,c:25,b:78,wb:0,r:273,bl:0,16:256
04-26 11:50:56.236  1643  8050 I SystemUiVisibilityPolicyController: handleMessage: entry what = 101
04-26 11:50:56.531  1413  1438 E HeatmapThread: ECT Thread time in milliseconds: 1777229456
04-26 11:50:56.531  1413  1438 D HeatmapThread: !@ batteryplugType : 0
04-26 11:50:56.531  1413  1438 D HeatmapThread: !@ batteryLevel : 0  batteryTemperature : 0 
04-26 11:50:56.531  1413  1438 D HeatmapThread: !@ Heatmap currtime: 29620490
04-26 11:50:56.532  1413  1438 D HeatmapThread: !@ Heatmap prevtime: 29620479
04-26 11:50:56.532  1413  1438 D HeatmapThread: !@ Heatmap plugstarttime: 35791394
04-26 11:50:56.532  1413  1438 D HeatmapThread: !@ Heatmap prevv_dsoh_update_time: 29610679
04-26 11:50:56.532  1413  1438 E HeatmapThread: !@Could not open '/efs/FactoryApp/bsoh', errno = 13
04-26 11:50:56.532  1413  1438 E HeatmapThread: !@ CAM Could not access BSOH EFS
04-26 11:50:56.533  1413  1438 E HeatmapThread: !@ CAM New BSOH: 0
04-26 11:50:56.736   845   845 D io_stats: !@   8,0 r 1352192 49714976 w 697836 20833648 d 205727 20458836 f 0 0 iot 1546100 0 th 0 0 0 pt 0 inp 0 0 58726.117
04-26 11:50:57.188  3635  3635 D AiAgentEffect: onPrivacyItemsChanged privacyItems.size = 0
04-26 11:50:57.188  3635  3635 D AiAgentEffect: onPrivacyItemsChanged privacyItems isEmpty or found item is null
04-26 11:50:57.196  1430  1554 I VSyncReactor: Current= 120, Period= 120, hwcPeriod= 120
04-26 11:50:57.196  4074  4145 I HoneySpace.StatusIconTracker: invokeEvent() called with: event = PrivacyInfo(visible=false)
04-26 11:50:57.203  3635  3635 W View    : requestLayout() improperly called by com.android.systemui.qs.SecQSGradationDrawableView{2faa005 V.E...... ......ID 0,0-1080,354 #7f0a0a16 app:id/qs_gradation_view} during layout: running second layout pass
04-26 11:50:57.203  3635  3635 W View    : requestLayout() improperly called by android.widget.FrameLayout{a55d85a V.E...... ......I. 0,0-1080,2340 #2} during layout: running second layout pass
04-26 11:50:57.203  3635  3635 W View    : requestLayout() improperly called by android.widget.FrameLayout{e14ba8b V.E...... ......ID 0,171-1080,2196 #7f0a0a14 app:id/qs_frame} during layout: running second layout pass
04-26 11:50:57.204  3635  3635 W RefactorFlag: New code path expects SceneContainerFlag to be enabled.
04-26 11:50:57.262  1643  3438 D WifiStaIfaceHidlImpl: getCachedScanData is not implemented by HIDL
04-26 11:50:57.328  1643  4844 D SemWifiUsabilityStatsMonitor: onWifiUsabilityStats - seqNum 14929, isSameBssidAndFreq true
04-26 11:50:57.329  1643  3533 I SemWifiLinkQualityMonitor: Link stat: 809 / 294 / 3.00 (12) / 144 / -54.0 || 100.0 : 144.00 / 0.5 : 0.33 / G (B) || 2952c6f15745: 0.958 / 8.347 / N || N N / 0 0 / Y 2.0 / Y X 0 / 58726709 0 || Invalid
04-26 11:50:57.529  1413  1438 E HeatmapThread: ECT Thread time in milliseconds: 1777229457
04-26 11:50:57.530  1413  1438 D HeatmapThread: !@ batteryplugType : 0
04-26 11:50:57.530  1413  1438 D HeatmapThread: !@ batteryLevel : 0  batteryTemperature : 0 
04-26 11:50:57.530  1413  1438 D HeatmapThread: !@ Heatmap currtime: 29620490
04-26 11:50:57.530  1413  1438 D HeatmapThread: !@ Heatmap prevtime: 29620479
04-26 11:50:57.530  1413  1438 D HeatmapThread: !@ Heatmap plugstarttime: 35791394
04-26 11:50:57.530  1413  1438 D HeatmapThread: !@ Heatmap prevv_dsoh_update_time: 29610679
04-26 11:50:57.531  1413  1438 E HeatmapThread: !@Could not open '/efs/FactoryApp/bsoh', errno = 13
04-26 11:50:57.531  1413  1438 E HeatmapThread: !@ CAM Could not access BSOH EFS
04-26 11:50:57.531  1413  1438 E HeatmapThread: !@ CAM New BSOH: 0
04-26 11:50:58.058  1238  1238 I android.hardware.health@2.1-service-samsung: updateLrpSysfs: write: 293
04-26 11:50:58.385  1244 20909 I sensors-hal: handle_sns_std_sensor_event:155, [SSC_LIGHT] P: 37(37),m:1,c:25,b:78,wb:0,r:273,bl:0,16:256
04-26 11:50:58.509 20713  7961 I NearbyMediums: No BLE Fast/GATT advertisements found in the latest cycle.
04-26 11:50:58.510 20713  7961 I NearbyMediums: Current Tracked Scanning Clients are : {NearbyConnections.EnvironmentMonitor, NearbySharing}
04-26 11:50:58.530  1413  1438 E HeatmapThread: ECT Thread time in milliseconds: 1777229458
04-26 11:50:58.530  1413  1438 D HeatmapThread: !@ batteryplugType : 0
04-26 11:50:58.530  1413  1438 D HeatmapThread: !@ batteryLevel : 0  batteryTemperature : 0 
04-26 11:50:58.530  1413  1438 D HeatmapThread: !@ Heatmap currtime: 29620490
04-26 11:50:58.530  1413  1438 D HeatmapThread: !@ Heatmap prevtime: 29620479
04-26 11:50:58.530  1413  1438 D HeatmapThread: !@ Heatmap plugstarttime: 35791394
04-26 11:50:58.530  1413  1438 D HeatmapThread: !@ Heatmap prevv_dsoh_update_time: 29610679
04-26 11:50:58.531  1413  1438 E HeatmapThread: !@Could not open '/efs/FactoryApp/bsoh', errno = 13
04-26 11:50:58.531  1413  1438 E HeatmapThread: !@ CAM Could not access BSOH EFS
04-26 11:50:58.531  1413  1438 E HeatmapThread: !@ CAM New BSOH: 0
04-26 11:50:58.737   845   845 D io_stats: !@   8,0 r 1352192 49714976 w 697837 20833652 d 205727 20458836 f 0 0 iot 1546108 0 th 0 0 0 pt 0 inp 0 0 58728.118
04-26 11:50:58.738   845   845 D io_stats: !@ Write_top(KB): kworker/u16:1(25231) 212 droid.daemonapp(28205) 4
04-26 11:50:59.531  1413  1438 E HeatmapThread: ECT Thread time in milliseconds: 1777229459
04-26 11:50:59.531  1413  1438 D HeatmapThread: !@ batteryplugType : 0
04-26 11:50:59.531  1413  1438 D HeatmapThread: !@ batteryLevel : 0  batteryTemperature : 0 
04-26 11:50:59.531  1413  1438 D HeatmapThread: !@ Heatmap currtime: 29620490
04-26 11:50:59.532  1413  1438 D HeatmapThread: !@ Heatmap prevtime: 29620479
04-26 11:50:59.532  1413  1438 D HeatmapThread: !@ Heatmap plugstarttime: 35791394
04-26 11:50:59.532  1413  1438 D HeatmapThread: !@ Heatmap prevv_dsoh_update_time: 29610679
04-26 11:50:59.532  1413  1438 E HeatmapThread: !@Could not open '/efs/FactoryApp/bsoh', errno = 13
04-26 11:50:59.532  1413  1438 E HeatmapThread: !@ CAM Could not access BSOH EFS
04-26 11:50:59.532  1413  1438 E HeatmapThread: !@ CAM New BSOH: 0
04-26 11:50:59.792  1244 20914 I sensors-hal: handle_sns_client_event:261, auto_rotation_debug_2 mode,255, type,1,0 acc,-9.607,0.378,2.448, ar,0, ver,12
04-26 11:51:00.006  1643  1643 I EyeComfortSolutionService: action  :  android.intent.action.TIME_TICK
04-26 11:51:00.008  3635  4109 I DateTimeView: updateAll - getTimeFormat
04-26 11:51:00.009  3635  3635 D ClockFaceEvents: onTimeTick. callers : com.android.keyguard.ClockEventController$keyguardUpdateMonitorCallback$1.refreshTime:19
04-26 11:51:00.009  3635  3635 D ClockFaceEvents: com.android.keyguard.ClockEventController$keyguardUpdateMonitorCallback$1.onTimeChanged:1
04-26 11:51:00.009  3635  3635 D ClockFaceEvents: com.android.keyguard.KeyguardUpdateMonitor$16.handleMessage:732
04-26 11:51:00.010  3635  3635 D ClockFaceEvents: onTimeTick. callers : com.android.keyguard.ClockEventController$keyguardUpdateMonitorCallback$1.refreshTime:38
04-26 11:51:00.010  3635  3635 D ClockFaceEvents: com.android.keyguard.ClockEventController$keyguardUpdateMonitorCallback$1.onTimeChanged:1
04-26 11:51:00.010  3635  3635 D ClockFaceEvents: com.android.keyguard.KeyguardUpdateMonitor$16.handleMessage:732
04-26 11:51:00.010  3635  3635 D FaceWidgetPagesController: onTimeChanged()
04-26 11:51:00.011  3635  4109 D QSClockBellTower: onReceive(android.intent.action.TIME_TICK) mTimeZoneString:America/Los_Angeles
04-26 11:51:00.013  3635  3635 D QSClockBellTower: He is ready to ring the bell. (((QSClockBellSound - TimeText:11:51, TimeContentDescription:11:51 AM, DateText:Sun, April 26, ShortDateText:Sun, Apr 26, Demo:false)))
04-26 11:51:00.014  3635  3635 D QSClock : StatusBar clock=11:51 notifyTimeChanged(QSClockBellSound - TimeText:11:51, TimeContentDescription:11:51 AM, DateText:Sun, April 26, ShortDateText:Sun, Apr 26, Demo:false) clockVisibleByPolicy=true, clockVisibleByUser=true, visible=true, parent=android.widget.LinearLayout{a92e77 V.E...... ......ID 0,0-96,71 #7f0a069b app:id/left_clock_container} caller=com.android.systemui.statusbar.phone.fragment.CollapsedStatusBarFragment.animateShow:52 com.android.systemui.statusbar.phone.fragment.CollapsedStatusBarFragment.updateStatusBarVisibilitiesInner:230 com.android.systemui.statusbar.phone.fragment.CollapsedStatusBarFragment.updateStatusBarVisibilities:65 com.android.systemui.statusbar.phone.ongoingactivity.OngoingActivityController.updateParentViewVisibility:99 com.android.systemui.statusbar.phone.ongoingactivity.OngoingActivityController$configurationListener$1.onConfigChanged:26  
04-26 11:51:00.014  3635  3635 D QSClockBellTower: Everyone heard the bell. run(currentTime:1777229460012, getTime():Sun Apr 26 11:51:00 PDT 2026, getTimeZone():libcore.util.ZoneInfo[mDstSavings=3600000,mUseDst=true,mDelegate=[id="America/Los_Angeles",mRawOffset=-28800000,mEarliestRawOffset=-28378000,transitions=310]])
04-26 11:51:00.021  1430  1554 I VSyncReactor: Current= 120, Period= 120, hwcPeriod= 120
04-26 11:51:00.024  3635  3635 D {OngoingChipAdapter}: updateEnableMaxWidth : 320 -:> 326
04-26 11:51:00.029  3635  3635 W RefactorFlag: New code path expects SceneContainerFlag to be enabled.
04-26 11:51:00.386  1643  3438 D WifiStaIfaceHidlImpl: getCachedScanData is not implemented by HIDL
04-26 11:51:00.438  1643  4844 D SemWifiUsabilityStatsMonitor: onWifiUsabilityStats - seqNum 14930, isSameBssidAndFreq true
04-26 11:51:00.442  3635  3721 D Tile.WifiTile: handleUpdateState isTransient=false transientEnabling =false cb.isTransient=false state.state = 2 mStateBeforeClick.value =false enabled =true
04-26 11:51:00.530  1413  1438 E HeatmapThread: ECT Thread time in milliseconds: 1777229460
04-26 11:51:00.530  1413  1438 D HeatmapThread: !@ batteryplugType : 0
04-26 11:51:00.530  1413  1438 D HeatmapThread: !@ batteryLevel : 0  batteryTemperature : 0 
04-26 11:51:00.530  1413  1438 D HeatmapThread: !@ Heatmap currtime: 29620491
04-26 11:51:00.530  1413  1438 D HeatmapThread: !@ Heatmap prevtime: 29620479
04-26 11:51:00.530  1413  1438 D HeatmapThread: !@ Heatmap plugstarttime: 35791394
04-26 11:51:00.530  1413  1438 D HeatmapThread: !@ Heatmap prevv_dsoh_update_time: 29610679
04-26 11:51:00.531  1413  1438 E HeatmapThread: !@Could not open '/efs/FactoryApp/bsoh', errno = 13
04-26 11:51:00.531  1413  1438 E HeatmapThread: !@ CAM Could not access BSOH EFS
04-26 11:51:00.531  1413  1438 E HeatmapThread: !@ CAM New BSOH: 0
04-26 11:51:00.562 10228 10228 I wpa_supplicant: Heartbeat 5389
04-26 11:51:01.003  4074  7639 I HoneySpace.LiveIconSupplier: time tick - 45, CLOCK, 11:51 - 11:50, view: #19133aa, parent: ApplistCellLayout#e52989
04-26 11:51:01.005  4074  7639 I LauncherActivityInfo: Trying to load live icon for com.sec.android.app.clockpackage
04-26 11:51:01.006  4074  7639 I ApplicationPackageManager: package : com.sec.android.app.clockpackage, useAppIconResources : false
04-26 11:51:01.007  4074  7639 I LiveIconUtil: getLiveIcon was called in ClockPackage
04-26 11:51:01.007  4074  7639 I LiveIconUtil: getLiveIcon res = com.sec.android.app.clockpackage
04-26 11:51:01.008  4074  7639 I LiveIconUtil: stdIconSize : 144 , targetIconSize : 174
04-26 11:51:01.008  4074  7639 I LiveIconUtil: iconDpi : 640 , mTargetIconDpi : 480
04-26 11:51:01.034  4074  7639 E AppIconSolution: Couldn't get theme package resources, package is null
04-26 11:51:01.034  4074  7639 I AppIconSolution: load= live icon for com.sec.android.app.clockpackage, from overlay = false
04-26 11:51:01.034  4074  7639 I LauncherActivityInfo: packageName: com.sec.android.app.clockpackage, useThemeIcon: false, height: 288, width: 288, density: 640
04-26 11:51:01.037  4074  7639 I HoneySpace.LiveIconSupplier: updateIcon - 45, CLOCK, true - 11:51, view: #19133aa, parent: ApplistCellLayout#e52989
04-26 11:51:01.046  1430  1554 I VSyncReactor: Current= 120, Period= 120, hwcPeriod= 120
04-26 11:51:01.423  1244 20909 I sensors-hal: handle_sns_std_sensor_event:155, [SSC_LIGHT] P: 39(39),m:1,c:25,b:78,wb:0,r:301,bl:0,16:256
04-26 11:51:01.531  1413  1438 E HeatmapThread: ECT Thread time in milliseconds: 1777229461
04-26 11:51:01.531  1413  1438 D HeatmapThread: !@ batteryplugType : 0
04-26 11:51:01.531  1413  1438 D HeatmapThread: !@ batteryLevel : 0  batteryTemperature : 0 
04-26 11:51:01.531  1413  1438 D HeatmapThread: !@ Heatmap currtime: 29620491
04-26 11:51:01.531  1413  1438 D HeatmapThread: !@ Heatmap prevtime: 29620479
04-26 11:51:01.532  1413  1438 D HeatmapThread: !@ Heatmap plugstarttime: 35791394
04-26 11:51:01.532  1413  1438 D HeatmapThread: !@ Heatmap prevv_dsoh_update_time: 29610679
04-26 11:51:01.532  1413  1438 E HeatmapThread: !@Could not open '/efs/FactoryApp/bsoh', errno = 13
04-26 11:51:01.532  1413  1438 E HeatmapThread: !@ CAM Could not access BSOH EFS
04-26 11:51:01.532  1413  1438 E HeatmapThread: !@ CAM New BSOH: 0
04-26 11:51:02.529  1413  1438 E HeatmapThread: ECT Thread time in milliseconds: 1777229462
04-26 11:51:02.530  1413  1438 D HeatmapThread: !@ batteryplugType : 0
04-26 11:51:02.530  1413  1438 D HeatmapThread: !@ batteryLevel : 0  batteryTemperature : 0 
04-26 11:51:02.530  1413  1438 D HeatmapThread: !@ Heatmap currtime: 29620491
04-26 11:51:02.530  1413  1438 D HeatmapThread: !@ Heatmap prevtime: 29620479
04-26 11:51:02.530  1413  1438 D HeatmapThread: !@ Heatmap plugstarttime: 35791394
04-26 11:51:02.530  1413  1438 D HeatmapThread: !@ Heatmap prevv_dsoh_update_time: 29610679
04-26 11:51:02.531  1413  1438 E HeatmapThread: !@Could not open '/efs/FactoryApp/bsoh', errno = 13
04-26 11:51:02.531  1413  1438 E HeatmapThread: !@ CAM Could not access BSOH EFS
04-26 11:51:02.531  1413  1438 E HeatmapThread: !@ CAM New BSOH: 0
04-26 11:51:02.540  3874  4633 I ScanController: onScanResult to scannerId: 4- eventType=0x1, addressType=1, address=XX:XX:XX:XX:30:35, primaryPhy=1, secondaryPhy=1, advertisingSid=0x1, txPower=127, rssi=-35, periodicAdvInt=0x0
04-26 11:51:02.558  3874  4633 I ScanController: onScanResult to scannerId: 4- eventType=0x1b, addressType=1, address=XX:XX:XX:XX:C2:3D, primaryPhy=1, secondaryPhy=0, advertisingSid=0xff, txPower=127, rssi=-41, periodicAdvInt=0x0
04-26 11:51:02.740   845   845 D io_stats: !@   8,0 r 1352192 49714976 w 697846 20833904 d 205727 20458836 f 0 0 iot 1546124 0 th 0 0 0 pt 0 inp 0 0 58732.121
04-26 11:51:02.740   845   845 D io_stats: !@ Write_top(KB): system_server(1643) 248 martsuggestions(5423) 4
04-26 11:51:03.506  1643  3438 D WifiStaIfaceHidlImpl: getCachedScanData is not implemented by HIDL
04-26 11:51:03.529  1413  1438 E HeatmapThread: ECT Thread time in milliseconds: 1777229463
04-26 11:51:03.530  1413  1438 D HeatmapThread: !@ batteryplugType : 0
04-26 11:51:03.530  1413  1438 D HeatmapThread: !@ batteryLevel : 0  batteryTemperature : 0 
04-26 11:51:03.530  1413  1438 D HeatmapThread: !@ Heatmap currtime: 29620491
04-26 11:51:03.530  1413  1438 D HeatmapThread: !@ Heatmap prevtime: 29620479
04-26 11:51:03.530  1413  1438 D HeatmapThread: !@ Heatmap plugstarttime: 35791394
04-26 11:51:03.530  1413  1438 D HeatmapThread: !@ Heatmap prevv_dsoh_update_time: 29610679
04-26 11:51:03.531  1413  1438 E HeatmapThread: !@Could not open '/efs/FactoryApp/bsoh', errno = 13
04-26 11:51:03.531  1413  1438 E HeatmapThread: !@ CAM Could not access BSOH EFS
04-26 11:51:03.531  1413  1438 E HeatmapThread: !@ CAM New BSOH: 0
04-26 11:51:03.572  1643  4844 D SemWifiUsabilityStatsMonitor: onWifiUsabilityStats - seqNum 14931, isSameBssidAndFreq true
04-26 11:51:03.574  1643  3533 I SemWifiLinkQualityMonitor: Link stat: 731 / 378 / 1.00 (2) / 144 / -54.0 || 100.0 : 144.00 / 0.5 : 1.00 / 0.55 : 0.52 / G (G) || 2952c6f15745: 0.205 / 39.090 / N || N N / 0 0 / Y 2.0 / Y X 0 / 58732953 0 || Invalid
04-26 11:51:03.575  3635  3721 D Tile.WifiTile: handleUpdateState isTransient=false transientEnabling =false cb.isTransient=false state.state = 2 mStateBeforeClick.value =false enabled =true
04-26 11:51:04.305  1244 20909 I sensors-hal: handle_sns_std_sensor_event:155, [SSC_LIGHT] P: 40(40),m:1,c:25,b:78,wb:0,r:315,bl:0,16:256
04-26 11:51:04.516  1643  1720 E Watchdog: !@Sync: 1957 heap(MB): 106 / 111 FD: 1152 [2026-04-26 11:51:04.516]
04-26 11:51:04.529  1413  1438 E HeatmapThread: ECT Thread time in milliseconds: 1777229464
04-26 11:51:04.529  1413  1438 D HeatmapThread: !@ batteryplugType : 0
04-26 11:51:04.529  1413  1438 D HeatmapThread: !@ batteryLevel : 0  batteryTemperature : 0 
04-26 11:51:04.529  1413  1438 D HeatmapThread: !@ Heatmap currtime: 29620491
04-26 11:51:04.530  1413  1438 D HeatmapThread: !@ Heatmap prevtime: 29620479
04-26 11:51:04.530  1413  1438 D HeatmapThread: !@ Heatmap plugstarttime: 35791394
04-26 11:51:04.530  1413  1438 D HeatmapThread: !@ Heatmap prevv_dsoh_update_time: 29610679
04-26 11:51:04.530  1413  1438 E HeatmapThread: !@Could not open '/efs/FactoryApp/bsoh', errno = 13
04-26 11:51:04.530  1413  1438 E HeatmapThread: !@ CAM Could not access BSOH EFS
04-26 11:51:04.530  1413  1438 E HeatmapThread: !@ CAM New BSOH: 0
04-26 11:51:05.529  1413  1438 E HeatmapThread: ECT Thread time in milliseconds: 1777229465
04-26 11:51:05.529  1413  1438 D HeatmapThread: !@ batteryplugType : 0
04-26 11:51:05.529  1413  1438 D HeatmapThread: !@ batteryLevel : 0  batteryTemperature : 0 
04-26 11:51:05.530  1413  1438 D HeatmapThread: !@ Heatmap currtime: 29620491
04-26 11:51:05.530  1413  1438 D HeatmapThread: !@ Heatmap prevtime: 29620479
04-26 11:51:05.530  1413  1438 D HeatmapThread: !@ Heatmap plugstarttime: 35791394
04-26 11:51:05.530  1413  1438 D HeatmapThread: !@ Heatmap prevv_dsoh_update_time: 29610679
04-26 11:51:05.530  1413  1438 E HeatmapThread: !@Could not open '/efs/FactoryApp/bsoh', errno = 13
04-26 11:51:05.530  1413  1438 E HeatmapThread: !@ CAM Could not access BSOH EFS
04-26 11:51:05.530  1413  1438 E HeatmapThread: !@ CAM New BSOH: 0
04-26 11:51:05.743  1643  3531 I SemWifiServiceDetector: Service det. suspended: T / T / 25271
04-26 11:51:06.254  1430  1554 I VSyncReactor: Current= 120, Period= 120, hwcPeriod= 120
04-26 11:51:06.531  1413  1438 E HeatmapThread: ECT Thread time in milliseconds: 1777229466
04-26 11:51:06.531  1413  1438 D HeatmapThread: !@ batteryplugType : 0
04-26 11:51:06.531  1413  1438 D HeatmapThread: !@ batteryLevel : 0  batteryTemperature : 0 
04-26 11:51:06.532  1413  1438 D HeatmapThread: !@ Heatmap currtime: 29620491
04-26 11:51:06.532  1413  1438 D HeatmapThread: !@ Heatmap prevtime: 29620479
04-26 11:51:06.532  1413  1438 D HeatmapThread: !@ Heatmap plugstarttime: 35791394
04-26 11:51:06.532  1413  1438 D HeatmapThread: !@ Heatmap prevv_dsoh_update_time: 29610679
04-26 11:51:06.532  1413  1438 E HeatmapThread: !@Could not open '/efs/FactoryApp/bsoh', errno = 13
04-26 11:51:06.533  1413  1438 E HeatmapThread: !@ CAM Could not access BSOH EFS
04-26 11:51:06.533  1413  1438 E HeatmapThread: !@ CAM New BSOH: 0
04-26 11:51:06.692  1643  3438 D WifiStaIfaceHidlImpl: getCachedScanData is not implemented by HIDL
04-26 11:51:06.757  1643  4844 D SemWifiUsabilityStatsMonitor: onWifiUsabilityStats - seqNum 14932, isSameBssidAndFreq true
04-26 11:51:06.761  3635  3721 D Tile.WifiTile: handleUpdateState isTransient=false transientEnabling =false cb.isTransient=false state.state = 2 mStateBeforeClick.value =false enabled =true
04-26 11:51:07.345  1244 20909 I sensors-hal: handle_sns_std_sensor_event:155, [SSC_LIGHT] P: 42(42),m:1,c:25,b:78,wb:0,r:308,bl:0,16:256
04-26 11:51:07.530  1413  1438 E HeatmapThread: ECT Thread time in milliseconds: 1777229467
04-26 11:51:07.530  1413  1438 D HeatmapThread: !@ batteryplugType : 0
04-26 11:51:07.530  1413  1438 D HeatmapThread: !@ batteryLevel : 0  batteryTemperature : 0 
04-26 11:51:07.530  1413  1438 D HeatmapThread: !@ Heatmap currtime: 29620491
04-26 11:51:07.530  1413  1438 D HeatmapThread: !@ Heatmap prevtime: 29620479
04-26 11:51:07.530  1413  1438 D HeatmapThread: !@ Heatmap plugstarttime: 35791394
04-26 11:51:07.530  1413  1438 D HeatmapThread: !@ Heatmap prevv_dsoh_update_time: 29610679
04-26 11:51:07.531  1413  1438 E HeatmapThread: !@Could not open '/efs/FactoryApp/bsoh', errno = 13
04-26 11:51:07.531  1413  1438 E HeatmapThread: !@ CAM Could not access BSOH EFS
04-26 11:51:07.531  1413  1438 E HeatmapThread: !@ CAM New BSOH: 0
04-26 11:51:07.689  1643  5612 D NetdEventListenerService: CSC Feature value: true
04-26 11:51:08.513 20713  7858 I NearbyMediums: No BLE Fast/GATT advertisements found in the latest cycle.
04-26 11:51:08.513 20713  7858 I NearbyMediums: Current Tracked Scanning Clients are : {NearbyConnections.EnvironmentMonitor, NearbySharing}
04-26 11:51:08.529  1413  1438 E HeatmapThread: ECT Thread time in milliseconds: 1777229468
04-26 11:51:08.529  1413  1438 D HeatmapThread: !@ batteryplugType : 0
04-26 11:51:08.529  1413  1438 D HeatmapThread: !@ batteryLevel : 0  batteryTemperature : 0 
04-26 11:51:08.530  1413  1438 D HeatmapThread: !@ Heatmap currtime: 29620491
04-26 11:51:08.530  1413  1438 D HeatmapThread: !@ Heatmap prevtime: 29620479
04-26 11:51:08.530  1413  1438 D HeatmapThread: !@ Heatmap plugstarttime: 35791394
04-26 11:51:08.530  1413  1438 D HeatmapThread: !@ Heatmap prevv_dsoh_update_time: 29610679
04-26 11:51:08.530  1413  1438 E HeatmapThread: !@Could not open '/efs/FactoryApp/bsoh', errno = 13
04-26 11:51:08.531  1413  1438 E HeatmapThread: !@ CAM Could not access BSOH EFS
04-26 11:51:08.531  1413  1438 E HeatmapThread: !@ CAM New BSOH: 0
04-26 11:51:08.746   845   845 D io_stats: !@   8,0 r 1352237 49715388 w 697846 20833904 d 205727 20458836 f 0 0 iot 1546140 0 th 0 0 0 pt 0 inp 0 0 58738.127
04-26 11:51:08.749  1643  3531 I SemWifiServiceDetector: Service det. resumed: T / T / 25271
04-26 11:51:09.217  1244 20914 I sensors-hal: handle_sns_client_event:261, auto_rotation_debug_2 mode,255, type,1,0 acc,-9.622,0.404,2.481, ar,0, ver,12
04-26 11:51:09.531  1413  1438 E HeatmapThread: ECT Thread time in milliseconds: 1777229469
04-26 11:51:09.531  1413  1438 D HeatmapThread: !@ batteryplugType : 0
04-26 11:51:09.531  1413  1438 D HeatmapThread: !@ batteryLevel : 0  batteryTemperature : 0 
04-26 11:51:09.531  1413  1438 D HeatmapThread: !@ Heatmap currtime: 29620491
04-26 11:51:09.531  1413  1438 D HeatmapThread: !@ Heatmap prevtime: 29620479
04-26 11:51:09.532  1413  1438 D HeatmapThread: !@ Heatmap plugstarttime: 35791394
04-26 11:51:09.532  1413  1438 D HeatmapThread: !@ Heatmap prevv_dsoh_update_time: 29610679
04-26 11:51:09.532  1413  1438 E HeatmapThread: !@Could not open '/efs/FactoryApp/bsoh', errno = 13
04-26 11:51:09.532  1413  1438 E HeatmapThread: !@ CAM Could not access BSOH EFS
04-26 11:51:09.532  1413  1438 E HeatmapThread: !@ CAM New BSOH: 0
04-26 11:51:09.711  1643  2648 I ActivityManager: Changes in 10309 19 to 8, 0 to 128
04-26 11:51:09.715 21766 21766 I MFContents.Core: AmMFC created! with v2.1.1
04-26 11:51:09.721  1643  3438 D WifiConfigStore: Writing to stores completed in 16 ms.
04-26 11:51:09.724  1643  5612 I ActivityManager: Changes in 10309 8 to 10, 128 to 0
04-26 11:51:09.736  1430  1554 I VSyncReactor: Current= 120, Period= 120, hwcPeriod= 120
04-26 11:51:09.793  1643  3438 D WifiStaIfaceHidlImpl: getCachedScanData is not implemented by HIDL
04-26 11:51:09.866  1643  4844 D SemWifiUsabilityStatsMonitor: onWifiUsabilityStats - seqNum 14933, isSameBssidAndFreq true
04-26 11:51:09.868  1643  3533 I SemWifiLinkQualityMonitor: Link stat: 714 / 365 / 1.00 (2) / 144 / -52.0 || 100.0 : 144.00 / 0.5 : 1.00 / 0.55 : 0.51 / G (G) || 2952c6f15745: 0.203 / 39.437 / N || N N / 0 0 / Y 2.0 / Y X 0 / 58739248 0 || Invalid
04-26 11:51:09.871  3635  3721 D Tile.WifiTile: handleUpdateState isTransient=false transientEnabling =false cb.isTransient=false state.state = 2 mStateBeforeClick.value =false enabled =true
04-26 11:51:10.385  1244 20909 I sensors-hal: handle_sns_std_sensor_event:155, [SSC_LIGHT] P: 42(42),m:1,c:25,b:78,wb:0,r:301,bl:0,16:256
04-26 11:51:10.531  1413  1438 E HeatmapThread: ECT Thread time in milliseconds: 1777229470
04-26 11:51:10.531  1413  1438 D HeatmapThread: !@ batteryplugType : 0
04-26 11:51:10.531  1413  1438 D HeatmapThread: !@ batteryLevel : 0  batteryTemperature : 0 
04-26 11:51:10.532  1413  1438 D HeatmapThread: !@ Heatmap currtime: 29620491
04-26 11:51:10.532  1413  1438 D HeatmapThread: !@ Heatmap prevtime: 29620479
04-26 11:51:10.532  1413  1438 D HeatmapThread: !@ Heatmap plugstarttime: 35791394
04-26 11:51:10.532  1413  1438 D HeatmapThread: !@ Heatmap prevv_dsoh_update_time: 29610679
04-26 11:51:10.532  1413  1438 E HeatmapThread: !@Could not open '/efs/FactoryApp/bsoh', errno = 13
04-26 11:51:10.533  1413  1438 E HeatmapThread: !@ CAM Could not access BSOH EFS
04-26 11:51:10.533  1413  1438 E HeatmapThread: !@ CAM New BSOH: 0
04-26 11:51:10.563 10228 10228 I wpa_supplicant: Heartbeat 5390
04-26 11:51:10.750   845   845 D io_stats: !@   8,0 r 1352237 49715388 w 697852 20833924 d 205727 20458836 f 0 0 iot 1546156 0 th 0 0 0 pt 0 inp 0 0 58740.131
04-26 11:51:10.750   845   845 D io_stats: !@ Read_top(KB): sung.android.ce(25763) 412
04-26 11:51:10.751   845   845 D io_stats: !@ Write_top(KB): system_server(1643) 20
04-26 11:51:11.531  1413  1438 E HeatmapThread: ECT Thread time in milliseconds: 1777229471
04-26 11:51:11.531  1413  1438 D HeatmapThread: !@ batteryplugType : 0
04-26 11:51:11.531  1413  1438 D HeatmapThread: !@ batteryLevel : 0  batteryTemperature : 0 
04-26 11:51:11.532  1413  1438 D HeatmapThread: !@ Heatmap currtime: 29620491
04-26 11:51:11.532  1413  1438 D HeatmapThread: !@ Heatmap prevtime: 29620479
04-26 11:51:11.532  1413  1438 D HeatmapThread: !@ Heatmap plugstarttime: 35791394
04-26 11:51:11.532  1413  1438 D HeatmapThread: !@ Heatmap prevv_dsoh_update_time: 29610679
04-26 11:51:11.532  1413  1438 E HeatmapThread: !@Could not open '/efs/FactoryApp/bsoh', errno = 13
04-26 11:51:11.532  1413  1438 E HeatmapThread: !@ CAM Could not access BSOH EFS
04-26 11:51:11.533  1413  1438 E HeatmapThread: !@ CAM New BSOH: 0
04-26 11:51:11.660  1643  2004 D PowerManagerService: UserActivityState : 1 -> 2 groupId=0
04-26 11:51:11.665  1643  1643 I MdnieScenarioControlService: action  :  com.samsung.server.PowerManagerService.action.USER_ACTIVITY
04-26 11:51:12.371  1643  1761 I SemDvfsHyPerManager: acquire hyper - APP_LAUNCH/1643@44, type = -999
04-26 11:51:12.371  1643  5613 D ActivityTaskManager: startActivityAsUser: callingPid=8087, callingUid=2000, caller=com.android.server.am.ActivityManagerService.startActivityAsUserWithFeature:27 com.android.server.am.ActivityManagerShellCommand.runStartActivity:588 com.android.server.am.ActivityManagerShellCommand.onCommand:2030 com.android.modules.utils.BasicShellCommandHandler.exec:97 android.os.ShellCommand.exec:38 com.android.server.am.ActivityManagerService.onShellCommand:164 android.os.Binder.shellCommand:1187 
04-26 11:51:12.372  1248  1426 I HYPER-HAL: [RequestManager.cpp]acquire(): Acquired ID : 1423872  [1643 / 44]    HINT : APP_LAUNCH    list : 
04-26 11:51:12.372  1643  5613 W ActivityTaskManager: callingPackage for (uid=2000, pid=8087) has no WPC
04-26 11:51:12.372  1248  1426 I HYPER-HAL: [ResourceManager.cpp]updateResource(): [CPULittleMinFreq] UpdateResource Request ID : 1423872    Value : 1804800
04-26 11:51:12.372  1643  5613 D ActivityTaskManager: DesktopModeLaunchParamsModifier: task=null activity=null task null, skipping
04-26 11:51:12.372  1643  5613 D ActivityTaskManager: TaskLaunchParamsModifier:task=null activity=null display-area-from-current-params=null display-area-from-default-fallback=DefaultTaskDisplayArea_d0@168470359 display-id=0 task-display-area-windowing-mode=1 suggested-display-area=DefaultTaskDisplayArea_d0@168470359
04-26 11:51:12.373  1643  5613 W OptProp : Cannot read opt property android.window.PROPERTY_COMPAT_ALLOW_RESIZEABLE_ACTIVITY_OVERRIDES
04-26 11:51:12.373  1643  5613 W OptProp : Cannot read opt property android.window.PROPERTY_COMPAT_ALLOW_MIN_ASPECT_RATIO_OVERRIDE
04-26 11:51:12.374  1643  5613 D WindowManager: Transition is created, t=TransitionRecord{4984c8 id=-1 type=OPEN flags=0x0}, caller=com.android.server.wm.Transition.<init>:182 com.android.server.wm.TransitionController.createAndStartCollecting:106 com.android.server.wm.ActivityStarter.executeRequest:3515 com.android.server.wm.ActivityStarter.execute:1752 com.android.server.wm.ActivityTaskManagerService.startActivityAsUser:95 
04-26 11:51:12.374  1643  5613 D BLASTSyncEngine: SyncGroup is created, id=1671, name=Transition-OPEN, caller=com.android.server.wm.BLASTSyncEngine$SyncGroup.<init>:52 com.android.server.wm.TransitionController.moveToCollecting:79 com.android.server.wm.TransitionController.createAndStartCollecting:109 com.android.server.wm.ActivityStarter.executeRequest:3515 com.android.server.wm.ActivityStarter.execute:1752 com.android.server.wm.ActivityTaskManagerService.startActivityAsUser:95 com.android.server.am.ActivityManagerService.startActivityAsUserWithFeature:27 
04-26 11:51:12.374  1643  5613 W BLASTSyncEngine: setSyncMethod, id=1671, method=0, caller=com.android.server.wm.TransitionController.moveToCollecting:91 com.android.server.wm.TransitionController.createAndStartCollecting:109 com.android.server.wm.ActivityStarter.executeRequest:3515 
04-26 11:51:12.374  1643  5613 V WindowManager: Start collecting in Transition: TransitionRecord{4984c8 id=1671 type=OPEN flags=0x0}, caller=com.android.server.wm.TransitionController.createAndStartCollecting:109 com.android.server.wm.ActivityStarter.executeRequest:3515 com.android.server.wm.ActivityStarter.execute:1752 com.android.server.wm.ActivityTaskManagerService.startActivityAsUser:95 com.android.server.am.ActivityManagerService.startActivityAsUserWithFeature:27 
04-26 11:51:12.374  1643  5613 V WindowManager: Collecting in transition 1671: ActivityRecord{7514465 u0 com.openautolink.app/.MainActivity, caller=com.android.server.wm.TransitionController.collect:7 com.android.server.wm.ActivityStarter.startActivityUnchecked:98 com.android.server.wm.ActivityStarter.executeRequest:3559 com.android.server.wm.ActivityStarter.execute:1752 com.android.server.wm.ActivityTaskManagerService.startActivityAsUser:95 
04-26 11:51:12.374  1643  5613 D ActivityTaskManager: DesktopModeLaunchParamsModifier: task=null activity=ActivityRecord{7514465 u0 com.openautolink.app/.MainActivity t-1} task null, skipping
04-26 11:51:12.374  1643  5613 D ActivityTaskManager: TaskLaunchParamsModifier:task=null activity=ActivityRecord{7514465 u0 com.openautolink.app/.MainActivity t-1} display-area-from-current-params=null display-area-from-default-fallback=DefaultTaskDisplayArea_d0@168470359 display-id=0 task-display-area-windowing-mode=1 suggested-display-area=DefaultTaskDisplayArea_d0@168470359
04-26 11:51:12.374  1643  5613 D ActivityTaskManager: DesktopModeLaunchParamsModifier: task=null activity=ActivityRecord{7514465 u0 com.openautolink.app/.MainActivity t-1} task null, skipping
04-26 11:51:12.374  5525  5525 I SemDvfsHyPerManager: acquire hyper - APP_START_SHORT/5525@15, type = -999
04-26 11:51:12.374  1643  5613 D ActivityTaskManager: TaskLaunchParamsModifier:task=null activity=ActivityRecord{7514465 u0 com.openautolink.app/.MainActivity t-1} display-area-from-current-params=null display-area-from-default-fallback=DefaultTaskDisplayArea_d0@168470359 display-id=0 task-display-area-windowing-mode=1 suggested-display-area=DefaultTaskDisplayArea_d0@168470359 non-freeform-task-display-area display-area=DefaultTaskDisplayArea_d0@168470359 default-portrait freeform-size-mismatch=Rect(81, 562 - 999, 1732)
04-26 11:51:12.375  1643  4118 I SemDvfsHyPerManager: acquire hyper - AMS_APP_SWITCH/1643@28, type = -999
04-26 11:51:12.376  1430  2958 I SurfaceFlinger: id=14211 createSurf, flag=24004, Task=627#14211
04-26 11:51:12.377  1643  4118 D ActivityManagerPerformance: AMP_acquire() APP_SWITCH
04-26 11:51:12.378  1643  5613 D ActivityTaskManager: DesktopModeLaunchParamsModifier: task=Task{273dc86 #627 type=standard A=10169:com.openautolink.app} activity=ActivityRecord{7514465 u0 com.openautolink.app/.MainActivity t-1} non-desktop, skipping
04-26 11:51:12.378  1643  5613 D ActivityTaskManager: TaskLaunchParamsModifier:task=Task{273dc86 #627 type=standard A=10169:com.openautolink.app} activity=ActivityRecord{7514465 u0 com.openautolink.app/.MainActivity t-1} display-from-task=0 display-id=0 task-display-area-windowing-mode=1 suggested-display-area=DefaultTaskDisplayArea_d0@168470359 inherit-from-task=fullscreen non-freeform-task-display-area display-area=DefaultTaskDisplayArea_d0@168470359 default-portrait freeform-size-mismatch=Rect(81, 562 - 999, 1732)
04-26 11:51:12.379  5525  5525 I SemDvfsHyPerManager: acquire hyper - APP_START_SHORT/5525@15, type = -999
04-26 11:51:12.379  1643  5613 V WindowManager: Collecting in transition 1671: Task{273dc86 #627 type=standard A=10169:com.openautolink.app}, caller=com.android.server.wm.Transition.collectExistenceChange:40 com.android.server.wm.ActivityStarter.setNewTask:43 com.android.server.wm.ActivityStarter.startActivityInner:289 com.android.server.wm.ActivityStarter.startActivityUnchecked:111 com.android.server.wm.ActivityStarter.executeRequest:3559 
04-26 11:51:12.379  1643  5613 W OptProp : Cannot read opt property android.window.PROPERTY_COMPAT_ALLOW_ORIENTATION_OVERRIDE
04-26 11:51:12.380  1430  2958 I SurfaceFlinger: id=14212 createSurf, flag=84004, ActivityRecord{7514465 u0 com.openautolink.app/.MainActivity t627}#14212
04-26 11:51:12.381  1643  5613 D ActivityTaskManager: scheduleTopResumedActivityChanged, onTop=false, r=ActivityRecord{151622878 u0 com.sec.android.app.launcher/.activities.LauncherActivity t93}, caller=com.android.server.wm.ActivityTaskSupervisor.scheduleTopResumedActivityStateLossIfNeeded:19 com.android.server.wm.ActivityTaskSupervisor.updateTopResumedActivityIfNeeded:20 com.android.server.wm.TaskDisplayArea.positionChildAt:252 com.android.server.wm.Task.moveToFront:257 com.android.server.wm.ActivityStarter.startActivityInner:306 com.android.server.wm.ActivityStarter.startActivityUnchecked:111 
04-26 11:51:12.381  1643  5613 V WindowManager: Checking theme of starting window: 0x7f0d000f
04-26 11:51:12.381  1643  5613 V WindowManager: Translucent=false Floating=false ShowWallpaper=false Disable=false
04-26 11:51:12.381  1643  5613 D ActivityTaskManager: addStartingWindow: type=2 typeParameter=8b
04-26 11:51:12.381  1643  5613 V WindowManager: Creating SplashScreenStartingData
04-26 11:51:12.381  1643  5613 V WindowManager: Add starting ActivityRecord{7514465 u0 com.openautolink.app/.MainActivity t627}: startingData=SplashScreenStartingData{d62574 removeAfterTransaction= 0}
04-26 11:51:12.382  1643  5613 V WindowManager: Added starting ActivityRecord{7514465 u0 com.openautolink.app/.MainActivity t627}: startingWindow=null startingView=com.android.server.wm.StartingSurfaceController$StartingSurface@64f7a9d
04-26 11:51:12.382  1643  5613 V WindowManager: Collecting in transition 1671: ActivityRecord{7514465 u0 com.openautolink.app/.MainActivity t627}, caller=com.android.server.wm.Transition.collectExistenceChange:40 com.android.server.wm.ActivityStarter.handleStartResult:761 com.android.server.wm.ActivityStarter.startActivityUnchecked:124 com.android.server.wm.ActivityStarter.executeRequest:3559 com.android.server.wm.ActivityStarter.execute:1752 
04-26 11:51:12.383  1248  1426 I HYPER-HAL: [ResourceManager.cpp]updateResource(): [CPUMinFreq] UpdateResource Request ID : 1423872    Value : 2841600
04-26 11:51:12.383  1643  5613 V WindowManager: Requesting StartTransition: TransitionRecord{4984c8 id=1671 type=OPEN flags=0x0 c=[
04-26 11:51:12.383  1643  5613 V WindowManager:    ChangeInfo{b91d2e3 container=ActivityRecord{7514465 u0 com.openautolink.app/.MainActivity t627} flags=0x0}
04-26 11:51:12.383  1643  5613 V WindowManager:    ChangeInfo{9ea24e0 container=Task{273dc86 #627 type=standard A=10169:com.openautolink.app} flags=0x0}
04-26 11:51:12.383  1643  5613 V WindowManager:    ChangeInfo{52e2399 container=Display{#0 state=ON size=1080x2340 ROTATION_0} flags=0x0}
04-26 11:51:12.383  1643  5613 V WindowManager:    ChangeInfo{4d3f65e container=DefaultTaskDisplayArea_d0@168470359 flags=0x0}
04-26 11:51:12.383  1643  5613 V WindowManager: ]
04-26 11:51:12.383  1643  5613 V WindowManager: }, caller=com.android.server.wm.ActivityStarter.handleStartResult:982 com.android.server.wm.ActivityStarter.startActivityUnchecked:124 com.android.server.wm.ActivityStarter.executeRequest:3559 com.android.server.wm.ActivityStarter.execute:1752 com.android.server.wm.ActivityTaskManagerService.startActivityAsUser:95 
04-26 11:51:12.383  1643  5613 I Pageboost: stop alp
04-26 11:51:12.383  1643  5613 I ActivityTaskManager: START u0 {flg=0x10000000 xflg=0x5 cmp=com.openautolink.app/.MainActivity} with LAUNCH_SINGLE_TASK from uid 2000 (BAL_ALLOW_PERMISSION) result code=0
04-26 11:51:12.383  1643  5613 I SemDvfsHyPerManager: acquire hyper - AMS_APP_LAUNCH/1643@25, type = -999
04-26 11:51:12.384  5525  5525 I SemDvfsHyPerManager: acquire hyper - APP_START/5525@17, type = -999
04-26 11:51:12.384  1248  1426 I HYPER-HAL: [RequestManager.cpp]acquire(): Acquired ID : 15348585  [5525 / 15]    HINT : APP_START    list : [TIMEOUT / 1500] 
04-26 11:51:12.384  3635  3689 V WindowManagerShell: Transition requested (#1671): android.os.BinderProxy@a04a6ee TransitionRequestInfo { type = OPEN, triggerTask = TaskInfo{userId=0 taskId=627 effectiveUid=10169 displayId=0 isRunning=true baseIntent=Intent { flg=0x10000000 cmp=com.openautolink.app/.MainActivity } baseActivity=ComponentInfo{com.openautolink.app/com.openautolink.app.MainActivity} topActivity=ComponentInfo{com.openautolink.app/com.openautolink.app.MainActivity} origActivity=null realActivity=ComponentInfo{com.openautolink.app/com.openautolink.app.MainActivity} numActivities=1 lastActiveTime=588709111 supportsMultiWindow=true resizeMode=1 isResizeable=true minWidth=-1 minHeight=-1 maxWidth=-1 maxHeight=-1 defaultMinSize=220 desktopDefaultMinSize=304 token=WCT{android.window.IWindowContainerToken$Stub$Proxy@8ebc78f} topActivityType=1 pictureInPictureParams=null shouldDockBigOverlays=false launchIntoPipHostTaskId=-1 lastParentTaskIdBeforePip=-1 displayCutoutSafeInsets=Rect(0, 99 - 0, 0) topActivityInfo=ActivityInfo{acbba1c com.openautolink.app.MainActivity} launchCookies=[] positionInParent=Point(0, 0) parentTaskId=-1 isFocused=false isVisible=false isVisibleRequested=false isTopActivityNoDisplay=false isSleeping=false locusId=null displayAreaFeatureId=1 isTopActivityTransparent=false isActivityStackTransparent=false lastNonFullscreenBounds=Rect(81, 562 - 999, 1732) capturedLink=null capturedLinkTimestamp=0 requestedVisibleTypes=-9 topActivityRequestOpenInBrowserEducationTimestamp=0 appCompatTaskInfo=AppCompatTaskInfo { topActivityInSizeCompat=false eligibleForLetterboxEducation= false isLetterboxEducationEnabled= false isLetterboxDoubleTapEnabled= false eligibleForUserAspectRatioButton= false topActivityBoundsLetterboxed= false isFromLetterboxDoubleTap= false topActivityLetterboxVerticalPosition= -1 topActivityLetterboxHorizontalPosition= -1 topActivityLetterboxWidth=-1 topActivityLetterboxHeight=-1 topActivityAppBounds=Rect(0, 0 - 1080, 2340) isUserFullscreenOverrideEnabled=false isSystemFullscreenOverrideEnabled=false hasMinAspectRatioOverride=false topActivityLetterboxBounds=null cameraCompatTaskInfo=CameraCompatTaskInfo { freeformCameraCompatMode=inactive} topActivityBounds=null topActivityInDisplayCompat=false singleTapFromLetterbox=false} topActivityMainWindowFrame=null originallySupportedMultiWindow=true hasWallpaper=false rootAffinity=10169:com.openautolink.app isTopTaskInStage=false CoverLauncherWidgetTask=false LaunchedFromAppsCoverLauncherTask=false LaunchedFromMultistarCoverLauncherTask=false isAllowedSeamlessRotation=false isTopTransparentActivity=false isAliasManaged=false hasConfigChanged=false snappingGuideBounds=null isAiKeyRemoveAppTask=false lastDesktopWindowingBounds=null lastExternalDesktopWindowingBounds=null safeCutoutInsets=null}, pipChange = null, remoteTransition = null, displayChange = null, flags = 0, debugId = 1671 }
04-26 11:51:12.385  4074  4074 I HoneySpace.Launcher: !@Boot_EBS_D: Launcher.onPause()
04-26 11:51:12.385  3635  3689 V ShellDesktopMode: DesktopTasksController: isDesktopModeShowing: hasVisibleTasks=false hasTopTransparentFullscreenTask=false
04-26 11:51:12.385  3635  3689 V ShellDesktopMode: DesktopTasksController: isDesktopModeShowing: hasVisibleTasks=false hasTopTransparentFullscreenTask=false
04-26 11:51:12.385  3635  3689 D ShellSplitScreen: logExit: no-op, mLoggerSessionId is null
04-26 11:51:12.385  3635  3689 D ShellDesktopMode: handleRequest: TransitionRequestInfo {type=1, tid=627, debugId=1671}
04-26 11:51:12.385  1248  1426 I HYPER-HAL: [ResourceManager.cpp]updateResource(): [CPUMaxFreq] UpdateResource Request ID : 15348585    Value : 2841600
04-26 11:51:12.385  4074  4074 I HoneySpace.Launcher: updateLauncherShowing true -> false
04-26 11:51:12.385  1248  1426 I HYPER-HAL: [RequestManager.cpp]acquire(): Acquired ID : 1396984  [1643 / 28]    HINT : AMS_APP_SWITCH    list : 
04-26 11:51:12.385  4200  4200 E pageboostd: Received HALT command code 2
04-26 11:51:12.385  1248  1426 I HYPER-HAL: [ResourceManager.cpp]updateResource(): [CPULittleMinFreq] UpdateResource Request ID : 1396984    Value : 1804800
04-26 11:51:12.385  4074  7641 I HoneySpace.SPayHandler: updateSpayHandler launcher activity is paused false
04-26 11:51:12.386  1643  5597 D CompatChangeReporter: Compat change id reported: 377864165; UID 10169; state: ENABLED
04-26 11:51:12.386  1430  1554 I VSyncReactor: Current= 120, Period= 120, hwcPeriod= 120
04-26 11:51:12.387  1643  5613 I AppsFilter: interaction: PackageSetting{b184bc2 com.openautolink.headunit/10192} -> PackageSetting{47caf0c com.openautolink.app/10169} BLOCKED
04-26 11:51:12.387  3635  3689 V ShellDesktopMode: DesktopTasksController: handleFullscreenTaskLaunch
04-26 11:51:12.387  1430  1430 I SurfaceFlinger: [Task=627#14211] attach to parent LayerHierarchy{RequestedLayerState{DefaultTaskDisplayArea_d0#10 parentId=9} 12 children}
04-26 11:51:12.387  3635  3689 V ShellDesktopMode: DesktopTasksController: isDesktopModeShowing: hasVisibleTasks=false hasTopTransparentFullscreenTask=false
04-26 11:51:12.387  1430  1430 I SurfaceFlinger: [ActivityRecord{7514465 u0 com.openautolink.app/.MainActivity t627}#14212] attach to parent LayerHierarchy{RequestedLayerState{Task=627#14211 parentId=10} 1 children}
04-26 11:51:12.387  3635  3689 V ShellDesktopMode: DesktopTasksController: handleRequest result=null
04-26 11:51:12.387  1643  5613 V WindowManager: Checking theme of starting window: 0x7f0d000f
04-26 11:51:12.387  1643  5613 V WindowManager: Translucent=false Floating=false ShowWallpaper=false Disable=false
04-26 11:51:12.387  1643  5613 V WindowManager: Collecting in transition 1671: ActivityRecord{7514465 u0 com.openautolink.app/.MainActivity t627}, caller=com.android.server.wm.TransitionController.collect:7 com.android.server.wm.ActivityRecord.setVisibility:132 com.android.server.wm.EnsureActivitiesVisibleHelper.process:459 com.android.server.wm.TaskFragment.updateActivityVisibilities:12 com.android.server.wm.Task$$ExternalSyntheticLambda37.accept:37 
04-26 11:51:12.387  3635  3712 D ViewRootImpl: desktopMode is false
04-26 11:51:12.387  1643  5613 V WindowManager: Collecting in transition 1671: ActivityRecord{151622878 u0 com.sec.android.app.launcher/.activities.LauncherActivity t93}, caller=com.android.server.wm.TransitionController.collect:7 com.android.server.wm.ActivityRecord.setVisibility:132 com.android.server.wm.ActivityRecord.makeInvisible:32 com.android.server.wm.EnsureActivitiesVisibleHelper.process:542 com.android.server.wm.TaskFragment.updateActivityVisibilities:12 
04-26 11:51:12.387  3635  3712 I ViewRootImpl: dVRR is disabled
04-26 11:51:12.387  1643  5613 D WindowManager: prepareSync <SYNC_STATE_WAITING_FOR_DRAW>, mPrepareSyncSeqId=0, win=Window{72edff6 u0 com.sec.android.app.launcher/com.sec.android.app.launcher.activities.LauncherActivity}
04-26 11:51:12.387  1643  5613 D WindowManager: prepareSync <SYNC_STATE_WAITING_FOR_DRAW>, mPrepareSyncSeqId=0, win=Window{2ec2b6 u0 com.sec.android.app.launcher/com.sec.android.app.launcher.activities.LauncherActivity}
04-26 11:51:12.387  1643  5613 V WindowManager: Collecting in transition 1671: WallpaperWindowToken{83ef74e showWhenLocked=true}_<lock>, caller=com.android.server.wm.Transition.collect:387 com.android.server.wm.TransitionController.collect:7 com.android.server.wm.ActivityRecord.setVisibility:132 com.android.server.wm.ActivityRecord.makeInvisible:32 com.android.server.wm.EnsureActivitiesVisibleHelper.process:542 
04-26 11:51:12.388  1643  5613 V WindowManager: Collecting in transition 1671: WallpaperWindowToken{1d7ea03 showWhenLocked=false}_<system>, caller=com.android.server.wm.Transition.collect:410 com.android.server.wm.TransitionController.collect:7 com.android.server.wm.ActivityRecord.setVisibility:132 com.android.server.wm.ActivityRecord.makeInvisible:32 com.android.server.wm.EnsureActivitiesVisibleHelper.process:542 
04-26 11:51:12.388  3635  3739 D NativeCustomFrequencyManager: [NativeCFMS] BpCustomFrequencyManager::BpCustomFrequencyManager()
04-26 11:51:12.388  1643  5613 V WindowManager: Collecting in transition 1671: WallpaperWindowToken{1d7ea03 showWhenLocked=false}_<system>, caller=com.android.server.wm.TransitionController.collect:7 com.android.server.wm.WallpaperWindowToken.setVisibility:55 com.android.server.wm.WallpaperController.adjustWallpaperWindows:857 com.android.server.wm.RootWindowContainer.applySurfaceChangesTransaction$1:141 com.android.server.wm.RootWindowContainer.performSurfacePlacementNoTrace:59 
04-26 11:51:12.388  1248  1426 I HYPER-HAL: [ResourceManager.cpp]updateResource(): [CPUMinFreq] UpdateResource Request ID : 1396984    Value : 2841600
04-26 11:51:12.388  1248  1426 I HYPER-HAL: [RequestManager.cpp]acquire(): Acquired ID : 15348585  [5525 / 15]    HINT : APP_START    list : [TIMEOUT / 1500] 
04-26 11:51:12.388  1248  1426 I HYPER-HAL: [ResourceManager.cpp]updateResource(): [CPUMaxFreq] UpdateResource Request ID : 15348585    Value : 2841600
04-26 11:51:12.389  1248  1426 I HYPER-HAL: [RequestManager.cpp]acquire(): Acquired ID : 1391971  [1643 / 25]    HINT : AMS_APP_LAUNCH    list : 
04-26 11:51:12.389  1248  1426 I HYPER-HAL: [ResourceManager.cpp]updateResource(): [CPULittleMinFreq] UpdateResource Request ID : 1391971    Value : 1804800
04-26 11:51:12.389  1643  2095 D ActivityManager Intent delay: Delaying Broadcast: 1000ms, BroadcastRecord{5b46055 android.intent.action.PACKAGE_UNSTOPPED/u0}
