04-26 11:50:57.759  1986  3388 I SDM     : HWPeripheralDRM::SetPanelFeature: Set Panel feature property 7
04-26 11:50:57.759  8448  4892 I NearbyConnections: [PcpManager] In startAdvertising() advertisingMediums:[USB, WIFI_LAN, WIFI_AWARE, BLUETOOTH, BLE, NFC] upgradeMediums:[USB, WIFI_LAN, WIFI_DIRECT, WIFI_AWARE, WIFI_HOTSPOT, BLE_L2CAP, BLUETOOTH, BLE, NFC] listener:240082963
04-26 11:50:57.759  8448  4892 I NearbyConnections: Get local endpoint id from the existing localEndpointId:QZ0J (last:null) for client 45317455(com.openautolink.companion)
04-26 11:50:57.759  8448  4892 I NearbyConnections: generateRxInstantConnectionAdvBytes() returns null because the client (com.openautolink.companion) is not allowed for an instant connection.
04-26 11:50:57.759  1986  3388 I SDM     : DisplayBuiltIn::TriggerDemuraOemPlugIn: Trigger demura oem plugin success
04-26 11:50:57.759  8448  4892 W NearbyConnections: Missing permission: com.openautolink.companion does not have required permission android.permission.NFC
04-26 11:50:57.759  8448  4892 E NearbyConnections: Need to add corresponding status code for missing permission android.permission.NFC
04-26 11:50:57.759  8448  4892 I NearbyConnections: In startNfcAdvertising([ 0x4c 0x61 0x6e 0x63 0x65 0x20 0x4f 0x6e 0x65 0x50 0x6c 0x75 0x73 0x20 0x31 0x33 ]), client 45317455 failed to advertise because of missing permissions
04-26 11:50:57.760  1986  2514 I SDM     : DRMPanelFeatureMgr::ApplyDirtyFeature: Commited panel feature [enabled]: 21-273
04-26 11:50:57.760  1986  2514 I SDM     : DRMPanelFeatureMgr::ApplyDirtyFeature: Commited panel feature [enabled]: 8-272
04-26 11:50:57.760  1986  2514 D SDM     : HWDeviceDRM::SetupAtomic: APUIR: m_isswitchfps 2
04-26 11:50:57.762  5335 18261 I BtSocketManagerBinder: createSocketChannel: type=1, serviceName=com.andrerinas.hurev, uuid=****fe54-33ed-398e-989c-************, port=-1, from uid/pid=10146/8448
04-26 11:50:57.762  5335 18261 I bt_btif_sock: [btif_sock.cc:166] btsock_listen: Attempting listen for socket connections for device: 00:00:00:00:00:00, type: 1, channel: -1, app_uid: 10146
04-26 11:50:57.763  5335 18261 I bt_btif_sock_rfcomm: [btif_sock_rfc.cc:373]  btsock_rfc_listen: channel= -1, flags= 0, app_uid= 10146
04-26 11:50:57.763  5335 18261 I bt_btif_sock_rfcomm: [btif_sock_rfc.cc:387]  btsock_rfc_listen: (flags & BTSOCK_FLAG_NO_SDP) == 0
04-26 11:50:57.763  5335 18261 I bt_btif_sock_rfcomm: [btif_sock_rfc.cc:406]  btsock_rfc_listen: service_uuid != NULL
04-26 11:50:57.763  5335 18261 I bt_btif_sock_rfcomm: [btif_sock_rfc.cc:429] btsock_rfc_listen: Adding listening socket service_name: com.andrerinas.hurev - channel: -1
04-26 11:50:57.763  5335  5769 D bta     : [bta_rfcomm_scn.cc:64] BTA_AllocateSCN: Allocating scn: 8
04-26 11:50:57.763  5335  5769 I bt_btif_sock_rfcomm: [btif_sock_rfc.cc:980] jv_dm_cback: handling event:BTA_JV_GET_SCN_EVT, id:148
04-26 11:50:57.763  5335  5769 D bt_btif_sock_rfcomm: [btif_sock_rfc.cc:629] send_app_scn: Sending scn for slot 148. bd_addr:00:00:00:00:00:00
04-26 11:50:57.763  5335  5769 I bt_btif_sock_rfcomm: [btif_sock_rfc.cc:980] jv_dm_cback: handling event:BTA_JV_CREATE_RECORD_EVT, id:148
04-26 11:50:57.763  8448  4892 I NearbyMediums: Started accepting Bluetooth Classic connections for com.andrerinas.hurev.
04-26 11:50:57.763  8448  3061 D BluetoothSocket: accept(), timeout (ms):-1
04-26 11:50:57.763  5335  5769 I bt_bta_dm: [bta_dm_act.cc:1291] bta_dm_set_eir: Generating extended inquiry response packet EIR
04-26 11:50:57.763  5335  5769 E bt_bta_dm: [bta_dm_act.cc:1453] bta_dm_set_eir: set eir free_eir_length =98 
04-26 11:50:57.763  5335  5769 E bt_bta_dm: [bta_dm_act.cc:1462] bta_dm_set_eir: set eir p_length = NULL
04-26 11:50:57.763  5335  5769 D bt_shim_hci: [hci_layer.cc:235] transmit_command: Sending command WRITE_EXTENDED_INQUIRY_RESPONSE(0x0c52)
04-26 11:50:57.763  5335  5769 W rfcomm_port_utils: [port_utils.cc:290] port_find_mcb: not found, bd_addr:ff:ff:ff:ff:ff:ff
04-26 11:50:57.763  5335  5769 I bt_port_api: [port_api.cc:229] RFCOMM_CreateConnectionWithSecurity: bd_addr=xx:xx:xx:xx:ff:ff, scn=8, is_server=true, mtu=990, uuid=000000, dlci=16, signal_state=0x0b, p_port=0x7ac6101a90
04-26 11:50:57.763  5335  5769 D bt_btif_sock_rfcomm: [btif_sock_rfc.cc:917]  rfcomm_cback: event= 28, rfcomm_slot_id= 148
04-26 11:50:57.763  5335  5769 I bt_btif_sock_rfcomm: [btif_sock_rfc.cc:922] rfcomm_cback: handling BTA_JV_RFCOMM_START_EVT, rfcomm_slot_id:148
04-26 11:50:57.764  5335  5769 I oplus_bt_dual_sync: [oplus_bt_dual_sync.cc:627] do_stack_up_sync: stack_to_apk_type = 37
04-26 11:50:57.764  5335  6516 I oplus_bt_dual_sync: [oplus_bt_dual_sync.cc:675] operator(): up_sync done.
04-26 11:50:57.764  5335  5769 I oplus_bt_dual_sync: [oplus_bt_dual_sync.cc:688] do_stack_up_sync: Retrieve the result of future done.
04-26 11:50:57.764  5335  5769 I bt_btif_sock_rfcomm: [btif_sock_rfc.cc:695] on_srv_rfc_listen_started: listening for RFCOMM socket connections for device: 00:00:00:00:00:00, scn: 8, app_uid: 10146, id: 148
04-26 11:50:57.765  5335  5776 D bt_shim_hci: [hci_layer.cc:196] OnTransmitPacketCommandComplete: Received cmd complete for WRITE_EXTENDED_INQUIRY_RESPONSE(0x0c52)
04-26 11:50:57.766  5335  5769 D bt_shim_hci: [hci_layer.cc:235] transmit_command: Sending command WRITE_LOCAL_NAME(0x0c13)
04-26 11:50:57.766  5335  5769 I bt_bta_dm: [bta_dm_act.cc:1291] bta_dm_set_eir: Generating extended inquiry response packet EIR
04-26 11:50:57.766  5335  6516 I AdapterProperties: adapterPropertyChangedCallback with type:1 len:43
04-26 11:50:57.766  5335  5769 E bt_bta_dm: [bta_dm_act.cc:1453] bta_dm_set_eir: set eir free_eir_length =71 
04-26 11:50:57.766  5335  5769 E bt_bta_dm: [bta_dm_act.cc:1462] bta_dm_set_eir: set eir p_length = NULL
04-26 11:50:57.766  5335  5769 D bt_shim_hci: [hci_layer.cc:235] transmit_command: Sending command WRITE_EXTENDED_INQUIRY_RESPONSE(0x0c52)
04-26 11:50:57.766  8448  4892 I Nearby  : (REDACTED) Beginning attempt #%d out of %d for %s...
04-26 11:50:57.767  5335  5776 D bt_shim_hci: [hci_layer.cc:196] OnTransmitPacketCommandComplete: Received cmd complete for WRITE_LOCAL_NAME(0x0c13)
04-26 11:50:57.768  8448  4892 I BluetoothAdapter: setScanMode(), mode: 23, called by: com.google.android.gms
04-26 11:50:57.768  3393  4408 D BluetoothSystemServer: BluetoothManagerService: Bluetooth Adapter name changed to I1FaMEpQIcYAAAAAAAAAEExhbmNlIE9uZVBsdXMgMTM
04-26 11:50:57.768  5335  5776 D bt_shim_hci: [hci_layer.cc:196] OnTransmitPacketCommandComplete: Received cmd complete for WRITE_EXTENDED_INQUIRY_RESPONSE(0x0c52)
04-26 11:50:57.768  3393  4408 D BluetoothSystemServer: BluetoothManagerService: storeNameAndAddress(I1FaMEpQIcYAAAAAAAAAEExhbmNlIE9uZVBsdXMgMTM, [address is null]): Completed successfully
04-26 11:50:57.769  1986  2514 D SDM     : HWDeviceDRM::SetupAtomic: APUIR: m_isswitchfps 1
04-26 11:50:57.769  5020  8575 I BeaconSdk.BeaconAdvertiser: stopAdvertising, type:BLR_REPLY_NETLESS_CONTRACT, service name: netless_contract_reply
04-26 11:50:57.769  5335 18261 I OplusAdapterServiceExtImpl: oplusSetScanMode currentIac: NONE calling package is com.google.android.gms mode = 23
04-26 11:50:57.770  5020  8575 I BeaconSdk.AppIpc: remoteCall, method=stopAdvertisingWithType
04-26 11:50:57.769  8584  8584 I PTC.APPCORE.EventBroadcastReceiver: onReceive, action=android.bluetooth.adapter.action.LOCAL_NAME_CHANGED
04-26 11:50:57.770  5335 18261 I OplusAdapterServiceExtImpl: oplusSetScanMode mNlManager.isNetworklessEnable() = false
04-26 11:50:57.770  8584  1795 I PTC.DISC.ServiceLifecycleObserver: Service resume required due to event: BluetoothNameChanged.
04-26 11:50:57.770  8584  3531 W PTC.DISC.NetRegisterCentral: registerLanInfo failed. msg=Account not logged in desc=deviceNameChanged
04-26 11:50:57.771  8584  4975 I PTC.APPCORE.SystemStateChangeManager: received Bluetooth name changed: $**ExhbmNlIE9uZVBsdXMgMTM
04-26 11:50:57.771  8584  4975 I cpkit::jni_main: [cpNotifySystemStateChange]JSON data: {"deviceName":"I1FaMEpQIcYAAAAAAAAAEExhbmNlIE9uZVBsdXMgMTM"}
04-26 11:50:57.771  8584 11636 I PTC.BEACON.BeaconContentProvider: ---authority call--- stopAdvertisingWithType, authority=com.heytap.accessory.beacon.BeaconContentProvider, callingPkg=com.android.phone
04-26 11:50:57.771  8584  9030 D adapter::system_event..: [SystemEventManager] Dispatching event: DeviceNameChanged at timestamp 1777229457771
04-26 11:50:57.771  8584  9030 W adapter::system_event..: [SystemEventManager] No subscribers registered. Event: DeviceNameChanged at timestamp 1777229457771
04-26 11:50:57.771  8584 11636 I PTC.BEACON.BeaconCallMethodProcessor: -- BEA-IPC -- process method In, method=stopAdvertisingWithType callingPackage=com.android.phone
04-26 11:50:57.771  8584 11636 I PTC.BEACON.BeaconCallMethodProcessor: -- BEA-IPC -- stopAdvertising In. client=BeaconClient={clientId=171032835, pkg=com.android.phone, pid=5020}, advertise type=BLR_REPLY_NETLESS_CONTRACT
04-26 11:50:57.771  5335 18261 I oplus_bt_dual_sync: [oplus_bt_dual_sync.cc:151] stack_down_sync_action: type=35, len=28
04-26 11:50:57.771  8584  5269 I PTC.BEACON.BeaconCallMethodProcessor: -- BEA-IPC -- stopAdvertising Out.
04-26 11:50:57.771  8584 11636 I PTC.BEACON.BeaconCallMethodProcessor: -- BEA-IPC -- process stopAdvertisingWithType Out. result=SUCCESS
04-26 11:50:57.771  5335 18261 I oplus_bt_dual_sync: [oplus_bt_dual_sync.cc:390] stack_down_sync_action: featureID 0, scan_mode_iac is GIAC 
04-26 11:50:57.771  8584 11636 I PTC.BEACON.BeaconCallMethodProcessor: -- BEA-IPC -- process method Out, method: stopAdvertisingWithType, result is: SealedResult(resultCode=SUCCESS, data=null, errorCode=null, message=null)
04-26 11:50:57.771  5335 18261 I OplusAdapterServiceExtImpl: oplusSetScanMode mNlManager.isNetworklessEnable is false or mOplusBluetoothPerformanceParamsConfig is null set default iac to GIAC
04-26 11:50:57.771  8584  4980 I PTC.DISC.AdvertiserContainer: Stop advertise, not found advertising client=DiscoveryClient(id=netless_contract_reply, pkg=com.android.phone, pid=5020)
04-26 11:50:57.772  5335  5769 D bt_shim_hci: [hci_layer.cc:235] transmit_command: Sending command WRITE_CURRENT_IAC_LAP(0x0c3a)
04-26 11:50:57.772  5020  8575 W BeaconSdk.ServerDeathRecipient: already has binder death recipient
04-26 11:50:57.773  5335  5776 D bt_shim_hci: [hci_layer.cc:196] OnTransmitPacketCommandComplete: Received cmd complete for WRITE_CURRENT_IAC_LAP(0x0c3a)
04-26 11:50:57.774  5335  5769 D bt_shim_hci: [hci_layer.cc:235] transmit_command: Sending command WRITE_SCAN_ENABLE(0x0c1a)
04-26 11:50:57.774  5335  5769 D bt_shim_hci: [hci_layer.cc:235] transmit_command: Sending command WRITE_SCAN_ENABLE(0x0c1a)
04-26 11:50:57.774  5335  5769 E bt_btu_hcif: [btu_hcif.cc:1096] btu_hcif_hdl_command_complete: Command complete for opcode:0xc3a should not be handled here
04-26 11:50:57.775  5335  6516 I AdapterProperties: adapterPropertyChangedCallback with type:7 len:4
04-26 11:50:57.775  5335  5776 D bt_shim_hci: [hci_layer.cc:196] OnTransmitPacketCommandComplete: Received cmd complete for WRITE_SCAN_ENABLE(0x0c1a)
04-26 11:50:57.775  5335  5776 D bt_shim_hci: [hci_layer.cc:196] OnTransmitPacketCommandComplete: Received cmd complete for WRITE_SCAN_ENABLE(0x0c1a)
04-26 11:50:57.778 20164 20164 D ReflectHelper:  newInstanceByConstructor : com.oplus.evolution.NetworklessManager
04-26 11:50:57.778 20164 20164 I BluetoothAdapter: setScanMode(), mode: 21, called by: com.oplus.wirelesssettings
04-26 11:50:57.779  5335 18261 I OplusAdapterServiceExtImpl: oplusSetScanMode currentIac: GIAC calling package is com.oplus.wirelesssettings mode = 21
04-26 11:50:57.779  5335 18261 I OplusAdapterServiceExtImpl: oplusSetScanMode mNlManager.isNetworklessEnable() = false
04-26 11:50:57.779  5335 18261 I oplus_bt_dual_sync: [oplus_bt_dual_sync.cc:151] stack_down_sync_action: type=35, len=28
04-26 11:50:57.780  5335 18261 I oplus_bt_dual_sync: [oplus_bt_dual_sync.cc:390] stack_down_sync_action: featureID 0, scan_mode_iac is GIAC 
04-26 11:50:57.780  5335 18261 I OplusAdapterServiceExtImpl: oplusSetScanMode mNlManager.isNetworklessEnable is false or mOplusBluetoothPerformanceParamsConfig is null set default iac to GIAC
04-26 11:50:57.782  5335  5769 D bt_shim_hci: [hci_layer.cc:235] transmit_command: Sending command WRITE_SCAN_ENABLE(0x0c1a)
04-26 11:50:57.783  5335  5769 D bt_shim_hci: [hci_layer.cc:235] transmit_command: Sending command WRITE_SCAN_ENABLE(0x0c1a)
04-26 11:50:57.783  5335  6516 I AdapterProperties: adapterPropertyChangedCallback with type:7 len:4
04-26 11:50:57.783  5335  5776 D bt_shim_hci: [hci_layer.cc:196] OnTransmitPacketCommandComplete: Received cmd complete for WRITE_SCAN_ENABLE(0x0c1a)
04-26 11:50:57.784  5335  5776 D bt_shim_hci: [hci_layer.cc:196] OnTransmitPacketCommandComplete: Received cmd complete for WRITE_SCAN_ENABLE(0x0c1a)
04-26 11:50:57.818  3393  3626 D VRR [OPlusRefreshRateService]: handleConfigIdChange physicalDisplayId: 4630946756802996883 configId: 5 renderPeriod: 16666667
04-26 11:50:57.819  3393  3626 D VRR [OPlusGameStatusManager]: updateGameState mOSyncFeatureSwitch: false mIsGamePolicy: false
04-26 11:50:57.820  3393  3626 D VRR [OPlusGameStatusManager]: updateGameAccelerationStatus pkgName: com.openautolink.companion mOSyncFeatureSwitch: false mIsGamePolicy: false mHeartStop: false mHasFlickerRisk: false mForceAcceleration: false mToastReady: false enable: false
04-26 11:50:57.824  1942  6436 I vendor.qti.bluetooth@1.0-ibs_handler: ProcessIbsCmd: Received IBS_SLEEP_IND: 0xFE
04-26 11:50:57.857  1986  2522 I SDM     : DisplayBuiltIn::IdlePowerCollapse: IPC received, disabling partial update for one frame
04-26 11:50:57.870  3393  3626 D VRR [OPlusSAManager]: updateAutoMinfps for 4630946756802996883 with nits: 399.54022, mHistOK true, mAmbientOK true, mCctOK true, mIrOK true, mBrightnessOK true, isPkgOK true, SA min fps: 119
04-26 11:50:57.870  2265  3450 I VRR-[OPlusRefreshRateSelector]: updateAutoMode success, display 0, mode 0, fakeframe 0, min fps: 1
04-26 11:50:57.870  1986  4715 I SDM     : DisplayBuiltIn::SetQSyncMode: VRR + update qsync mode 0 minfps 00C08081
04-26 11:50:57.878  1986  2514 E SDM     : DRMConnector::Perform: Connector 68: Setting Qsync min fps 12615809
04-26 11:50:57.878  1986  2514 D SDM     : HWDeviceDRM::SetupAtomic: APUIR: m_isswitchfps 0
04-26 11:50:57.956  1986  2522 I SDM     : DisplayBuiltIn::IdlePowerCollapse: IPC received, disabling partial update for one frame
04-26 11:50:57.971  8584  4980 I PTC.CONN.SenselessScheduleImpl: --Senseless Event Changed-- handleStartEvent is BLUETOOTH_NAME_CHANGED
04-26 11:50:57.975  8584  4975 I SettingImpl: isSenselessConnectionToggleChecked switchValue: 1, state is true
04-26 11:50:57.976  8584  4975 I SettingImpl: isSenselessConnectionToggleChecked switchValue: 1, state is true
04-26 11:50:57.976  8584  4975 I PTC.APPCORE.ResourceObtaining: expGetModelId get modelId
04-26 11:50:57.978  8584  4975 I SettingImpl: isMarketModeToggleChecked=0
04-26 11:50:57.979  8584  4975 I PTC.CONN.SenselessNetworkingImpl: acceptSenselessConnection, accept job is active, return
04-26 11:50:57.979  8584  4975 I PTC.DISC.DiscCoreImpl: advertise, options=DeviceAdvOptions={plan=Plan(planType=BLE), client=DiscoveryClient(id=accept-senseless, pkg=com.heytap.accessory, pid=8584), timeoutMillis=10000}
04-26 11:50:57.979  8584  4975 I SettingImpl: export quick device toggle value is 0
04-26 11:50:57.982  8584  4975 I PTC.DISC.BleAdvertiser: startAdvertise In. request(startAdvertise) traceId=6d164fe8-da09-4849-91eb-d2f9f3eb022c, client=DiscoveryClient(id=accept-senseless, pkg=com.heytap.accessory, pid=8584), details={rdi=**32FBE7, fHide=null}
04-26 11:50:57.982  8584  4975 I PTC.DISC.BleAdvConfig: toStartAdvertiseConfig In.
04-26 11:50:57.988  8584  4975 D AudioManager: isBluetoothScoOn()=false, calling application:com.heytap.accessory
04-26 11:50:57.988  8584  4975 V AudioManagerExtImpl: isBluetoothA2dpOnCacheAPP result = false, uid = 10148
04-26 11:50:57.989  8584  4975 I PTC.DISC.BleAdvConfig: toStartAdvertiseConfig timeoutMillis: 10000
04-26 11:50:57.989  8584  4975 I SettingImpl: export quick device toggle value is 0
04-26 11:50:57.989  8584  4975 I PTC.DISC.BleAdvertiser: stopAdvertisingTask client=DiscoveryClient(id=accept-senseless, pkg=com.heytap.accessory, pid=8584), error=Advertise ended due to the restart request, taskIsSuspending=false
04-26 11:50:57.989  8584  4975 I PTC.DISC.BleAdvertiserAdapter: ptcBleStopAdvertising client=DiscoveryClient(id=accept-senseless, pkg=com.heytap.accessory, pid=8584)
04-26 11:50:57.990  5335 18261 I bt_shim_advertiser: [le_advertising_manager.cc:78] Unregister: in shim layer
04-26 11:50:57.990  5335  5776 D bluetooth: [le_advertising_manager.cc:726] stop_advertising: advertiser_id: 0 is_periodic: false
04-26 11:50:57.990  8584  4975 I PTC.DISC.BleAdvertiser: suspendableStartAdvertise client=DiscoveryClient(id=accept-senseless, pkg=com.heytap.accessory, pid=8584), timeoutMillis=10000, advertiseMode=LOW_POWER, strategy=Senseless
04-26 11:50:57.990  8584  4975 I PTC.DISC.BleAdvertiserAdapter: ptcBleStartAdvertising client=DiscoveryClient(id=accept-senseless, pkg=com.heytap.accessory, pid=8584), senseless=true
04-26 11:50:57.990  8584  4975 D AdvertiseSettings: setTxPowerLevel: 3
04-26 11:50:57.990  5335  5776 I bluetooth: [le_address_manager.cc:246] unregister_client: Client unregistered
04-26 11:50:57.991  8584  4975 I PTC.DISC.BleAdvertiserAdapter: ManufactureSpecificData=AF302B1488004C2648000000008336AA2D8107
04-26 11:50:57.991  8584  4975 I PTC.DISC.BleAdvertiserAdapter: IncludeDeviceName ServiceData=747A9932FBE7084C616E6365204F6E65506C7573203133
04-26 11:50:57.991  1942  6436 I vendor.qti.bluetooth@1.0-ibs_handler: ProcessIbsCmd: Received IBS_WAKE_IND: 0xFD
04-26 11:50:57.991  1942  6436 I vendor.qti.bluetooth@1.0-ibs_handler: ProcessIbsCmd: Writing IBS_WAKE_ACK
04-26 11:50:57.992  8584  4975 D AdvertiseSettings: setTxPowerLevel: 3
04-26 11:50:57.992  8584  4975 W BluetoothAdapterExtImpl: uid is 10148
04-26 11:50:57.992  8584  4975 D BluetoothAdapter: isLeEnabled(): ON
04-26 11:50:57.992  8584  4975 D BluetoothLeAdvertiser: TxPower == ADVERTISE_TX_POWER_HIGH
04-26 11:50:57.992  8584  4975 D BluetoothAdapter: isLeEnabled(): ON
04-26 11:50:57.993  5335 18261 I bt_shim_advertiser: [le_advertising_manager.cc:150] StartAdvertisingSet: in shim layer
04-26 11:50:57.993  5335 18261 I bt_shim_advertiser: [le_advertising_manager.cc:170] StartAdvertisingSet: create advertising set, client_id:255, reg_id:-1249
04-26 11:50:57.993  5335  5776 I bluetooth: [le_address_manager.cc:231] register_client: Client registered
04-26 11:50:57.995  5335  5776 I bluetooth: [le_advertising_manager.cc:1780] on_set_advertising_set_random_address_complete: update random address for advertising set 0 : xx:xx:xx:xx:dd:66
04-26 11:50:57.997  8584  8584 I PTC.DISC.BleAdvertiserAdapter: ptc resume suspendableStartAdvertising client=DiscoveryClient(id=accept-senseless, pkg=com.heytap.accessory, pid=8584)
04-26 11:50:57.997  8584  4975 I PTC.DISC.BleAdvertiser: startAdvertise Out. response(startAdvertise) traceId=6d164fe8-da09-4849-91eb-d2f9f3eb022c, client=DiscoveryClient(id=accept-senseless, pkg=com.heytap.accessory, pid=8584), result=true, exception=null, details={name=**ePlus 13, strategy=Senseless, rdi=**32FBE7}
04-26 11:50:57.997  8584  4975 I PTC.DISC.AdvertiserContainer: Advertise started, add advertising client=DiscoveryClient(id=accept-senseless, pkg=com.heytap.accessory, pid=8584)
04-26 11:50:58.018  3393  8235 D WifiP2pService: close binder:android.os.BinderProxy@5220408 from mDeathDataByBinder:{android.os.Binder@eab480b=mUid=1000, deathRecipient=com.android.server.wifi.p2p.WifiP2pServiceImpl$$ExternalSyntheticLambda0@12338b8, messenger=android.os.Messenger@d976691, worksource=WorkSource{1000 android}, displayId=0, android.os.Binder@f0aad8a=mUid=1000, deathRecipient=com.android.server.wifi.p2p.WifiP2pServiceImpl$$ExternalSyntheticLambda0@fdd09f6, messenger=android.os.Messenger@d976691, worksource=WorkSource{1000 android}, displayId=0, android.os.BinderProxy@5ccd4c6=mUid=1000, deathRecipient=com.android.server.wifi.p2p.WifiP2pServiceImpl$$ExternalSyntheticLambda0@ecfea2f, messenger=android.os.Messenger@d976691, worksource=WorkSource{1000 com.oplus.wirelesssettings}, displayId=0, android.os.BinderProxy@e2c5910=mUid=10148, deathRecipient=com.android.server.wifi.p2p.WifiP2pServiceImpl$$ExternalSyntheticLambda0@80db27d, messenger=android.os.Messenger@d976691, worksource=WorkSource{10148 com.heytap.accessory}, displayId=0, android.os.BinderProxy@2adf0c0=mUid=10159, deathRecipient=com.android.server.wifi.p2p.WifiP2pServiceImpl$$ExternalSyntheticLambda0@2e7c0b1, messenger=android.os.Messenger@d976691, worksource=WorkSource{10159 com.microsoft.appmanager}, displayId=0, android.os.BinderProxy@bf1a84f=mUid=10148, deathRecipient=com.android.server.wifi.p2p.WifiP2pServiceImpl$$ExternalSyntheticLambda0@f3f781c, messenger=android.os.Messenger@d976691, worksource=WorkSource{10148 com.heytap.accessory}, displayId=0}
04-26 11:50:58.018  3393  8235 W WifiP2pService: close(): no death recipient for binder
04-26 11:50:58.018  3393  4471 D WifiP2pService: ClientHandler.handleMessage ignoring msg={ when=0 what=69636 target=com.android.server.wifi.p2p.WifiP2pServiceImpl$ClientHandler }
04-26 11:50:58.028  2086  2086 D SensorFeature: name=ssc_screenshot_info ,index = 22
04-26 11:50:58.028  2086  2086 D SensorFeature: write 37 bytes:69038437790708,69039097149145,42858,0
04-26 11:50:58.037  1942  6436 I vendor.qti.bluetooth@1.0-ibs_handler: ProcessIbsCmd: Received IBS_SLEEP_IND: 0xFE
04-26 11:50:58.045  4925  5193 I SystemUi--Statusbar: PrivacyDotViewController-->scheduleUpdate: 
04-26 11:50:58.140  1986  2522 I SDM     : DisplayBuiltIn::IdlePowerCollapse: IPC received, disabling partial update for one frame
04-26 11:50:58.145  4925  5193 I SystemUi--Statusbar: PrivacyDotViewController-->processNextViewState: 
04-26 11:50:58.145  4925  5193 I SystemUi--Statusbar: PrivacyDotViewController-->resolveState ViewState(viewInitialized=true, systemPrivacyEventIsActive=false, shadeExpanded=false, needShow=true, portraitRect=Rect(0, 0 - 1080, 120), landscapeRect=Rect(120, 0 - 2376, 120), upsideDownRect=Rect(0, 0 - 1080, 120), seascapeRect=Rect(0, 0 - 2245, 120), layoutRtl=false, rotation=0, paddingTop=20, paddingBottom=21, cornerIndex=-1, corner=TopRight, designatedCorner=android.widget.FrameLayout{9adcd0f I.E...... ......ID 1036,0-1080,120 #7f0a0a86 app:id/privacy_dot_top_right_container alpha=0.0 viewInfo = }, contentDescription=Applications are using your microphone., dotMargin=33)
04-26 11:50:58.151  1958 30234 I WifiHAL : event received NL80211_CMD_VENDOR, vendor_id = 0x1374, subcmd = 0xd
04-26 11:50:58.151  2995  2995 I cnss-daemon: nl80211 response handler invoked
04-26 11:50:58.151  2995  2995 I cnss-daemon: nl80211_response_handler: cmd 103, vendorID 4980, subcmd 13  received
04-26 11:50:58.151  3037 30239 D LOWI-9.0.1.118: [LOWI-Scan] wait_event:Wait done with Cmd 103
04-26 11:50:58.152  3037 30239 D LOWI-9.0.1.118: [LOWI-Scan] do_listen_events: Rcvd valid Netlink Cmd 0 Err 0
04-26 11:50:58.204  5272  7536 D CommonApp-113-10511: transport layer data is invalid
04-26 11:50:58.206  5272  7536 D ScorePolicy: handleScoreChanged: []
04-26 11:50:58.206  5272  7536 D ScorePolicy: handleScoreChanged: []
04-26 11:50:58.206  5272  7536 D ScorePolicy: handleScoreChanged: []
04-26 11:50:58.246  1942  6443 I vendor.qti.bluetooth@1.0-ibs_handler: DeviceSleep: TX Awake, Sending SLEEP_IND
04-26 11:50:58.247  1942  6443 D vendor.qti.bluetooth@1.0-ibs_handler: SerialClockVote: vote for UART CLK OFF
04-26 11:50:58.281  8448  4892 E NearbyMediums: MEDIUM_ERROR [SYSTEM][BLUETOOTH][START_ADVERTISING][START_ADVERTISING_FAILED][TIMEOUT], service-id=com.andrerinas.hurev
04-26 11:50:58.282  8448  4892 I Nearby  : (REDACTED) Failed attempt #%d out of %d for %s
04-26 11:50:58.282  8448  4892 I Nearby  : java.lang.RuntimeException: Failed to set Bluetooth scan mode to 23
04-26 11:50:58.282  8448  4892 I Nearby  : 	at donj.run(:com.google.android.gms@261631035@26.16.31 (260400-900800821):249)
04-26 11:50:58.282  8448  4892 I Nearby  : 	at immx.call(:com.google.android.gms@261631035@26.16.31 (260400-900800821):3)
04-26 11:50:58.282  8448  4892 I Nearby  : 	at imna.a(:com.google.android.gms@261631035@26.16.31 (260400-900800821):39)
04-26 11:50:58.282  8448  4892 I Nearby  : 	at imna.b(:com.google.android.gms@261631035@26.16.31 (260400-900800821):6)
04-26 11:50:58.282  8448  4892 I Nearby  : 	at donk.c(:com.google.android.gms@261631035@26.16.31 (260400-900800821):30)
04-26 11:50:58.282  8448  4892 I Nearby  : 	at donk.a(:com.google.android.gms@261631035@26.16.31 (260400-900800821):36)
04-26 11:50:58.282  8448  4892 I Nearby  : 	at dots.j(:com.google.android.gms@261631035@26.16.31 (260400-900800821):54)
04-26 11:50:58.282  8448  4892 I Nearby  : 	at dotw.o(:com.google.android.gms@261631035@26.16.31 (260400-900800821):36)
04-26 11:50:58.282  8448  4892 I Nearby  : 	at dotw.a(:com.google.android.gms@261631035@26.16.31 (260400-900800821):602)
04-26 11:50:58.282  8448  4892 I Nearby  : 	at donp.c(:com.google.android.gms@261631035@26.16.31 (260400-900800821):116)
04-26 11:50:58.282  8448  4892 I Nearby  : 	at djvh.h(:com.google.android.gms@261631035@26.16.31 (260400-900800821):502)
04-26 11:50:58.282  8448  4892 I Nearby  : 	at dkfh.E(:com.google.android.gms@261631035@26.16.31 (260400-900800821):235)
04-26 11:50:58.282  8448  4892 I Nearby  : 	at dkan.call(:com.google.android.gms@261631035@26.16.31 (260400-900800821):132)
04-26 11:50:58.282  8448  4892 I Nearby  : 	at java.util.concurrent.FutureTask.run(FutureTask.java:317)
04-26 11:50:58.282  8448  4892 I Nearby  : 	at bjwm.c(:com.google.android.gms@261631035@26.16.31 (260400-900800821):50)
04-26 11:50:58.282  8448  4892 I Nearby  : 	at bjwm.run(:com.google.android.gms@261631035@26.16.31 (260400-900800821):66)
04-26 11:50:58.282  8448  4892 I Nearby  : 	at java.util.concurrent.ThreadPoolExecutor.runWorker(ThreadPoolExecutor.java:1154)
04-26 11:50:58.282  8448  4892 I Nearby  : 	at java.util.concurrent.ThreadPoolExecutor$Worker.run(ThreadPoolExecutor.java:652)
04-26 11:50:58.282  8448  4892 I Nearby  : 	at bkcd.run(:com.google.android.gms@261631035@26.16.31 (260400-900800821):8)
04-26 11:50:58.282  8448  4892 I Nearby  : 	at java.lang.Thread.run(Thread.java:1563)
04-26 11:50:58.370  3393  3626 D VRR [OPlusSAManager]: updateAutoMinfps for 4630946756802996883 with nits: 399.54022, mHistOK true, mAmbientOK true, mCctOK true, mIrOK true, mBrightnessOK true, isPkgOK true, SA min fps: 119
04-26 11:50:58.371  2265  3450 I VRR-[OPlusRefreshRateSelector]: updateAutoMode success, display 0, mode 0, fakeframe 0, min fps: 1
04-26 11:50:58.371  1986  1986 I SDM     : DisplayBuiltIn::SetQSyncMode: VRR + update qsync mode 0 minfps 00C08081
04-26 11:50:58.376  1986  2514 E SDM     : DRMConnector::Perform: Connector 68: Setting Qsync min fps 12615809
04-26 11:50:58.382  2086  2086 D SensorFeature: name=ssc_screenshot_info ,index = 22
04-26 11:50:58.382  2086  2086 D SensorFeature: write 37 bytes:69039398332843,69039450296541,42859,0
04-26 11:50:58.384  1955 30145 I sensors-hal: handle_oplus_wise_rgb_event:189, high_pwm_light:lux 56.8,cct 4349.5,brl/algo/ir 2468.0/2.0/90.1,pwm/dc 0.0/0.0,rgbc 5418.190430/3336.739502/1926.378052/9052.458984,ts 69039388729365,cnt 12297,flag 108395
04-26 11:50:58.384  3393  4380 D FusionLightNextGen: process end reported = 1, mode: 0, cnt: 154780, lux 80.0, cct -1.0, r/g/b/c: 5454.2/3374.0/1933.7/9131.8, R/G/B: 17.0/19.0/27.0, bri 2468.0, match 1.00, ir 0.100684, conf 0.0, ts 69039388729365
04-26 11:50:58.397  1942  5779 D vendor.qti.bluetooth@1.0-wake_lock: Release wakelock is released 
04-26 11:50:58.423  2132  2175 D BatteryChargeControl: bcc get no support from charging protocol
04-26 11:50:58.424  2132  2188 E BatteryDamageDetect: BddVoltDiffCheck begins
04-26 11:50:58.424  2132  2188 E BatteryDamageDetect: volt diff trend not changed, volt_diff_trend = 0
04-26 11:50:58.453  1986  2522 I SDM     : DisplayBuiltIn::IdlePowerCollapse: IPC received, disabling partial update for one frame
04-26 11:50:58.564  5272  5272 D VendorWifiService: onEvent event:9,action:1
04-26 11:50:58.564  5272  5272 D VendorWifiService: onEvent event:19,action:1
04-26 11:50:58.566  3393  4643 D ScorerUtils: isLowTraffic: txTputKBps=4, rxTputKBps=2
04-26 11:50:58.566  3393  4643 D OplusWifiPower_TriggerCenter: mComponentCallback: wifistat
04-26 11:50:58.684  2086  2086 D SensorFeature: name=ssc_screenshot_info ,index = 22
04-26 11:50:58.684  2086  2086 D SensorFeature: write 37 bytes:69039398332843,69039752482062,42860,0
04-26 11:50:58.883  1955 30145 I sensors-hal: handle_oplus_wise_rgb_event:189, high_pwm_light:lux 59.9,cct 4480.9,brl/algo/ir 2468.0/2.0/94.9,pwm/dc 0.0/0.0,rgbc 5794.774414/3590.381592/2084.201904/9659.988281,ts 69039730130511,cnt 12307,flag 108396
04-26 11:50:58.968  5335  5766 D bluetooth: [storage_module.cc:140] operator(): flash content to file: /data/misc/bluedroid/bt_config.conf
04-26 11:50:58.968  5335  5776 I bluetooth: [storage_module.cc:165]  Finish SaveImmediately
04-26 11:50:58.973  5335  5766 D bluetooth: [storage_module.cc:142] operator(): flash done with result: true
04-26 11:50:58.986  2086  2086 D SensorFeature: name=ssc_screenshot_info ,index = 22
04-26 11:50:58.987  2086  2086 D SensorFeature: write 37 bytes:69039398332843,69040055486489,42861,0
04-26 11:50:58.996  1986  2522 I SDM     : DisplayBuiltIn::IdlePowerCollapse: IPC received, disabling partial update for one frame
04-26 11:50:59.004  1955 32118 I sensors-hal: qsh_conn_event_cb:756, event[0] msg_id=769, ts=1325661701340, sensor_type = tcs3720 Proximity Sensor Wakeup
04-26 11:50:59.004  1955 32118 I sensors-hal: handle_sns_client_event:104, prox_event: ts=69040072497699, raw_adc=1486, near_far=1, distance=0.000000, timestamp = 1325661701340
04-26 11:50:59.005  3393  4380 D SensorServiceUtils: sensorEventBufferFlagsHook send new event PROXIMITY = 0.000000
04-26 11:50:59.007  3393  3624 D ProximityEventHandler: MSG_PROXIMITY_CHANGED, event = ProximityEvent{event:NEAR id:0}
04-26 11:50:59.148  3393  3624 D OplusFeatureGameBrightness: lux = 17
04-26 11:50:59.229  5272  7536 D CommonApp-113-10511: transport layer data is invalid
04-26 11:50:59.229  5272  7536 D ScorePolicy: handleScoreChanged: []
04-26 11:50:59.229  5272  7536 D ScorePolicy: handleScoreChanged: []
04-26 11:50:59.229  5272  7536 D ScorePolicy: handleScoreChanged: []
04-26 11:50:59.285  8448  4892 I Nearby  : (REDACTED) Beginning attempt #%d out of %d for %s...
04-26 11:50:59.289  2086  2086 D SensorFeature: name=ssc_screenshot_info ,index = 22
04-26 11:50:59.289  8448  4892 I BluetoothAdapter: setScanMode(), mode: 23, called by: com.google.android.gms
04-26 11:50:59.289  2086  2086 D SensorFeature: write 37 bytes:69039398332843,69040357409770,42862,0
04-26 11:50:59.291  5335 18261 I OplusAdapterServiceExtImpl: oplusSetScanMode currentIac: NONE calling package is com.google.android.gms mode = 23
04-26 11:50:59.292  5335 18261 I OplusAdapterServiceExtImpl: oplusSetScanMode mNlManager.isNetworklessEnable() = false
04-26 11:50:59.293  5335 18261 I oplus_bt_dual_sync: [oplus_bt_dual_sync.cc:151] stack_down_sync_action: type=35, len=28
04-26 11:50:59.293  5335 18261 I oplus_bt_dual_sync: [oplus_bt_dual_sync.cc:390] stack_down_sync_action: featureID 0, scan_mode_iac is GIAC 
04-26 11:50:59.293  5335 18261 I OplusAdapterServiceExtImpl: oplusSetScanMode mNlManager.isNetworklessEnable is false or mOplusBluetoothPerformanceParamsConfig is null set default iac to GIAC
04-26 11:50:59.294  5335  5769 D bt_shim_hci: [hci_layer.cc:235] transmit_command: Sending command WRITE_CURRENT_IAC_LAP(0x0c3a)
04-26 11:50:59.294  1942  2060 D vendor.qti.bluetooth@1.0-ibs_handler: SerialClockVote: vote for UART CLK ON
04-26 11:50:59.295  1942  2060 D vendor.qti.bluetooth@1.0-wake_lock: Acquire wakelock is acquired 
04-26 11:50:59.295  1942  2060 I vendor.qti.bluetooth@1.0-ibs_handler: DeviceWakeUp: Writing IBS_WAKE_IND
04-26 11:50:59.301  5335  5769 D bt_shim_hci: [hci_layer.cc:235] transmit_command: Sending command WRITE_SCAN_ENABLE(0x0c1a)
04-26 11:50:59.301  5335  5769 D bt_shim_hci: [hci_layer.cc:235] transmit_command: Sending command WRITE_SCAN_ENABLE(0x0c1a)
04-26 11:50:59.301  1942  6436 I vendor.qti.bluetooth@1.0-ibs_handler: ProcessIbsCmd: Received IBS_WAKE_ACK: 0xFC
04-26 11:50:59.301  1942  6436 I vendor.qti.bluetooth@1.0-ibs_handler: ProcessIbsCmd: Signal wack_cond_
04-26 11:50:59.301  5335  6516 I AdapterProperties: adapterPropertyChangedCallback with type:7 len:4
04-26 11:50:59.301  1942  2060 D vendor.qti.bluetooth@1.0-ibs_handler: DeviceWakeUp: Unblocked from waiting for FC, pthread_cond_timedwait ret = 0
04-26 11:50:59.302  1942  6436 I vendor.qti.bluetooth@1.0-ibs_handler: ProcessIbsCmd: Received IBS_WAKE_IND: 0xFD
04-26 11:50:59.302  1942  6436 I vendor.qti.bluetooth@1.0-ibs_handler: ProcessIbsCmd: Writing IBS_WAKE_ACK
04-26 11:50:59.303  5335  5776 D bt_shim_hci: [hci_layer.cc:196] OnTransmitPacketCommandComplete: Received cmd complete for WRITE_CURRENT_IAC_LAP(0x0c3a)
04-26 11:50:59.303  5335  5769 E bt_btu_hcif: [btu_hcif.cc:1096] btu_hcif_hdl_command_complete: Command complete for opcode:0xc3a should not be handled here
04-26 11:50:59.304  5335  5776 D bt_shim_hci: [hci_layer.cc:196] OnTransmitPacketCommandComplete: Received cmd complete for WRITE_SCAN_ENABLE(0x0c1a)
04-26 11:50:59.305  5335  5776 D bt_shim_hci: [hci_layer.cc:196] OnTransmitPacketCommandComplete: Received cmd complete for WRITE_SCAN_ENABLE(0x0c1a)
04-26 11:50:59.306 20164 20164 D ReflectHelper:  newInstanceByConstructor : com.oplus.evolution.NetworklessManager
04-26 11:50:59.306 20164 20164 I BluetoothAdapter: setScanMode(), mode: 21, called by: com.oplus.wirelesssettings
04-26 11:50:59.307  5335 18261 I OplusAdapterServiceExtImpl: oplusSetScanMode currentIac: GIAC calling package is com.oplus.wirelesssettings mode = 21
04-26 11:50:59.308  5335 18261 I OplusAdapterServiceExtImpl: oplusSetScanMode mNlManager.isNetworklessEnable() = false
04-26 11:50:59.308  5335 18261 I oplus_bt_dual_sync: [oplus_bt_dual_sync.cc:151] stack_down_sync_action: type=35, len=28
04-26 11:50:59.308  5335 18261 I oplus_bt_dual_sync: [oplus_bt_dual_sync.cc:390] stack_down_sync_action: featureID 0, scan_mode_iac is GIAC 
04-26 11:50:59.308  5335 18261 I OplusAdapterServiceExtImpl: oplusSetScanMode mNlManager.isNetworklessEnable is false or mOplusBluetoothPerformanceParamsConfig is null set default iac to GIAC
04-26 11:50:59.311  5335  5769 D bt_shim_hci: [hci_layer.cc:235] transmit_command: Sending command WRITE_SCAN_ENABLE(0x0c1a)
04-26 11:50:59.312  5335  5769 D bt_shim_hci: [hci_layer.cc:235] transmit_command: Sending command WRITE_SCAN_ENABLE(0x0c1a)
04-26 11:50:59.312  5335  6516 I AdapterProperties: adapterPropertyChangedCallback with type:7 len:4
04-26 11:50:59.313  5335  5776 D bt_shim_hci: [hci_layer.cc:196] OnTransmitPacketCommandComplete: Received cmd complete for WRITE_SCAN_ENABLE(0x0c1a)
04-26 11:50:59.313  5335  5776 D bt_shim_hci: [hci_layer.cc:196] OnTransmitPacketCommandComplete: Received cmd complete for WRITE_SCAN_ENABLE(0x0c1a)
04-26 11:50:59.318  1986  2522 I SDM     : DisplayBuiltIn::IdlePowerCollapse: IPC received, disabling partial update for one frame
04-26 11:50:59.335  1986  2522 I SDM     : DisplayBuiltIn::IdlePowerCollapse: IPC received, disabling partial update for one frame
04-26 11:50:59.351  1986  2522 I SDM     : DisplayBuiltIn::IdlePowerCollapse: IPC received, disabling partial update for one frame
04-26 11:50:59.353  1942  6436 I vendor.qti.bluetooth@1.0-ibs_handler: ProcessIbsCmd: Received IBS_SLEEP_IND: 0xFE
04-26 11:50:59.354  1955 32118 I sensors-hal: qsh_conn_event_cb:756, event[0] msg_id=769, ts=1325668421292, sensor_type = tcs3720 Proximity Sensor Wakeup
04-26 11:50:59.354  1955 32118 I sensors-hal: handle_sns_client_event:104, prox_event: ts=69040422495199, raw_adc=142, near_far=0, distance=5.000000, timestamp = 1325668421292
04-26 11:50:59.355  3393  4380 D SensorServiceUtils: sensorEventBufferFlagsHook send new event PROXIMITY = 5.000000
04-26 11:50:59.368  1986  2522 I SDM     : DisplayBuiltIn::IdlePowerCollapse: IPC received, disabling partial update for one frame
04-26 11:50:59.385  1986  2522 I SDM     : DisplayBuiltIn::IdlePowerCollapse: IPC received, disabling partial update for one frame
04-26 11:50:59.405  1986  2522 I SDM     : DisplayBuiltIn::IdlePowerCollapse: IPC received, disabling partial update for one frame
04-26 11:50:59.413  1955 30145 I sensors-hal: handle_oplus_wise_rgb_event:189, high_pwm_light:lux 11.4,cct 5300.0,brl/algo/ir 2468.0/2.0/150.6,pwm/dc 0.0/0.0,rgbc 2564.354004/1472.598145/909.807495/3931.849365,ts 69040335305355,cnt 12317,flag 108398
04-26 11:50:59.418  1986  2522 I SDM     : DisplayBuiltIn::IdlePowerCollapse: IPC received, disabling partial update for one frame
04-26 11:50:59.424  2132  2188 E BatteryDamageDetect: BddVoltDiffCheck begins
04-26 11:50:59.424  2132  2175 D BatteryChargeControl: bcc get no support from charging protocol
04-26 11:50:59.424  2132  2188 E BatteryDamageDetect: volt diff trend not changed, volt_diff_trend = 0
04-26 11:50:59.563  1942  6443 I vendor.qti.bluetooth@1.0-ibs_handler: DeviceSleep: TX Awake, Sending SLEEP_IND
04-26 11:50:59.563  1942  6443 D vendor.qti.bluetooth@1.0-ibs_handler: SerialClockVote: vote for UART CLK OFF
04-26 11:50:59.582  3393  4389 V AlarmManager: sending alarm Alarm{239f476 type 1 origWhen 1777229459582 whenElapsed 69040651 android} uid 1000 whenElapsed 69040651 windowLength 0 maxWhenElapsed 69040651 repeatInterval 0 action null component null tag StorgaeBandInfoAlarmTag flags 0x9 procName system_server
04-26 11:50:59.582  3393 19256 E OplusStorageUFSBandwidth: storage_io_metrics_path is /proc/oplus_storage/io_metrics/forever/
04-26 11:50:59.583  3393 19256 E OplusStorageUFSBandwidth: Bandwidth - Read: 0.50 MB/s, Write: 0.00 MB/s
04-26 11:50:59.583  3393 19256 E OplusStorageUFSBandwidth: Task time: 1ms
04-26 11:50:59.588  3393 19256 E OplusStorageUFSBandwidth: Alarm set to trigger in 10 seconds
04-26 11:50:59.592  2086  2086 D SensorFeature: name=ssc_screenshot_info ,index = 22
04-26 11:50:59.592  2086  2086 D SensorFeature: write 37 bytes:69039398332843,69040660355447,42863,0
04-26 11:50:59.606  8368 26596 D gaia-GaiaConnectChecker: start connect check++
04-26 11:50:59.606  8368  8772 D gaia-GaiaConnectChecker: start connect check++
04-26 11:50:59.609  1999  2144 E PERFHAL-PERFCTRL: PERFHAL-PERFCTRL: chk_core_online_poll_loop() 748: poll() has timed out for /sys/kernel/msm_performance/events/cpu_hotplug
04-26 11:50:59.609  1999  2144 E PERFHAL-PERFCTRL: PERFHAL-PERFCTRL: chk_core_online_poll_loop() 743: Block on poll()
04-26 11:50:59.677  3393  4380 D FusionLightNextGen: process end reported = 1, mode: 0, cnt: 154785, lux 18.9, cct -1.0, r/g/b/c: 2408.1/1403.6/851.8/3658.3, R/G/B: 17.0/19.0/27.0, bri 2468.0, match 1.00, ir 0.184235, conf 0.0, ts 69040642388740
04-26 11:50:59.714  1942  5779 D vendor.qti.bluetooth@1.0-wake_lock: Release wakelock is released 
04-26 11:50:59.802  3153  3153 I OplusTouchDaemon: ts_run_service: shellback temperature updated 28 (28548)
04-26 11:50:59.808  8448  4892 E NearbyMediums: MEDIUM_ERROR [SYSTEM][BLUETOOTH][START_ADVERTISING][START_ADVERTISING_FAILED][TIMEOUT], service-id=com.andrerinas.hurev
04-26 11:50:59.809  8448  4892 I Nearby  : (REDACTED) Failed attempt #%d out of %d for %s
04-26 11:50:59.809  8448  4892 I Nearby  : java.lang.RuntimeException: Failed to set Bluetooth scan mode to 23
04-26 11:50:59.809  8448  4892 I Nearby  : 	at donj.run(:com.google.android.gms@261631035@26.16.31 (260400-900800821):249)
04-26 11:50:59.809  8448  4892 I Nearby  : 	at immx.call(:com.google.android.gms@261631035@26.16.31 (260400-900800821):3)
04-26 11:50:59.809  8448  4892 I Nearby  : 	at imna.a(:com.google.android.gms@261631035@26.16.31 (260400-900800821):39)
04-26 11:50:59.809  8448  4892 I Nearby  : 	at imna.b(:com.google.android.gms@261631035@26.16.31 (260400-900800821):6)
04-26 11:50:59.809  8448  4892 I Nearby  : 	at donk.c(:com.google.android.gms@261631035@26.16.31 (260400-900800821):30)
04-26 11:50:59.809  8448  4892 I Nearby  : 	at donk.a(:com.google.android.gms@261631035@26.16.31 (260400-900800821):36)
04-26 11:50:59.809  8448  4892 I Nearby  : 	at dots.j(:com.google.android.gms@261631035@26.16.31 (260400-900800821):54)
04-26 11:50:59.809  8448  4892 I Nearby  : 	at dotw.o(:com.google.android.gms@261631035@26.16.31 (260400-900800821):36)
04-26 11:50:59.809  8448  4892 I Nearby  : 	at dotw.a(:com.google.android.gms@261631035@26.16.31 (260400-900800821):602)
04-26 11:50:59.809  8448  4892 I Nearby  : 	at donp.c(:com.google.android.gms@261631035@26.16.31 (260400-900800821):116)
04-26 11:50:59.809  8448  4892 I Nearby  : 	at djvh.h(:com.google.android.gms@261631035@26.16.31 (260400-900800821):502)
04-26 11:50:59.809  8448  4892 I Nearby  : 	at dkfh.E(:com.google.android.gms@261631035@26.16.31 (260400-900800821):235)
04-26 11:50:59.809  8448  4892 I Nearby  : 	at dkan.call(:com.google.android.gms@261631035@26.16.31 (260400-900800821):132)
04-26 11:50:59.809  8448  4892 I Nearby  : 	at java.util.concurrent.FutureTask.run(FutureTask.java:317)
04-26 11:50:59.809  8448  4892 I Nearby  : 	at bjwm.c(:com.google.android.gms@261631035@26.16.31 (260400-900800821):50)
04-26 11:50:59.809  8448  4892 I Nearby  : 	at bjwm.run(:com.google.android.gms@261631035@26.16.31 (260400-900800821):66)
04-26 11:50:59.809  8448  4892 I Nearby  : 	at java.util.concurrent.ThreadPoolExecutor.runWorker(ThreadPoolExecutor.java:1154)
04-26 11:50:59.809  8448  4892 I Nearby  : 	at java.util.concurrent.ThreadPoolExecutor$Worker.run(ThreadPoolExecutor.java:652)
04-26 11:50:59.809  8448  4892 I Nearby  : 	at bkcd.run(:com.google.android.gms@261631035@26.16.31 (260400-900800821):8)
04-26 11:50:59.809  8448  4892 I Nearby  : 	at java.lang.Thread.run(Thread.java:1563)
04-26 11:50:59.844  1955 32118 I sensors-hal: qsh_conn_event_cb:756, event[0] msg_id=769, ts=1325677828755, sensor_type = tcs3720 Proximity Sensor Wakeup
04-26 11:50:59.844  1955 32118 I sensors-hal: handle_sns_client_event:104, prox_event: ts=69040912467230, raw_adc=646, near_far=1, distance=0.000000, timestamp = 1325677828755
04-26 11:50:59.845  3393  4380 D SensorServiceUtils: sensorEventBufferFlagsHook send new event PROXIMITY = 0.000000
04-26 11:50:59.895  2086  2086 D SensorFeature: name=ssc_screenshot_info ,index = 22
04-26 11:50:59.895  2086  2086 D SensorFeature: write 37 bytes:69039398332843,69040962676749,42864,0
04-26 11:50:59.943  1955 30145 I sensors-hal: handle_oplus_wise_rgb_event:189, high_pwm_light:lux 12.5,cct 5300.0,brl/algo/ir 2468.0/2.0/140.9,pwm/dc 0.0/0.0,rgbc 2051.995605/1250.969604/770.551270/3192.819580,ts 69040941078949,cnt 12327,flag 108400
04-26 11:50:59.962  1986  2522 I SDM     : DisplayBuiltIn::IdlePowerCollapse: IPC received, disabling partial update for one frame
04-26 11:51:00.000  3393  4389 V AlarmManager: sending alarm Alarm{ffcb8b9 type 3 origWhen 69041069 whenElapsed 69041069 android} uid 1000 whenElapsed 69041069 windowLength 0 maxWhenElapsed 69041069 repeatInterval 0 action null component null tag TIME_TICK flags 0x9 procName system_server
04-26 11:51:00.003  4925  4925 W OPLUS_LOG_LOAD: ==LOGS PROG INFO, prog(com.android.systemui) ==
04-26 11:51:00.003  4925  4925 I SystemUi--SystemUi--: Clock-->smallTime: 11:51
04-26 11:51:00.003  4925  4925 I SystemUi--SystemUi--: Clock-->smallTime: 11:51
04-26 11:51:00.004  4925  4925 I SystemUi--SystemUi--: Clock-->smallTime: 11:51
04-26 11:51:00.006  5272  5272 D SubsysBroadcastManager: onReceive action:android.intent.action.TIME_TICK
04-26 11:51:00.006  5075  5716 D AMC     : [TriggerSystem] handleLoopTick trigger:vowifihandover phoneId:0 voWifiHandoverCount:0
04-26 11:51:00.007  5075  5716 D AMC     : [TriggerSystem] handleLoopTick trigger:vowifihandover phoneId:1 voWifiHandoverCount:0
04-26 11:51:00.007  3393  3624 D OplusDisplayBrightnessBroadcastReceiver: onReceive action = android.intent.action.TIME_TICK , listeners = [com.android.server.display.feature.ambience.events.event.TimeEvent$TimeChangeReceiver@129165e, com.android.server.display.color.eyeprotect.manager.AiCurveManager$RhythmBroadcastReceiverWithUpgradeUI@e035a3f]
04-26 11:51:00.017  5949 23681 D PhoneUsageTime: lastChargeFullTime=1777229400008 LastChargeFullDurationTime=4493542
04-26 11:51:00.021  4925  4925 I SystemUi--Statusbar: QsClock-->textWidth:73.0, mPaddingEnd 16, dynamicWidth 43, systemFontScale 1.15
04-26 11:51:00.026  8448  8554 I cn_CronetUrlRequestContext: destroyNativeStreamLocked org.chromium.net.impl.CronetBidirectionalStream@de020b4
04-26 11:51:00.109  1986  2522 I SDM     : DisplayBuiltIn::IdlePowerCollapse: IPC received, disabling partial update for one frame
04-26 11:51:00.167  1958 30234 I WifiHAL : event received NL80211_CMD_VENDOR, vendor_id = 0x1374, subcmd = 0xd
04-26 11:51:00.168  3037 30239 D LOWI-9.0.1.118: [LOWI-Scan] wait_event:Wait done with Cmd 103
04-26 11:51:00.168  3037 30239 D LOWI-9.0.1.118: [LOWI-Scan] do_listen_events: Rcvd valid Netlink Cmd 0 Err 0
04-26 11:51:00.168  2995  2995 I cnss-daemon: nl80211 response handler invoked
04-26 11:51:00.168  2995  2995 I cnss-daemon: nl80211_response_handler: cmd 103, vendorID 4980, subcmd 13  received
04-26 11:51:00.239  2086  2086 D SensorFeature: name=ssc_screenshot_info ,index = 22
04-26 11:51:00.240  2086  2086 D SensorFeature: write 37 bytes:69041256847478,69041308410447,42865,0
04-26 11:51:00.244  1986  2522 I SDM     : DisplayBuiltIn::IdlePowerCollapse: IPC received, disabling partial update for one frame
04-26 11:51:00.252  5272  7536 D CommonApp-113-10511: transport layer data is invalid
04-26 11:51:00.252  5272  7536 D ScorePolicy: handleScoreChanged: []
04-26 11:51:00.252  5272  7536 D ScorePolicy: handleScoreChanged: []
04-26 11:51:00.252  5272  7536 D ScorePolicy: handleScoreChanged: []
04-26 11:51:00.425  2132  2188 E BatteryDamageDetect: BddVoltDiffCheck begins
04-26 11:51:00.425  2132  2188 E BatteryDamageDetect: volt diff trend not changed, volt_diff_trend = 0
04-26 11:51:00.426  2132  2175 D BatteryChargeControl: bcc get no support from charging protocol
04-26 11:51:00.474  1955 30145 I sensors-hal: handle_oplus_wise_rgb_event:189, high_pwm_light:lux 27.0,cct 5300.0,brl/algo/ir 2468.0/2.0/117.8,pwm/dc 0.0/0.0,rgbc 4378.103027/2733.417969/1654.828491/7045.769043,ts 69041314969001,cnt 12337,flag 108401
04-26 11:51:00.543  2086  2086 D SensorFeature: name=ssc_screenshot_info ,index = 22
04-26 11:51:00.543  2086  2086 D SensorFeature: write 37 bytes:69041256847478,69041610588467,42866,0
04-26 11:51:00.581  5272  5272 D VendorWifiService: onEvent event:9,action:1
04-26 11:51:00.588  3393  4643 D ScorerUtils: isLowTraffic: txTputKBps=1, rxTputKBps=0
04-26 11:51:00.590  3393  4643 D OplusWifiResidenceRecognition: No available relateBssidList
04-26 11:51:00.608  3393  4232 D osense.compress: com.google.android.apps.magazines do shrink, target ratio = 90, final ratio = 90, cur ratio = 88
04-26 11:51:00.785  5272  7598 D NetworkService[0]: getIfIndexByNetid netId:113,ifName:wlan0,ifIndex:27
04-26 11:51:00.785  5075  5568 D DnsDomainBlock: onDnsEvent: latencyMs=27, returnCode=0, uid=10154
04-26 11:51:00.796  8874  8977 E Datadog : [_dd.sdk_core.default]: Unable to find host for site US1; we will retry later.
04-26 11:51:00.797  8874  8977 E Datadog : 
04-26 11:51:00.797  8874  8977 W Datadog : [_dd.sdk_core.default]: Batch 8e4db3b4-001d-4432-84e3-7fdd44d2716f [2895 bytes] (Logs Request) failed because of a DNS error (java.net.UnknownHostException: Unable to resolve host "browser-intake-datadoghq.com": No address associated with hostname); we will retry later. This request was attempted 61 time(s).
04-26 11:51:00.797  5075  5568 D DnsDomainBlock: onDnsEvent: latencyMs=0, returnCode=4, uid=10385
04-26 11:51:00.810  8448  4892 I Nearby  : (REDACTED) Beginning attempt #%d out of %d for %s...
04-26 11:51:00.813  8448  4892 I BluetoothAdapter: setScanMode(), mode: 23, called by: com.google.android.gms
04-26 11:51:00.815  5335 18261 I OplusAdapterServiceExtImpl: oplusSetScanMode currentIac: NONE calling package is com.google.android.gms mode = 23
04-26 11:51:00.816  5335 18261 I OplusAdapterServiceExtImpl: oplusSetScanMode mNlManager.isNetworklessEnable() = false
04-26 11:51:00.817  5335 18261 I oplus_bt_dual_sync: [oplus_bt_dual_sync.cc:151] stack_down_sync_action: type=35, len=28
04-26 11:51:00.818  5335 18261 I oplus_bt_dual_sync: [oplus_bt_dual_sync.cc:390] stack_down_sync_action: featureID 0, scan_mode_iac is GIAC 
04-26 11:51:00.818  5335 18261 I OplusAdapterServiceExtImpl: oplusSetScanMode mNlManager.isNetworklessEnable is false or mOplusBluetoothPerformanceParamsConfig is null set default iac to GIAC
04-26 11:51:00.818  5335  5769 D bt_shim_hci: [hci_layer.cc:235] transmit_command: Sending command WRITE_CURRENT_IAC_LAP(0x0c3a)
04-26 11:51:00.819  1942  2060 D vendor.qti.bluetooth@1.0-ibs_handler: SerialClockVote: vote for UART CLK ON
04-26 11:51:00.820  1942  2060 D vendor.qti.bluetooth@1.0-wake_lock: Acquire wakelock is acquired 
04-26 11:51:00.820  1942  2060 I vendor.qti.bluetooth@1.0-ibs_handler: DeviceWakeUp: Writing IBS_WAKE_IND
04-26 11:51:00.825  5335  5769 D bt_shim_hci: [hci_layer.cc:235] transmit_command: Sending command WRITE_SCAN_ENABLE(0x0c1a)
04-26 11:51:00.825  5335  5769 D bt_shim_hci: [hci_layer.cc:235] transmit_command: Sending command WRITE_SCAN_ENABLE(0x0c1a)
04-26 11:51:00.825  5335  6516 I AdapterProperties: adapterPropertyChangedCallback with type:7 len:4
04-26 11:51:00.825  1942  6436 I vendor.qti.bluetooth@1.0-ibs_handler: ProcessIbsCmd: Received IBS_WAKE_ACK: 0xFC
04-26 11:51:00.826  1942  6436 I vendor.qti.bluetooth@1.0-ibs_handler: ProcessIbsCmd: Signal wack_cond_
