04-26 11:50:51.716  3635  3635 D IndicatorGardenInputProperties: Set cutout=DisplayCutout{insets=Rect(0, 99 - 0, 0) waterfall=Insets{left=0, top=0, right=0, bottom=0} boundingRect={Bounds=[Rect(0, 0 - 0, 0), Rect(505, 0 - 575, 99), Rect(0, 0 - 0, 0), Rect(0, 0 - 0, 0)]} cutoutPathParserInfo={CutoutPathParserInfo{displayWidth=1080 displayHeight=2340 physicalDisplayWidth=1080 physicalDisplayHeight=2340 density={3.0} cutoutSpec={M 0,0 M 0,29 a 35,35 0 1,0 0,70 a 35,35 0 1,0 0,-70 Z} rotation={0} scale={1.0} physicalPixelDisplaySizeRatio={1.0}}} sideOverrides={}}
04-26 11:50:51.716  1643  5613 D WindowManager: finishDrawing, postDrawTransaction=null, syncTransaction=null, pendingTransaction=syncBuffer_VRI[NavigationBar0]@aa0cee3#75_seqId<229>, w=Window{27be89 u0 NavigationBar0}
04-26 11:50:51.716  3635  3635 I FaceWidgetViewModel: onNioLayoutUpdated : left 62, right 62, total 99, top 28, bottom 0, containerStartX 434, containerEndX 428, iconSize 39, iconScaleRate 0.8759124
04-26 11:50:51.716  3635  3635 I FaceWidgetKeyguardNIOController: isNioContainerSizeValid availableWidth -6 currentWidth 126 isAvailableWidth false
04-26 11:50:51.716  3635  3635 I KeyguardNIOStatusBarController: updateIsValidWidth false
04-26 11:50:51.716  3635  3635 D IndicatorBasicGardener: PhoneStatusBarViewController update is done totalHeight=99  hasCameraTopMargin=true  cameraTopMargin=28  hasCameraBottomMargin=true  cameraBottomMargin=0  paddingLeft=62  paddingRight=62  maxWidthLeftContainer=428  maxWidthCenterContainer=100  maxWidthRightContainer=428 cutout=DisplayCutout{insets=Rect(0, 99 - 0, 0) waterfall=Insets{left=0, top=0, right=0, bottom=0} boundingRect={Bounds=[Rect(0, 0 - 0, 0), Rect(505, 0 - 575, 99), Rect(0, 0 - 0, 0), Rect(0, 0 - 0, 0)]} cutoutPathParserInfo={CutoutPathParserInfo{displayWidth=1080 displayHeight=2340 physicalDisplayWidth=1080 physicalDisplayHeight=2340 density={3.0} cutoutSpec={M 0,0 M 0,29 a 35,35 0 1,0 0,70 a 35,35 0 1,0 0,-70 Z} rotation={0} scale={1.0} physicalPixelDisplaySizeRatio={1.0}}} sideOverrides={}}
04-26 11:50:51.717  3635  3635 I BLASTBufferQueue_Java: update, w= 1080 h= 99 mName = VRI[StatusBar]@607ee91 mNativeObject= 0xb40000794859dca0 sc.mNativeObject= 0xb4000078484e2890 format= -3 caller= android.view.ViewRootImpl.updateBlastSurfaceIfNeeded:3574 android.view.ViewRootImpl.relayoutWindow:11685 android.view.ViewRootImpl.performTraversals:4804 android.view.ViewRootImpl.doTraversal:3924 android.view.ViewRootImpl$TraversalRunnable.run:12903 android.view.Choreographer$CallbackRecord.run:1901 
04-26 11:50:51.717  1643 12893 I WindowManager: Relayout Window{94eacf6 u0 StatusBar}: viewVisibility=0 req=1080x99 ty=2000 d0
04-26 11:50:51.717  3635  3635 I VRI[StatusBar]@607ee91: Relayout returned: old=(0,0,1080,99) new=(0,0,1080,99) relayoutAsync=true req=(1080,99)0 dur=0 res=0x0 s={true 0xb400007898641580} ch=false seqId=0
04-26 11:50:51.717  1643 12893 D SurfaceComposerClient: setCornerRadius ## 2ec2b6 com.sec.android.app.launcher/com.sec.android.app.launcher.activities.LauncherActivity#134 cornerRadius=0.000000
04-26 11:50:51.717  3635  3635 D VRI[StatusBar]@607ee91: mThreadedRenderer.updateSurface() mSurface={isValid=true 0xb400007898641580}
04-26 11:50:51.717  3635  3635 D {OngoingChipAdapter}: updateEnableMaxWidth : 1831 -:> 320
04-26 11:50:51.717  1643 12893 V WindowManager: performShowLocked: mDrawState=HAS_DRAWN in Window{27be89 u0 NavigationBar0}
04-26 11:50:51.717  1643 12893 D SurfaceComposerClient: setCornerRadius ## 2ec2b6 com.sec.android.app.launcher/com.sec.android.app.launcher.activities.LauncherActivity#134 cornerRadius=0.000000
04-26 11:50:51.718  3635  3635 D VRI[StatusBar]@607ee91: Setup new sync=wmsSync-VRI[StatusBar]@607ee91#77
04-26 11:50:51.718  3635  3635 I VRI[StatusBar]@607ee91: Creating new active sync group VRI[StatusBar]@607ee91#78
04-26 11:50:51.718  3635  3635 D VRI[StatusBar]@607ee91: registerCallbacksForSync syncBuffer=false
04-26 11:50:51.719  1643 12893 I WindowManager: Relayout hash=94eacf6, pid=0, syncId=-1: mAttrs={(0,0)(fillx99) gr=TOP CENTER_VERTICAL sim={adjust=pan} layoutInDisplayCutoutMode=always ty=STATUS_BAR fmt=TRANSLUCENT
04-26 11:50:51.719  1643 12893 I WindowManager:   fl=81000008
04-26 11:50:51.719  1643 12893 I WindowManager:   pfl=11000000
04-26 11:50:51.719  1643 12893 I WindowManager:   bhv=1
04-26 11:50:51.719  1643 12893 I WindowManager:   providedInsets:
04-26 11:50:51.719  1643 12893 I WindowManager:     InsetsFrameProvider: {id=#371b0000, index=0, type=statusBars, source=FRAME, flags=[], insetsSize=Insets{left=0, top=99, right=0, bottom=0}}
04-26 11:50:51.719  1643 12893 I WindowManager:     InsetsFrameProvider: {id=#371b0006, index=0, type=tappableElement, source=FRAME, flags=[], insetsSize=Insets{left=0, top=99, right=0, bottom=0}}
04-26 11:50:51.719  1643 12893 I WindowManager:     InsetsFrameProvider: {id=#371b0005, index=0, type=mandatorySystemGestures, source=FRAME, flags=[], mMinimalInsetsSizeInDisplayCutoutSafe=Insets{left=0, top=36, right=0, bottom=0}}
04-26 11:50:51.719  1643 12893 I WindowManager:   frameRateBoostOnTouch=true
04-26 11:50:51.719  1643 12893 I WindowManager:   dvrrWindowFrameRateHint=true
04-26 11:50:51.719  1643 12893 I WindowManager:   paramsForRotation:
04-26 11:50:51.719  1643 12893 I WindowManager:     ROTATION_0={(0,0)(fillx99) gr=TOP CENTER_VERTICAL layoutInDisplayCutoutMode=always ty=STATUS_BAR fmt=TRANSLUCENT
04-26 11:50:51.719  1643 12893 I WindowManager:       fl=80000008
04-26 11:50:51.719  1643 12893 I WindowManager:       pfl=11000000
04-26 11:50:51.719  1643 12893 I WindowManager:       bhv=1
04-26 11:50:51.719  1643 12893 I WindowManager:       providedInsets:
04-26 11:50:51.719  1643 12893 I WindowManager:         InsetsFrameProvider: {id=#371b0000, index=0, type=statusBars, source=FRAME, flags=[], insetsSize=Insets{left=0, top=99, right=0, bottom=0}}
04-26 11:50:51.719  1643 12893 I WindowManager:         InsetsFrameProvider: {id=#371b0006, index=0, type=tappableElement, source=FRAME, flags=[], insetsSize=Insets{left=0, top=99, right=0, bottom=0}}
04-26 11:50:51.719  1643 12893 I WindowManager:         InsetsFrameProvider: {id=#371b0005, index=0, type=mandatorySystemGestures, source=FRAME, flags=[], insetsSize=Insets{left=0, top=99, right=0, bottom=0}, mMinimalInsetsSizeInDisplayCutoutSafe=Insets{left=0, top=36, right=0, bottom=0}}
04-26 11:50:51.719  1643 12893 I WindowManager:       frameRateBoostOnTouch=true
04-26 11:50:51.719  1643 12893 I WindowManager:       dvrrWindowFrameRateHint=true naviIconColor=0}
04-26 11:50:51.719  1643 12893 I WindowManager:     ROTATION_90={(0,0)(fillx90) gr=TOP CENTER_VERTICAL layoutInDisplayCutoutMode=always ty=STATUS_BAR fmt=TRANSLUCENT
04-26 11:50:51.719  1643 12893 I WindowManager:       fl=80000008
04-26 11:50:51.719  1643 12893 I WindowManager:       pfl=11000000
04-26 11:50:51.719  1643 12893 I WindowManager:       bhv=1
04-26 11:50:51.719  1643 12893 I WindowManager:       providedInsets:
04-26 11:50:51.719  1643 12893 I WindowManager:         InsetsFrameProvider: {id=#371b0000, index=0, type=statusBars, source=FRAME, flags=[], insetsSize=Insets{left=0, top=90, right=0, bottom=0}}
04-26 11:50:51.719  1643 12893 I WindowManager:         InsetsFrameProvider: {id=#371b0006, index=0, type=tappableElement, source=FRAME, flags=[], insetsSize=Insets{left=0, top=90, right=0, bottom=0}}
04-26 11:50:51.719  1643 12893 I WindowManager:         InsetsFrameProvider: {id=#371b0005, index=0, type=mandatorySystemGestures, source=FRAME, flags=[], insetsSize=Insets{left=0, top=90, right=0, bottom=0}, mMinimalInsetsSizeInDisplayCutoutSafe=Insets{left=0, top=36, right=0, bottom=0}}
04-26 11:50:51.719  1643 12893 I WindowManager:       frameRateBoostOnTouch=true
04-26 11:50:51.719  1643 12893 I WindowManager:       dvrrWindowFrameRateHint=true naviIconColor=0}
04-26 11:50:51.719  1643 12893 I WindowManager:     ROTATION_180={(0,0)(fillx99) gr=TOP CENTER_VERTICAL layoutInDisplayCutoutMode=always ty=STATUS_BAR fmt=TRANSLUCENT
04-26 11:50:51.719  1643 12893 I WindowManager:       fl=80000008
04-26 11:50:51.719  1643 12893 I WindowManager:       pfl=11000000
04-26 11:50:51.719  1643 12893 I WindowManager:       bhv=1
04-26 11:50:51.719  1643 12893 I WindowManager:       providedInsets:
04-26 11:50:51.719  1643 12893 I WindowManager:         InsetsFrameProvider: {id=#371b0000, index=0, type=statusBars, source=FRAME, flags=[], insetsSize=Insets{left=0, top=99, right=0, bottom=0}}
04-26 11:50:51.719  1643 12893 I WindowManager:         InsetsFrameProvider: {id=#371b0006, index=0, type=tappableElement, source=FRAME, flags=[], insetsSize=Insets{left=0, top=99, right=0, bottom=0}}
04-26 11:50:51.719  1643 12893 I WindowManager:         InsetsFrameProvider: {id=#371b0005, index=0, type=mandatorySystemGestures, source=FRAME, flags=[], insetsSize=Insets{left=0, top=99, right=0, bottom=0}, mMinimalInsetsSizeInDisplayCutoutSafe=Insets{left=0, top=36, right=0, bottom=0}}
04-26 11:50:51.719  1643 12893 I WindowManager:       frameRateBoostOnTouch=true
04-26 11:50:51.719  1643 12893 I WindowManager:       dvrrWindowFrameRateHint=true naviIconColor=0}
04-26 11:50:51.719  1643 12893 I WindowManager:     ROTATION_270={(0,0)(fillx90) gr=TOP CENTER_VERTICAL layoutInDisplayCutoutMode=always ty=STATUS_BAR fmt=TRANSLUCENT
04-26 11:50:51.719  1643 12893 I WindowManager:       fl=80000008
04-26 11:50:51.719  1643 12893 I WindowManager:       pfl=11000000
04-26 11:50:51.719  1643 12893 I WindowManager:       bhv=1
04-26 11:50:51.719  1643 12893 I WindowManager:       providedInsets:
04-26 11:50:51.719  1643 12893 I WindowManager:         InsetsFrameProvider: {id=#371b0000, index=0, type=statusBars, source=FRAME, flags=[], insetsSize=Insets{left=0, top=90, right=0, bottom=0}}
04-26 11:50:51.719  1643 12893 I WindowManager:         InsetsFrameProvider: {id=#371b0006, index=0, type=tappableElement, source=FRAME, flags=[], insetsSize=Insets{left=0, top=90, right=0, bottom=0}}
04-26 11:50:51.719  1643 12893 I WindowManager:         InsetsFrameProvider: {id=#371b0005, index=0, type=mandatorySystemGestures, source=FRAME, flags=[], insetsSize=Insets{left=0, top=90, right=0, bottom=0}, mMinimalInsetsSizeInDisplayCutoutSafe=Insets{left=0, top=36, right=0, bottom=0}}
04-26 11:50:51.719  1643 12893 I WindowManager:       frameRateBoostOnTouch=true
04-26 11:50:51.719  1643 12893 I WindowManager:       dvrrWindowFrameRateHint=true naviIconColor=0} naviIconColor=0}
04-26 11:50:51.719  3635  3736 D VRI[StatusBar]@607ee91: Received frameDrawingCallback syncResult=0 frameNum=17519.
04-26 11:50:51.719  3635  3736 I VRI[StatusBar]@607ee91: mWNT: t=0xb4000079086b73d0 mBlastBufferQueue=0xb40000794859dca0 fn= 17519 HdrRenderState mRenderHdrSdrRatio=1.0 caller= android.view.ViewRootImpl$12.onFrameDraw:15441 android.view.ThreadedRenderer$1.onFrameDraw:718 <bottom of call stack> 
04-26 11:50:51.719  3635  3736 I VRI[StatusBar]@607ee91: Setting up sync and frameCommitCallback
04-26 11:50:51.721  3635  3739 I VRI[StatusBar]@607ee91: Received frameCommittedCallback lastAttemptedDrawFrameNum=17519 didProduceBuffer=true
04-26 11:50:51.721  4074  4074 I HoneySpace.EdgePanel.EdgeVisibilityRepository: getComputedTrayVisible : keyguardState = 1
04-26 11:50:51.721  3635  3635 D VRI[StatusBar]@607ee91: reportDrawFinished seqId=0
04-26 11:50:51.721  4074  4074 I HoneySpace.EdgePanel.EdgeVisibilityRepository: updateTrayVisible: State = 0x1, visible = true, current containerState = 4, specificMode = 0
04-26 11:50:51.721  4074  4074 I HoneySpace.EdgePanel.EdgeContainerViewModel: containerState current 4 new 0
04-26 11:50:51.721  4074  4074 I HoneySpace.EdgePanel.EdgePot: Container state 0
04-26 11:50:51.721  3635  3635 W KeyguardSecurityViewFlipper: onMeasure: widthSpec MeasureSpec: EXACTLY 609 should be AT_MOST
04-26 11:50:51.721  3635  3635 W KeyguardSecurityViewFlipper: onMeasure: heightSpec MeasureSpec: EXACTLY 0 should be AT_MOST
04-26 11:50:51.721  1643 12893 D WindowManager: finishDrawingWindow: Window{94eacf6 u0 StatusBar} mDrawState=DRAW_PENDING seqId=0
04-26 11:50:51.721  1643 12893 I WindowManager: finishDrawing of orientation change: Window{94eacf6 u0 StatusBar} 76ms
04-26 11:50:51.721  1643 12893 D AsyncRotation_WindowManager: handleFinishDrawing Window{94eacf6 u0 StatusBar}
04-26 11:50:51.721  1643 12893 D AsyncRotation_WindowManager: Complete directly Window{94eacf6 u0 StatusBar}
04-26 11:50:51.721  1643 12893 D AsyncRotation_WindowManager: finishOp fade-in Window{94eacf6 u0 StatusBar}
04-26 11:50:51.721  3635  3635 W KeyguardSecurityViewFlipper: onMeasure: widthSpec MeasureSpec: EXACTLY 609 should be AT_MOST
04-26 11:50:51.721  3635  3635 W KeyguardSecurityViewFlipper: onMeasure: heightSpec MeasureSpec: EXACTLY 0 should be AT_MOST
04-26 11:50:51.721  1643 12893 D WindowManager: fadeWindowToken, show=true, animationType=token_transform, topWindow=Window{94eacf6 u0 StatusBar}, token=WindowToken{a5563b8 type=2000 android.os.BinderProxy@8875d15}, caller=com.android.server.wm.AsyncRotationController.finishOp:116 com.android.server.wm.DisplayContent.finishAsyncRotation:135 com.android.server.wm.WindowState.finishDrawing:617 com.android.server.wm.Session.finishDrawing:127 android.view.IWindowSession$Stub.onTransact:894 
04-26 11:50:51.721  1643 12893 I WindowManager: Cancelling animation restarting=true, leash=Surface(name=Surface(name=WindowToken{a5563b8 type=2000 android.os.BinderProxy@8875d15})/@0xcfded5 - animation-leash of token_transform)/@0xbd3e26b
04-26 11:50:51.721  1643 12893 I WindowManager: Reparenting to original parent: Surface(name=Leaf:15:15)/@0xfaa3811, destroy=false, surface=Surface(name=WindowToken{a5563b8 type=2000 android.os.BinderProxy@8875d15})/@0xcfded5
04-26 11:50:51.722  1643 12893 I WindowManager: Reparenting to leash, surface=Surface(name=WindowToken{a5563b8 type=2000 android.os.BinderProxy@8875d15})/@0xcfded5, leashParent=Surface(name=Leaf:15:15)/@0xfaa3811
04-26 11:50:51.722  1430  2961 I SurfaceFlinger: id=14209 createSurf, flag=24004, Surface(name=WindowToken{a5563b8 type=2000 android.os.BinderProxy@8875d15})/@0xcfded5 - animation-leash of token_transform#14209
04-26 11:50:51.722  1430  1430 I SurfaceFlinger: [Surface(name=WindowToken{a5563b8 type=2000 android.os.BinderProxy@8875d15})/@0xcfded5 - animation-leash of token_transform#14209] attach to parent LayerHierarchy{RequestedLayerState{Leaf:15:15#17 parentId=16} 2 children}
04-26 11:50:51.722  3635  3635 D SystemUIService: SYSUI_RAM_OPTIMIZATION onTrimMemory=20
04-26 11:50:51.722  3635  3635 D CentralSurfaces: SYSUI_RAM_OPTIMIZATION onTrimMemory=20
04-26 11:50:51.722  3635  3635 D SystemUIService: SYSUI_RAM_OPTIMIZATION onTrimMemory=20
04-26 11:50:51.722  3635  3635 D CentralSurfaces: SYSUI_RAM_OPTIMIZATION onTrimMemory=20
04-26 11:50:51.722  1643 12893 D WindowManager: makeSurface duration=0 leash=Surface(name=Surface(name=WindowToken{a5563b8 type=2000 android.os.BinderProxy@8875d15})/@0xcfded5 - animation-leash of token_transform)/@0x1226c54
04-26 11:50:51.723  1643 12893 I SurfaceControlRegistry: show, t=syncBuffer_VRI[NavigationBar0]@aa0cee3#75_seqId<229> sc=Surface(name=WindowToken{a5563b8 type=2000 android.os.BinderProxy@8875d15})/@0xcfded5 - animation-leash of token_transform, caller=android.view.SurfaceControl$Transaction.show:3557 com.android.server.wm.WindowContainer.startAnimation:31 com.android.server.wm.WindowContainer.startAnimation:48 com.android.server.wm.FadeAnimationController.fadeWindowToken:107 com.android.server.wm.AsyncRotationController.finishOp:116 com.android.server.wm.DisplayContent.finishAsyncRotation:135 
04-26 11:50:51.723  3635  3739 D HWUI    : CacheManager::trimMemory(20)
04-26 11:50:51.723  1643 12893 D AsyncRotation_WindowManager: onAllCompleted
04-26 11:50:51.723  3635  3635 D SecVolume.VolumePanelStore: dispatch [ACTION_CONFIGURATION_CHANGED with [STATE_NO_DISPATCH], currentAction={isFromOutside : true}, currentState={activeStream=3(vol=600), stream=3(vol=600) } isSetupWizardComplete : true, isHasVibrator : true, isVoiceCapable : true, isMediaDefaultEnabled : true, activeStream : 3, timeOutControls : 0, iconTargetState : 2, stream : 3, cutoutHeight : 0, ringerModeInternal : 1, iconCurrentState : 2, timeOutControlsText : 0, earProtectLevel : 909, timeOut : 3000, pinDevice : 0, systemTimeNow : 54951378}
04-26 11:50:51.723  3635  3739 D HWUI    : CacheManager::trimMemory(20)
04-26 11:50:51.723  4074  4074 I HoneySpace.EdgePanel.EdgeWindowController: updateHandleWindow: 324 427 true
04-26 11:50:51.723  3635  3635 D SecVolume.ConfigurationWrapper: orientation has been changed!
04-26 11:50:51.723  3635  3635 D SecVolume.ConfigurationWrapper: this=[ nightMode=true, orientation=1, density=480, fontScale=1.0, locale=en_US, displayType=-1 ] / density=480, fontScale=1.0, locale=en_US, nightMode=true
04-26 11:50:51.723  3635  3635 D SecVolume.VolumePanelStore:   > New State : [STATE_NO_DISPATCH]
04-26 11:50:51.723  4074  4074 I HoneySpace.EdgePanel.EdgeWindowController: handleUpdateWindowParam
04-26 11:50:51.724  3635  3635 D QSClockBellTower: He is ready to ring the bell. (((QSClockBellSound - TimeText:11:50, TimeContentDescription:11:50 AM, DateText:Sun, April 26, ShortDateText:Sun, Apr 26, Demo:false)))
04-26 11:50:51.724  3635  3635 D QSClock : StatusBar clock=11:50 notifyTimeChanged(QSClockBellSound - TimeText:11:50, TimeContentDescription:11:50 AM, DateText:Sun, April 26, ShortDateText:Sun, Apr 26, Demo:false) clockVisibleByPolicy=true, clockVisibleByUser=true, visible=true, parent=android.widget.LinearLayout{a92e77 V.E...... ......ID 0,0-96,71 #7f0a069b app:id/left_clock_container} caller=com.android.systemui.statusbar.phone.fragment.CollapsedStatusBarFragment.animateShow:52 com.android.systemui.statusbar.phone.fragment.CollapsedStatusBarFragment.updateStatusBarVisibilitiesInner:230 com.android.systemui.statusbar.phone.fragment.CollapsedStatusBarFragment.updateStatusBarVisibilities:65 com.android.systemui.statusbar.phone.ongoingactivity.OngoingActivityController.updateParentViewVisibility:99 com.android.systemui.statusbar.phone.ongoingactivity.OngoingActivityController$configurationListener$1.onConfigChanged:26  
04-26 11:50:51.724  4074  4074 I HoneySpace.EdgePanel.EdgeWindowController: updateTouchRect: dynamicInputRegion=123162574@LastEvent=t=1777228958038Rect(25, 0 - 67, 324),Rect=Rect(25, 0 - 67, 324)
04-26 11:50:51.724  3635  3635 D QSClockBellTower: Everyone heard the bell. run(currentTime:1777229451723, getTime():Sun Apr 26 11:50:51 PDT 2026, getTimeZone():libcore.util.ZoneInfo[mDstSavings=3600000,mUseDst=true,mDelegate=[id="America/Los_Angeles",mRawOffset=-28800000,mEarliestRawOffset=-28378000,transitions=310]])
04-26 11:50:51.724  1643  5613 D TspStateManager: holeName: com.sec.android.app.launcher, direction: 2, startY: 427, endY: 751
04-26 11:50:51.724  1643  1709 I SurfaceControlRegistry: hide, t=syncBuffer_VRI[NavigationBar0]@aa0cee3#75_seqId<229> sc=WallpaperWindowToken{83ef74e showWhenLocked=false}, caller=android.view.SurfaceControl$Transaction.hide:3583 android.view.SurfaceControl$Transaction.setVisibility:3525 com.android.server.wm.WallpaperWindowToken.prepareSurfaces:36 com.android.server.wm.WindowContainer.prepareSurfaces:18 com.android.server.wm.WindowContainer.prepareSurfaces:18 com.android.server.wm.WindowContainer.prepareSurfaces:18 
04-26 11:50:51.725  1643  1709 I SurfaceControlRegistry: show, t=syncBuffer_VRI[NavigationBar0]@aa0cee3#75_seqId<229> sc=WallpaperWindowToken{1d7ea03 showWhenLocked=false}, caller=android.view.SurfaceControl$Transaction.show:3557 android.view.SurfaceControl$Transaction.setVisibility:3523 com.android.server.wm.WallpaperWindowToken.prepareSurfaces:36 com.android.server.wm.WindowContainer.prepareSurfaces:18 com.android.server.wm.WindowContainer.prepareSurfaces:18 com.android.server.wm.WindowContainer.prepareSurfaces:18 
04-26 11:50:51.725  1643  8066 D SemInputDeviceManager: setProperty: (0) CMD,GRIP_DATA,0,2,427,751
04-26 11:50:51.725  1643  1709 I SurfaceControlRegistry: apply, t=syncBuffer_VRI[NavigationBar0]@aa0cee3#75_seqId<229>, caller=android.view.SurfaceControl$Transaction.apply:3459 android.view.SurfaceControl$Transaction.apply:3447 android.view.SurfaceControl$Transaction.apply:3397 com.android.server.wm.WindowAnimator.animate:307 com.android.server.wm.WindowAnimator$$ExternalSyntheticLambda1.doFrame:14 android.view.Choreographer$CallbackRecord.run:1899 
04-26 11:50:51.725  1643  1709 I SurfaceComposerClient: setTransactionState with buffer. layerId: 108, bufferData(ID: 15612206128370, frameNumber: 6409, barrierFrameNumber: 6408)
04-26 11:50:51.725  1643  8066 D TspStateManager: wrote command: cmd=0,2,427,751, type=3
04-26 11:50:51.725  1643  2706 D SemInputDevice:TSP: SetPropertyTask: CMD,set_grip_data,0,2,427,751 [04-26 11:50:51.725]
04-26 11:50:51.725  3635  3635 I VRI[ScreenDecorOverlay]@36e4a59: Resizing android.view.ViewRootImpl@a88f0d0: frame = [0,0][1080,121] reportDraw = true forceLayout = false syncSeqId = -1
04-26 11:50:51.725  1430  2961 D SurfaceFlinger: [NavigationBar0$_3635#108] setTransactionState with buffer. bufferData(ID: 15612206128370, frameNumber: 6409, barrierFrameNumber: 6408)
04-26 11:50:51.726  1643  1709 D SurfaceComposerClient: setCornerRadius ## 2ec2b6 com.sec.android.app.launcher/com.sec.android.app.launcher.activities.LauncherActivity#134 cornerRadius=0.000000
04-26 11:50:51.726  1643  1709 V WindowManager: performShowLocked: mDrawState=HAS_DRAWN in Window{94eacf6 u0 StatusBar}
04-26 11:50:51.726  1643  1709 D SurfaceComposerClient: setCornerRadius ## 2ec2b6 com.sec.android.app.launcher/com.sec.android.app.launcher.activities.LauncherActivity#134 cornerRadius=0.000000
04-26 11:50:51.726  3635  3635 W Settings: Setting accessibility_reduce_transparency has moved from android.provider.Settings.System to android.provider.Settings.Global, returning read-only global URI.
04-26 11:50:51.726  3635  3635 D SystemUITextView: mOriginalFontSizeDp 26.0  com.android.systemui.widget.SystemUITextView{67c473e V.ED..... ......ID 0,0-0,0 #7f0a03d7 app:id/digit_text}
04-26 11:50:51.726  3635  3635 D SystemUITextView: onAttachedToWindow mAttrCount = 7
04-26 11:50:51.726  3635  3635 D WallpaperEventNotifier: sendUpdates: typesTobeNotified = [ | | | BACKGROUND | ]
04-26 11:50:51.726  3635  3635 D SystemUITextView: updateStyle() flag=0,200 : com.android.systemui.widget.SystemUITextView{67c473e V.ED..... ......ID 0,0-0,0 #7f0a03d7 app:id/digit_text}
04-26 11:50:51.726  3635  3635 D SFText  : clearAllTextEffect
04-26 11:50:51.726  3635  4191 I VRI[ScreenDecorOverlay]@36e4a59: handleResized, frames=ClientWindowFrames{frame=[0,0][1080,121] display=[0,0][1080,2340] parentFrame=[0,0][0,0]} displayId=0 dragResizing=false compatScale=1.0 frameChanged=false attachedFrameChanged=false configChanged=false displayChanged=false compatScaleChanged=false dragResizingChanged=false
04-26 11:50:51.727  3635  4191 I VRI[ScreenDecorOverlay]@36e4a59: handleResized mSyncSeqId = 256
04-26 11:50:51.727  3635  4191 D VRI[ScreenDecorOverlay]@36e4a59: reportNextDraw android.view.ViewRootImpl.handleResized:2983 android.view.ViewRootImpl.-$$Nest$mhandleResized:0 android.view.ViewRootImpl$ViewRootHandler.handleMessageImpl:8341 android.view.ViewRootImpl$ViewRootHandler.handleMessage:8301 android.os.Handler.dispatchMessage:110 
04-26 11:50:51.727  3635  3635 W Settings: Setting accessibility_reduce_transparency has moved from android.provider.Settings.System to android.provider.Settings.Global, returning read-only global URI.
04-26 11:50:51.727  3635  3635 D SystemUITextView: mOriginalFontSizeDp 9.0  com.android.systemui.widget.SystemUITextView{ec9aec V.ED..... ......ID 0,0-0,0 #7f0a0652 app:id/klondike_text}
04-26 11:50:51.727  3635  3635 D SystemUITextView: onAttachedToWindow mAttrCount = 7
04-26 11:50:51.727  3635  3635 D WallpaperEventNotifier: sendUpdates: typesTobeNotified = [ | | | BACKGROUND | ]
04-26 11:50:51.727  3635  3635 D SystemUITextView: updateStyle() flag=0,200 : com.android.systemui.widget.SystemUITextView{ec9aec V.ED..... ......ID 0,0-0,0 #7f0a0652 app:id/klondike_text}
04-26 11:50:51.727  3635  3635 D SFText  : clearAllTextEffect
04-26 11:50:51.727  3635  3635 W Settings: Setting accessibility_reduce_transparency has moved from android.provider.Settings.System to android.provider.Settings.Global, returning read-only global URI.
04-26 11:50:51.727  3635  3635 D SystemUITextView: mOriginalFontSizeDp 26.0  com.android.systemui.widget.SystemUITextView{54f00bb V.ED..... ......ID 0,0-0,0 #7f0a03d7 app:id/digit_text}
04-26 11:50:51.727  3635  3635 D SystemUITextView: onAttachedToWindow mAttrCount = 7
04-26 11:50:51.727  3635  3635 D WallpaperEventNotifier: sendUpdates: typesTobeNotified = [ | | | BACKGROUND | ]
04-26 11:50:51.727  3635  3635 D SystemUITextView: updateStyle() flag=0,200 : com.android.systemui.widget.SystemUITextView{54f00bb V.ED..... ......ID 0,0-0,0 #7f0a03d7 app:id/digit_text}
04-26 11:50:51.727  3635  3635 D SFText  : clearAllTextEffect
04-26 11:50:51.728  3635  3635 W Settings: Setting accessibility_reduce_transparency has moved from android.provider.Settings.System to android.provider.Settings.Global, returning read-only global URI.
04-26 11:50:51.728  3635  3635 D SystemUITextView: mOriginalFontSizeDp 9.0  com.android.systemui.widget.SystemUITextView{409e131 V.ED..... ......ID 0,0-0,0 #7f0a0652 app:id/klondike_text}
04-26 11:50:51.728  3635  3635 D SystemUITextView: onAttachedToWindow mAttrCount = 7
04-26 11:50:51.728  3635  3635 D WallpaperEventNotifier: sendUpdates: typesTobeNotified = [ | | | BACKGROUND | ]
04-26 11:50:51.728  3635  3635 D SystemUITextView: updateStyle() flag=0,200 : com.android.systemui.widget.SystemUITextView{409e131 V.ED..... ......ID 0,0-0,0 #7f0a0652 app:id/klondike_text}
04-26 11:50:51.728  3635  3635 D SFText  : clearAllTextEffect
04-26 11:50:51.728  3635  3635 W Settings: Setting accessibility_reduce_transparency has moved from android.provider.Settings.System to android.provider.Settings.Global, returning read-only global URI.
04-26 11:50:51.728  3635  3635 D SystemUITextView: mOriginalFontSizeDp 26.0  com.android.systemui.widget.SystemUITextView{62ed97 V.ED..... ......ID 0,0-0,0 #7f0a03d7 app:id/digit_text}
04-26 11:50:51.728  3635  3635 D SystemUITextView: onAttachedToWindow mAttrCount = 7
04-26 11:50:51.728  3635  3635 D WallpaperEventNotifier: sendUpdates: typesTobeNotified = [ | | | BACKGROUND | ]
04-26 11:50:51.728  3635  3635 D SystemUITextView: updateStyle() flag=0,200 : com.android.systemui.widget.SystemUITextView{62ed97 V.ED..... ......ID 0,0-0,0 #7f0a03d7 app:id/digit_text}
04-26 11:50:51.728  3635  3635 D SFText  : clearAllTextEffect
04-26 11:50:51.728  3635  3635 W Settings: Setting accessibility_reduce_transparency has moved from android.provider.Settings.System to android.provider.Settings.Global, returning read-only global URI.
04-26 11:50:51.728  3635  3635 D SystemUITextView: mOriginalFontSizeDp 9.0  com.android.systemui.widget.SystemUITextView{6ea5f6d V.ED..... ......ID 0,0-0,0 #7f0a0652 app:id/klondike_text}
04-26 11:50:51.729  3635  3635 D SystemUITextView: onAttachedToWindow mAttrCount = 7
04-26 11:50:51.729  3635  3635 D WallpaperEventNotifier: sendUpdates: typesTobeNotified = [ | | | BACKGROUND | ]
04-26 11:50:51.729  3635  3635 D SystemUITextView: updateStyle() flag=0,200 : com.android.systemui.widget.SystemUITextView{6ea5f6d V.ED..... ......ID 0,0-0,0 #7f0a0652 app:id/klondike_text}
04-26 11:50:51.729  3635  3635 D SFText  : clearAllTextEffect
04-26 11:50:51.729  3635  3635 W Settings: Setting accessibility_reduce_transparency has moved from android.provider.Settings.System to android.provider.Settings.Global, returning read-only global URI.
04-26 11:50:51.729  1318  1318 I sysinput:Touch: writeInformation:249, OK
04-26 11:50:51.729  3635  3635 D SystemUITextView: mOriginalFontSizeDp 26.0  com.android.systemui.widget.SystemUITextView{45ecc33 V.ED..... ......ID 0,0-0,0 #7f0a03d7 app:id/digit_text}
04-26 11:50:51.729  3635  3635 D SystemUITextView: onAttachedToWindow mAttrCount = 7
04-26 11:50:51.729  3635  3635 D WallpaperEventNotifier: sendUpdates: typesTobeNotified = [ | | | BACKGROUND | ]
04-26 11:50:51.729  3635  3635 D SystemUITextView: updateStyle() flag=0,200 : com.android.systemui.widget.SystemUITextView{45ecc33 V.ED..... ......ID 0,0-0,0 #7f0a03d7 app:id/digit_text}
04-26 11:50:51.729  3635  3635 D SFText  : clearAllTextEffect
04-26 11:50:51.729  1643  2706 D SysinputHAL_V1_3(V1_2): runTspCmdNoRead(TSP(1)): set_grip_data,0,2,427,751 ret=0
04-26 11:50:51.729  3635  3635 W Settings: Setting accessibility_reduce_transparency has moved from android.provider.Settings.System to android.provider.Settings.Global, returning read-only global URI.
04-26 11:50:51.729  3635  3635 D SystemUITextView: mOriginalFontSizeDp 9.0  com.android.systemui.widget.SystemUITextView{3da8569 V.ED..... ......ID 0,0-0,0 #7f0a0652 app:id/klondike_text}
04-26 11:50:51.729  3635  3635 D SystemUITextView: onAttachedToWindow mAttrCount = 7
04-26 11:50:51.729  3635  3635 D WallpaperEventNotifier: sendUpdates: typesTobeNotified = [ | | | BACKGROUND | ]
04-26 11:50:51.729  3635  3635 D SystemUITextView: updateStyle() flag=0,200 : com.android.systemui.widget.SystemUITextView{3da8569 V.ED..... ......ID 0,0-0,0 #7f0a0652 app:id/klondike_text}
04-26 11:50:51.729  3635  3635 D SFText  : clearAllTextEffect
04-26 11:50:51.730  3635  3635 W Settings: Setting accessibility_reduce_transparency has moved from android.provider.Settings.System to android.provider.Settings.Global, returning read-only global URI.
04-26 11:50:51.730  3635  3635 D SystemUITextView: mOriginalFontSizeDp 26.0  com.android.systemui.widget.SystemUITextView{b2ff88f V.ED..... ......ID 0,0-0,0 #7f0a03d7 app:id/digit_text}
04-26 11:50:51.730  3635  3635 D SystemUITextView: onAttachedToWindow mAttrCount = 7
04-26 11:50:51.730  3635  3635 D WallpaperEventNotifier: sendUpdates: typesTobeNotified = [ | | | BACKGROUND | ]
04-26 11:50:51.730  3635  3635 D SystemUITextView: updateStyle() flag=0,200 : com.android.systemui.widget.SystemUITextView{b2ff88f V.ED..... ......ID 0,0-0,0 #7f0a03d7 app:id/digit_text}
04-26 11:50:51.730  3635  3635 D SFText  : clearAllTextEffect
04-26 11:50:51.730  3635  3635 W Settings: Setting accessibility_reduce_transparency has moved from android.provider.Settings.System to android.provider.Settings.Global, returning read-only global URI.
04-26 11:50:51.730  3635  3635 D SystemUITextView: mOriginalFontSizeDp 9.0  com.android.systemui.widget.SystemUITextView{e8d0f25 V.ED..... ......ID 0,0-0,0 #7f0a0652 app:id/klondike_text}
04-26 11:50:51.730  3635  3635 D SystemUITextView: onAttachedToWindow mAttrCount = 7
04-26 11:50:51.730  3635  3635 D WallpaperEventNotifier: sendUpdates: typesTobeNotified = [ | | | BACKGROUND | ]
04-26 11:50:51.730  3635  3635 D SystemUITextView: updateStyle() flag=0,200 : com.android.systemui.widget.SystemUITextView{e8d0f25 V.ED..... ......ID 0,0-0,0 #7f0a0652 app:id/klondike_text}
04-26 11:50:51.730  1430  1430 I SurfaceFlinger: RequestedLayer [Surface(name=WindowToken{a5563b8 typ[...]ation-leash of token_transform#14209] hidden!! flag  from(1) --> to(0)
04-26 11:50:51.730  1430  1430 E SurfaceFlinger: alpha changed 1.000 -> 0.000 - Surface(name=WindowToken{a5563b8 type=2000 android.os.BinderProxy@8875d15})/@0xcfded5 - animation-leash of token_transform#14209
04-26 11:50:51.730  3635  3635 D SFText  : clearAllTextEffect
04-26 11:50:51.730  1430  1430 I SurfaceFlinger: [LayerHierarchy{RequestedLayerState{WindowToken{a5563b8 type=2000 android.os.BinderProxy@8875d15}#96 parentId=14209} 1 children}] reparent to LayerHierarchy{RequestedLayerState{Surface(name=WindowToken{a5563b8 type=2000 android.os.BinderProxy@8875d15})/@0xcfded5 - animation-leash of token_transform#14209 parentId=17} 1 children}
04-26 11:50:51.730  1430  1430 I SurfaceFlinger: [LayerHierarchy{RequestedLayerState{Surface(name=WindowToken{a5563b8 type=2000 android.os.BinderProxy@8875d15})/@0xcfded5 - animation-leash of token_transform#14196} no children}] reparent to OffscreenRoot
04-26 11:50:51.730  1430  1430 I SurfaceFlinger: [LayerHierarchy{RequestedLayerState{Surface(name=WindowToken{a5563b8 type=2000 android.os.BinderProxy@8875d15})/@0xcfded5 - animation-leash of token_transform#14196} no children}] RelativeParent to null
04-26 11:50:51.731  3635  3635 W Settings: Setting accessibility_reduce_transparency has moved from android.provider.Settings.System to android.provider.Settings.Global, returning read-only global URI.
04-26 11:50:51.731  3635  3635 D SystemUITextView: mOriginalFontSizeDp 26.0  com.android.systemui.widget.SystemUITextView{63d8eab V.ED..... ......ID 0,0-0,0 #7f0a03d7 app:id/digit_text}
04-26 11:50:51.731  3635  3635 D SystemUITextView: onAttachedToWindow mAttrCount = 7
04-26 11:50:51.731  3635  3635 D WallpaperEventNotifier: sendUpdates: typesTobeNotified = [ | | | BACKGROUND | ]
04-26 11:50:51.731  3635  3635 D SystemUITextView: updateStyle() flag=0,200 : com.android.systemui.widget.SystemUITextView{63d8eab V.ED..... ......ID 0,0-0,0 #7f0a03d7 app:id/digit_text}
04-26 11:50:51.731  3635  3635 D SFText  : clearAllTextEffect
04-26 11:50:51.731  3635  3635 W Settings: Setting accessibility_reduce_transparency has moved from android.provider.Settings.System to android.provider.Settings.Global, returning read-only global URI.
04-26 11:50:51.731  3635  6815 I BLASTBufferQueue: [VRI[NavigationBar0]@aa0cee3#4](f:0,a:2,s:1) transactionCommittedCallback
04-26 11:50:51.731  3635  3635 D SystemUITextView: mOriginalFontSizeDp 9.0  com.android.systemui.widget.SystemUITextView{92478a1 V.ED..... ......ID 0,0-0,0 #7f0a0652 app:id/klondike_text}
04-26 11:50:51.731  3635  6815 I BLASTBufferQueue: [VRI[NavigationBar0]@aa0cee3#4](f:0,a:2,s:0) transactionCommittedCallback mSyncedFrameNumbers.erase(6409)
04-26 11:50:51.731  3635  3635 D SystemUITextView: onAttachedToWindow mAttrCount = 7
04-26 11:50:51.731  3635  3635 D WallpaperEventNotifier: sendUpdates: typesTobeNotified = [ | | | BACKGROUND | ]
04-26 11:50:51.731  3635  3635 D SystemUITextView: updateStyle() flag=0,200 : com.android.systemui.widget.SystemUITextView{92478a1 V.ED..... ......ID 0,0-0,0 #7f0a0652 app:id/klondike_text}
04-26 11:50:51.731  3635  3635 D SFText  : clearAllTextEffect
04-26 11:50:51.731  3635  4191 D VRI[ScreenDecorOverlay]@36e4a59: Setup new sync=wmsSync-VRI[ScreenDecorOverlay]@36e4a59#79
04-26 11:50:51.731  1430  2958 I SurfaceFlinger: id=14196 Removed Surface(name=WindowToken{a5563b8 type=2000 android.os.BinderProxy@8875d15})/@0xcfded5 - animation-leash of token_transform#14196 (165)
04-26 11:50:51.732  3635  4191 I VRI[ScreenDecorOverlay]@36e4a59: Creating new active sync group VRI[ScreenDecorOverlay]@36e4a59#80
04-26 11:50:51.732  3635  3635 W Settings: Setting accessibility_reduce_transparency has moved from android.provider.Settings.System to android.provider.Settings.Global, returning read-only global URI.
04-26 11:50:51.732  3635  3635 D SystemUITextView: mOriginalFontSizeDp 26.0  com.android.systemui.widget.SystemUITextView{5899d52 V.ED..... ......ID 0,0-0,0 #7f0a03d7 app:id/digit_text}
04-26 11:50:51.732  3635  3635 D SystemUITextView: onAttachedToWindow mAttrCount = 7
04-26 11:50:51.732  3635  3635 D WallpaperEventNotifier: sendUpdates: typesTobeNotified = [ | | | BACKGROUND | ]
04-26 11:50:51.732  3635  3635 D SystemUITextView: updateStyle() flag=0,200 : com.android.systemui.widget.SystemUITextView{5899d52 V.ED..... ......ID 0,0-0,0 #7f0a03d7 app:id/digit_text}
04-26 11:50:51.732  3635  3635 D SFText  : clearAllTextEffect
04-26 11:50:51.732  3635  3635 W Settings: Setting accessibility_reduce_transparency has moved from android.provider.Settings.System to android.provider.Settings.Global, returning read-only global URI.
04-26 11:50:51.732  3635  3635 D SystemUITextView: mOriginalFontSizeDp 9.0  com.android.systemui.widget.SystemUITextView{3d4f120 V.ED..... ......ID 0,0-0,0 #7f0a0652 app:id/klondike_text}
04-26 11:50:51.732  3635  3635 D SystemUITextView: onAttachedToWindow mAttrCount = 7
04-26 11:50:51.732  3635  3635 D WallpaperEventNotifier: sendUpdates: typesTobeNotified = [ | | | BACKGROUND | ]
04-26 11:50:51.732  3635  3635 D SystemUITextView: updateStyle() flag=0,200 : com.android.systemui.widget.SystemUITextView{3d4f120 V.ED..... ......ID 0,0-0,0 #7f0a0652 app:id/klondike_text}
04-26 11:50:51.732  3635  3635 D SFText  : clearAllTextEffect
04-26 11:50:51.732  3635  3635 W Settings: Setting accessibility_reduce_transparency has moved from android.provider.Settings.System to android.provider.Settings.Global, returning read-only global URI.
04-26 11:50:51.732  3635  4191 D VRI[ScreenDecorOverlay]@36e4a59: registerCallbacksForSync syncBuffer=false
04-26 11:50:51.732  3635  3635 D SystemUITextView: mOriginalFontSizeDp 26.0  com.android.systemui.widget.SystemUITextView{5803c9e V.ED..... ......ID 0,0-0,0 #7f0a03d7 app:id/digit_text}
04-26 11:50:51.732  1643  5612 I WindowManager: Relayout Window{6631aa7 u0 com.sec.android.app.launcher/com.samsung.app.honeyspace.edge.edgepanel.app.CocktailBarService}: viewVisibility=0 req=67x324 ty=2226 d0
04-26 11:50:51.732  3635  3635 D SystemUITextView: onAttachedToWindow mAttrCount = 7
04-26 11:50:51.732  3635  3635 D WallpaperEventNotifier: sendUpdates: typesTobeNotified = [ | | | BACKGROUND | ]
04-26 11:50:51.732  3635  3635 D SystemUITextView: updateStyle() flag=0,200 : com.android.systemui.widget.SystemUITextView{5803c9e V.ED..... ......ID 0,0-0,0 #7f0a03d7 app:id/digit_text}
04-26 11:50:51.732  3635  3635 D SFText  : clearAllTextEffect
04-26 11:50:51.732  3635  3635 W Settings: Setting accessibility_reduce_transparency has moved from android.provider.Settings.System to android.provider.Settings.Global, returning read-only global URI.
04-26 11:50:51.732  1430  1473 I SurfaceFlinger: id=14210 createSurf, flag=44004, com.sec.android.app.launcher/com.samsung.app.honeyspace.edge.edgepanel.app.CocktailBarService$_4074#14210
04-26 11:50:51.732  3635  3737 D VRI[ScreenDecorOverlay]@36e4a59: Received frameDrawingCallback syncResult=0 frameNum=936.
04-26 11:50:51.732  3635  3635 D SystemUITextView: mOriginalFontSizeDp 9.0  com.android.systemui.widget.SystemUITextView{1e7ff4c V.ED..... ......ID 0,0-0,0 #7f0a0652 app:id/klondike_text}
04-26 11:50:51.732  3635  3737 I VRI[ScreenDecorOverlay]@36e4a59: Setting up sync and frameCommitCallback
04-26 11:50:51.733  3635  3635 D SystemUITextView: onAttachedToWindow mAttrCount = 7
04-26 11:50:51.733  3635  3635 D WallpaperEventNotifier: sendUpdates: typesTobeNotified = [ | | | BACKGROUND | ]
04-26 11:50:51.733  3635  3635 D SystemUITextView: updateStyle() flag=0,200 : com.android.systemui.widget.SystemUITextView{1e7ff4c V.ED..... ......ID 0,0-0,0 #7f0a0652 app:id/klondike_text}
04-26 11:50:51.733  3635  3635 D SFText  : clearAllTextEffect
04-26 11:50:51.733  1643  5612 D WindowManager: makeSurface duration=0 name=com.sec.android.app.launcher/com.samsung.app.honeyspace.edge.edgepanel.app.CocktailBarService$_4074
04-26 11:50:51.733  3635  3635 W Settings: Setting accessibility_reduce_transparency has moved from android.provider.Settings.System to android.provider.Settings.Global, returning read-only global URI.
04-26 11:50:51.733  3635  3635 D SystemUITextView: mOriginalFontSizeDp 26.0  com.android.systemui.widget.SystemUITextView{1af84aa V.ED..... ......ID 0,0-0,0 #7f0a03d7 app:id/digit_text}
04-26 11:50:51.733  3635  3635 D SystemUITextView: onAttachedToWindow mAttrCount = 7
04-26 11:50:51.733  3635  3635 D WallpaperEventNotifier: sendUpdates: typesTobeNotified = [ | | | BACKGROUND | ]
04-26 11:50:51.733  3635  3635 D SystemUITextView: updateStyle() flag=0,200 : com.android.systemui.widget.SystemUITextView{1af84aa V.ED..... ......ID 0,0-0,0 #7f0a03d7 app:id/digit_text}
04-26 11:50:51.733  3635  3635 D SFText  : clearAllTextEffect
04-26 11:50:51.733  1643  5612 D SurfaceComposerClient: setCornerRadius ## 2ec2b6 com.sec.android.app.launcher/com.sec.android.app.launcher.activities.LauncherActivity#134 cornerRadius=0.000000
04-26 11:50:51.733  3635  3635 W Settings: Setting accessibility_reduce_transparency has moved from android.provider.Settings.System to android.provider.Settings.Global, returning read-only global URI.
04-26 11:50:51.733  3635  3635 D SystemUITextView: mOriginalFontSizeDp 9.0  com.android.systemui.widget.SystemUITextView{23bc438 V.ED..... ......ID 0,0-0,0 #7f0a0652 app:id/klondike_text}
04-26 11:50:51.733  3635  3635 D SystemUITextView: onAttachedToWindow mAttrCount = 7
04-26 11:50:51.733  3635  3635 D WallpaperEventNotifier: sendUpdates: typesTobeNotified = [ | | | BACKGROUND | ]
04-26 11:50:51.733  3635  3635 D SystemUITextView: updateStyle() flag=0,200 : com.android.systemui.widget.SystemUITextView{23bc438 V.ED..... ......ID 0,0-0,0 #7f0a0652 app:id/klondike_text}
04-26 11:50:51.733  3635  3635 D SFText  : clearAllTextEffect
04-26 11:50:51.733  1643  5612 D SurfaceComposerClient: setCornerRadius ## 2ec2b6 com.sec.android.app.launcher/com.sec.android.app.launcher.activities.LauncherActivity#134 cornerRadius=0.000000
04-26 11:50:51.733  3635  3635 W Settings: Setting accessibility_reduce_transparency has moved from android.provider.Settings.System to android.provider.Settings.Global, returning read-only global URI.
04-26 11:50:51.733  3635  3635 D SystemUITextView: mOriginalFontSizeDp 26.0  com.android.systemui.widget.SystemUITextView{dd94176 V.ED..... ......ID 0,0-0,0 #7f0a03d7 app:id/digit_text}
04-26 11:50:51.733  3635  3635 D SystemUITextView: onAttachedToWindow mAttrCount = 7
04-26 11:50:51.733  3635  3635 D WallpaperEventNotifier: sendUpdates: typesTobeNotified = [ | | | BACKGROUND | ]
04-26 11:50:51.733  3635  3635 D SystemUITextView: updateStyle() flag=0,200 : com.android.systemui.widget.SystemUITextView{dd94176 V.ED..... ......ID 0,0-0,0 #7f0a03d7 app:id/digit_text}
04-26 11:50:51.733  3635  3635 D SFText  : clearAllTextEffect
04-26 11:50:51.733  3635  3635 W Settings: Setting accessibility_reduce_transparency has moved from android.provider.Settings.System to android.provider.Settings.Global, returning read-only global URI.
04-26 11:50:51.733  3635  3635 D SystemUITextView: mOriginalFontSizeDp 9.0  com.android.systemui.widget.SystemUITextView{c04ebe4 V.ED..... ......ID 0,0-0,0 #7f0a0652 app:id/klondike_text}
04-26 11:50:51.733  3635  3635 D SystemUITextView: onAttachedToWindow mAttrCount = 7
04-26 11:50:51.734  3635  3635 D WallpaperEventNotifier: sendUpdates: typesTobeNotified = [ | | | BACKGROUND | ]
04-26 11:50:51.734  3635  3635 D SystemUITextView: updateStyle() flag=0,200 : com.android.systemui.widget.SystemUITextView{c04ebe4 V.ED..... ......ID 0,0-0,0 #7f0a0652 app:id/klondike_text}
04-26 11:50:51.734  3635  3739 I VRI[ScreenDecorOverlay]@36e4a59: Received frameCommittedCallback lastAttemptedDrawFrameNum=936 didProduceBuffer=true
04-26 11:50:51.734  3635  3635 D SFText  : clearAllTextEffect
04-26 11:50:51.734  3635  4191 D VRI[ScreenDecorOverlay]@36e4a59: reportDrawFinished seqId=256
04-26 11:50:51.734  3635  3635 D DisplayLifecycle: updateDisplay id = 0
04-26 11:50:51.734  1643  5613 D WindowManager: finishDrawingWindow: Window{96d0293 u0 ScreenDecorOverlay} mDrawState=HAS_DRAWN seqId=256
04-26 11:50:51.734  1643  5612 I WindowManager: Relayout hash=6631aa7, pid=4074, syncId=-1: mAttrs={(0,427)(67x324) gr=TOP RIGHT CENTER sim={adjust=nothing forwardNavigation} layoutInDisplayCutoutMode=always ty=2226 fmt=TRANSPARENT
04-26 11:50:51.734  1643  5612 I WindowManager:   fl=81800108
04-26 11:50:51.734  1643  5612 I WindowManager:   pfl=10000070
04-26 11:50:51.734  1643  5612 I WindowManager:   apr=10
04-26 11:50:51.734  1643  5612 I WindowManager:   bhv=1
04-26 11:50:51.734  1643  5612 I WindowManager:   frameRateBoostOnTouch=true
04-26 11:50:51.734  1643  5612 I WindowManager:   dvrrWindowFrameRateHint=true
04-26 11:50:51.734  1643  5612 I WindowManager:  dimAmount=0.0 dimDuration=0 naviIconColor=0
04-26 11:50:51.734  1643  5612 I WindowManager:   sfl=20000}
04-26 11:50:51.734  1643  1709 D SurfaceComposerClient: setCornerRadius ## 2ec2b6 com.sec.android.app.launcher/com.sec.android.app.launcher.activities.LauncherActivity#134 cornerRadius=0.000000
04-26 11:50:51.734  1643  1709 D SurfaceComposerClient: setCornerRadius ## 2ec2b6 com.sec.android.app.launcher/com.sec.android.app.launcher.activities.LauncherActivity#134 cornerRadius=0.000000
04-26 11:50:51.734  1643  5612 D WifiDisplayAdapter: getWifiDisplayStatusLocked: result=WifiDisplayStatus{featureState=2, scanState=0, activeDisplayState=0, activeDisplay=null, displays=[], sessionInfo=WifiDisplaySessionInfo:
04-26 11:50:51.734  1643  5612 D WifiDisplayAdapter:     Client/Owner: Client
04-26 11:50:51.734  1643  5612 D WifiDisplayAdapter:     GroupId: 
04-26 11:50:51.734  1643  5612 D WifiDisplayAdapter:     Passphrase: 
04-26 11:50:51.734  1643  5612 D WifiDisplayAdapter:     SessionId: 0
04-26 11:50:51.734  1643  5612 D WifiDisplayAdapter:     IP Address: }
04-26 11:50:51.735  3635  3635 W ConstraintSet: id unknown bouncer_status_bar_area_root
04-26 11:50:51.735  3635  3635 W ConstraintSet: id unknown keyguard_arrow_view
04-26 11:50:51.735  3635  3635 W ConstraintSet: id unknown keyguard_punch_hole_vi_view
04-26 11:50:51.735  3635  3635 W ConstraintSet: id unknown keyguard_biometric_view
04-26 11:50:51.735  3635  3635 W ConstraintSet: id unknown view_flipper
04-26 11:50:51.735  3635  3635 W ConstraintSet: id unknown bouncer_status_bar_area_root
04-26 11:50:51.735  3635  3635 W ConstraintSet: id unknown keyguard_arrow_view
04-26 11:50:51.735  3635  3635 W ConstraintSet: id unknown keyguard_punch_hole_vi_view
04-26 11:50:51.735  4074  4074 W libc    : Access denied finding property "vendor.display.enable_optimal_refresh_rate"
04-26 11:50:51.735  4074  4074 I BufferQueueProducer: [](id:fea0000020f,api:0,p:1750129552,c:4074) setDequeueTimeout:2077252342
04-26 11:50:51.735  3635  3635 D SystemUIImageView: apply style: white-bg
04-26 11:50:51.735  3635  3635 E SystemUIImageView: white-bg res invalid = 0
04-26 11:50:51.735  3635  3635 I VRI[ScreenDecorOverlayBottom]@5cfdb01: Resizing android.view.ViewRootImpl@eb1ff18: frame = [0,2219][1080,2340] reportDraw = true forceLayout = false syncSeqId = -1
04-26 11:50:51.735  3635  3635 I LockscreenNotificationIconsOnlyController: onNotificationInfoUpdated 0
04-26 11:50:51.735  3635  4191 I VRI[ScreenDecorOverlayBottom]@5cfdb01: handleResized, frames=ClientWindowFrames{frame=[0,2219][1080,2340] display=[0,0][1080,2340] parentFrame=[0,0][0,0]} displayId=0 dragResizing=false compatScale=1.0 frameChanged=false attachedFrameChanged=false configChanged=false displayChanged=false compatScaleChanged=false dragResizingChanged=false
04-26 11:50:51.735  3635  4191 I VRI[ScreenDecorOverlayBottom]@5cfdb01: handleResized mSyncSeqId = 180
04-26 11:50:51.735  4074  4074 I BLASTBufferQueue_Java: new BLASTBufferQueue, mName= VRI[CocktailBarService]@2afa905 mNativeObject= 0xb400007948595c20 caller= android.view.ViewRootImpl.updateBlastSurfaceIfNeeded:3585 android.view.ViewRootImpl.relayoutWindow:11685 android.view.ViewRootImpl.performTraversals:4804 android.view.ViewRootImpl.doTraversal:3924 android.view.ViewRootImpl$TraversalRunnable.run:12903 android.view.Choreographer$CallbackRecord.run:1901 android.view.Choreographer$CallbackRecord.run:1910 android.view.Choreographer.doCallbacks:1367 android.view.Choreographer.doFrame:1292 android.view.Choreographer$FrameDisplayEventReceiver.run:1870 
04-26 11:50:51.735  3635  3635 I AODNotificationManager: updateNotification() 
04-26 11:50:51.735  3635  4191 D VRI[ScreenDecorOverlayBottom]@5cfdb01: reportNextDraw android.view.ViewRootImpl.handleResized:2983 android.view.ViewRootImpl.-$$Nest$mhandleResized:0 android.view.ViewRootImpl$ViewRootHandler.handleMessageImpl:8341 android.view.ViewRootImpl$ViewRootHandler.handleMessage:8301 android.os.Handler.dispatchMessage:110 
04-26 11:50:51.735  4074  4074 I BLASTBufferQueue_Java: update, w= 67 h= 324 mName = VRI[CocktailBarService]@2afa905 mNativeObject= 0xb400007948595c20 sc.mNativeObject= 0xb4000078484e2b90 format= -2 caller= android.view.ViewRootImpl.updateBlastSurfaceIfNeeded:3590 android.view.ViewRootImpl.relayoutWindow:11685 android.view.ViewRootImpl.performTraversals:4804 android.view.ViewRootImpl.doTraversal:3924 android.view.ViewRootImpl$TraversalRunnable.run:12903 android.view.Choreographer$CallbackRecord.run:1901 
04-26 11:50:51.735  4074  4074 W libc    : Access denied finding property "vendor.display.enable_optimal_refresh_rate"
04-26 11:50:51.736  4074  4074 I VRI[CocktailBarService]@2afa905: Relayout returned: old=(2273,427,2340,751) new=(1013,427,1080,751) relayoutAsync=false req=(67,324)0 dur=3 res=0x3 s={true 0xb400007898558ca0} ch=true seqId=0
04-26 11:50:51.736  3635  3635 W RefactorFlag: New code path expects SceneContainerFlag to be enabled.
04-26 11:50:51.737  3635  3635 D VRI[NavigationBar0]@aa0cee3: cancelDraw returned false
04-26 11:50:51.737  3635  3635 D NavBarStateManager: NavBarStates(0) canUseNavBarBackgroundFrame: false
04-26 11:50:51.737  4074  4074 I VRI[CocktailBarService]@2afa905: Creating new active sync group VRI[CocktailBarService]@2afa905#87
04-26 11:50:51.737  1643  5612 D SurfaceComposerClient: setCornerRadius ## 2ec2b6 com.sec.android.app.launcher/com.sec.android.app.launcher.activities.LauncherActivity#134 cornerRadius=0.000000
04-26 11:50:51.738  1643  5612 D SurfaceComposerClient: setCornerRadius ## 2ec2b6 com.sec.android.app.launcher/com.sec.android.app.launcher.activities.LauncherActivity#134 cornerRadius=0.000000
04-26 11:50:51.738  4074  5840 I VRI[CocktailBarService]@2afa905: mWNT: t=0xb400007908521910 mBlastBufferQueue=0xb400007948595c20 fn= 1 HdrRenderState mRenderHdrSdrRatio=1.0 caller= android.view.ViewRootImpl$12.onFrameDraw:15441 android.view.ThreadedRenderer$1.onFrameDraw:718 <bottom of call stack> 
04-26 11:50:51.738  4074  5840 I VRI[CocktailBarService]@2afa905: Setting up sync and frameCommitCallback
